nohup: ignoring input
Magma V2.29-3     Mon Jul  6 2026 08:08:48 on borona   [Seed = 671657862]
Type ? for help.  Type <Ctrl>-D to quit.

Loading file "scratch.m"
Loading "write_forms.m"
Loading "homology_torsion.m"
Computing H_1 to find nonliftable forms
Finished computing H_1
Bianchi cohomology space of weight Bianchi weight (0 0) in characteristic 2 and 
level 891.4 of dimension 50
Bianchi cohomology space of weight Bianchi weight (0 0) in characteristic 3 and 
level 891.4 of dimension 36
Bianchi cohomology space of weight Bianchi weight (0 0) in characteristic 5 and 
level 891.4 of dimension 32

Wrote class to file!


Bianchi cohomology space of weight Bianchi weight (0 0) in characteristic 2 and 
level 891.1 of dimension 29
Bianchi cohomology space of weight Bianchi weight (0 0) in characteristic 3 and 
level 891.1 of dimension 25
Bianchi cohomology space of weight Bianchi weight (0 0) in characteristic 7 and 
level 891.1 of dimension 20

Wrote class to file!


Bianchi cohomology space of weight Bianchi weight (0 0) in characteristic 2 and 
level 891.3 of dimension 56

Bianchi cohomology space of weight Bianchi weight (0 0) in characteristic 2 and 
level 892.1 of dimension 8
error: 
ComputeNonliftable(
    d: 11
)
EigenformGaloisRepresentatives(
    B: Bianchi cohomology space of weight Bianchi weight (0 0) in c...
)
Eigenforms(
    B: Bianchi cohomology space of weight Bianchi weight (0 0) in c...
)
CommonGeneralizedEigenspaces(
    A: [ [1 0 0 0 1 0 0 1] [0 1 0 0 1 1 0 0] [0 0 1 0 0 0 0 0] [0 0...
)
CommonEigenspaces(
    Q: [ [    1     0     0     0     1     0     0     1] [    0  ...
)
In file "/usr/sms/share/magma/n/package/Algebra/AlgMat/General/diagonal.m", line
61, column 15:
>>         Append(~eigvals_, ev cat [e[1]]);
                 ^
Runtime error in 'Append': Cannot coerce element into the universe

Bianchi cohomology space of weight Bianchi weight (0 0) in characteristic 3 and 
level 892.1 of dimension 6

Wrote class to file!

Bianchi cohomology space of weight Bianchi weight (0 0) in characteristic 17 and
level 892.1 of dimension 1

Wrote class to file!

Bianchi cohomology space of weight Bianchi weight (0 0) in characteristic 37 and
level 892.1 of dimension 1
Bianchi cohomology space of weight Bianchi weight (0 0) in characteristic 719 
and level 892.1 of dimension 2
Bianchi cohomology space of weight Bianchi weight (0 0) in characteristic 1499 
and level 892.1 of dimension 1

Wrote class to file!

Bianchi cohomology space of weight Bianchi weight (0 0) in characteristic 63103 
and level 892.1 of dimension 1

Wrote class to file!


Bianchi cohomology space of weight Bianchi weight (0 0) in characteristic 2 and 
level 895.2 of dimension 5
Bianchi cohomology space of weight Bianchi weight (0 0) in characteristic 3 and 
level 895.2 of dimension 1

Wrote class to file!

Bianchi cohomology space of weight Bianchi weight (0 0) in characteristic 11 and
level 895.2 of dimension 4
Bianchi cohomology space of weight Bianchi weight (0 0) in characteristic 13 and
level 895.2 of dimension 2
Bianchi cohomology space of weight Bianchi weight (0 0) in characteristic 29 and
level 895.2 of dimension 1

Wrote class to file!

Bianchi cohomology space of weight Bianchi weight (0 0) in characteristic 89 and
level 895.2 of dimension 1
Bianchi cohomology space of weight Bianchi weight (0 0) in characteristic 22871 
and level 895.2 of dimension 1

Wrote class to file!

Bianchi cohomology space of weight Bianchi weight (0 0) in characteristic 167663
and level 895.2 of dimension 1

Wrote class to file!


Bianchi cohomology space of weight Bianchi weight (0 0) in characteristic 2 and 
level 895.4 of dimension 9
Bianchi cohomology space of weight Bianchi weight (0 0) in characteristic 11 and
level 895.4 of dimension 4
Bianchi cohomology space of weight Bianchi weight (0 0) in characteristic 13 and
level 895.4 of dimension 2
Bianchi cohomology space of weight Bianchi weight (0 0) in characteristic 29 and
level 895.4 of dimension 1

Wrote class to file!

Bianchi cohomology space of weight Bianchi weight (0 0) in characteristic 59 and
level 895.4 of dimension 1

Wrote class to file!

Bianchi cohomology space of weight Bianchi weight (0 0) in characteristic 89 and
level 895.4 of dimension 1
Bianchi cohomology space of weight Bianchi weight (0 0) in characteristic 179 
and level 895.4 of dimension 1

Wrote class to file!

Bianchi cohomology space of weight Bianchi weight (0 0) in characteristic 367 
and level 895.4 of dimension 1

Wrote class to file!


Bianchi cohomology space of weight Bianchi weight (0 0) in characteristic 2 and 
level 900.4 of dimension 57
Bianchi cohomology space of weight Bianchi weight (0 0) in characteristic 3 and 
level 900.4 of dimension 31
Bianchi cohomology space of weight Bianchi weight (0 0) in characteristic 5 and 
level 900.4 of dimension 27

Bianchi cohomology space of weight Bianchi weight (0 0) in characteristic 2 and 
level 900.7 of dimension 43
Bianchi cohomology space of weight Bianchi weight (0 0) in characteristic 3 and 
level 900.7 of dimension 39
Bianchi cohomology space of weight Bianchi weight (0 0) in characteristic 5 and 
level 900.7 of dimension 34

Wrote class to file!


Bianchi cohomology space of weight Bianchi weight (0 0) in characteristic 2 and 
level 900.1 of dimension 29
Bianchi cohomology space of weight Bianchi weight (0 0) in characteristic 3 and 
level 900.1 of dimension 36

Wrote class to file!


Wrote class to file!

Bianchi cohomology space of weight Bianchi weight (0 0) in characteristic 5 and 
level 900.1 of dimension 24
Bianchi cohomology space of weight Bianchi weight (0 0) in characteristic 7 and 
level 900.1 of dimension 23

Wrote class to file!


Bianchi cohomology space of weight Bianchi weight (0 0) in characteristic 2 and 
level 900.2 of dimension 53
Bianchi cohomology space of weight Bianchi weight (0 0) in characteristic 3 and 
level 900.2 of dimension 33
Bianchi cohomology space of weight Bianchi weight (0 0) in characteristic 5 and 
level 900.2 of dimension 17
Bianchi cohomology space of weight Bianchi weight (0 0) in characteristic 7 and 
level 900.2 of dimension 17

Bianchi cohomology space of weight Bianchi weight (0 0) in characteristic 2 and 
level 900.5 of dimension 100
Bianchi cohomology space of weight Bianchi weight (0 0) in characteristic 3 and 
level 900.5 of dimension 27



Total time: 187645.380 seconds, Total memory usage: 4494.69MB
176741.63user 10903.89system 52:07:27elapsed 99%CPU (0avgtext+0avgdata 4591740maxresident)k
0inputs+752outputs (0major+4477874427minor)pagefaults 0swaps
