nohup: ignoring input
Magma V2.29-3     Mon Jul  6 2026 08:05:33 on borona   [Seed = 3181198025]
Type ? for help.  Type <Ctrl>-D to quit.

Loading file "scratch.m"
Loading "write_forms.m"
Loading "homology_torsion.m"
Computing H_1 to find nonliftable forms
Finished computing H_1
Bianchi cohomology space of weight Bianchi weight (0 0) in characteristic 2 and 
level 815.1 of dimension 7
Bianchi cohomology space of weight Bianchi weight (0 0) in characteristic 3 and 
level 815.1 of dimension 2

Wrote class to file!

Bianchi cohomology space of weight Bianchi weight (0 0) in characteristic 5 and 
level 815.1 of dimension 1

Wrote class to file!

Bianchi cohomology space of weight Bianchi weight (0 0) in characteristic 23 and
level 815.1 of dimension 1

Wrote class to file!

Bianchi cohomology space of weight Bianchi weight (0 0) in characteristic 139 
and level 815.1 of dimension 1

Wrote class to file!

Bianchi cohomology space of weight Bianchi weight (0 0) in characteristic 331 
and level 815.1 of dimension 1

Wrote class to file!


Bianchi cohomology space of weight Bianchi weight (0 0) in characteristic 2 and 
level 815.3 of dimension 5
Bianchi cohomology space of weight Bianchi weight (0 0) in characteristic 3 and 
level 815.3 of dimension 1
Bianchi cohomology space of weight Bianchi weight (0 0) in characteristic 5 and 
level 815.3 of dimension 1

Wrote class to file!

Bianchi cohomology space of weight Bianchi weight (0 0) in characteristic 251 
and level 815.3 of dimension 1

Wrote class to file!

Bianchi cohomology space of weight Bianchi weight (0 0) in characteristic 3557 
and level 815.3 of dimension 1

Wrote class to file!




Total time: 35670.779 seconds, Total memory usage: 1874.41MB
35663.68user 7.14system 9:54:31elapsed 99%CPU (0avgtext+0avgdata 1877840maxresident)k
0inputs+232outputs (0major+3133986minor)pagefaults 0swaps
