nohup: ignoring input
Magma V2.29-3     Fri Jul  3 2026 15:59:47 on escona   [Seed = 456532050]
Type ? for help.  Type <Ctrl>-D to quit.

Loading file "scratch.m"
Loading "write_forms.m"
Loading "homology_torsion.m"
Computing H_1 to find nonliftable forms
Finished computing H_1
Bianchi cohomology space of weight Bianchi weight (0 0) in characteristic 2 and 
level 901.3 of dimension 5
Bianchi cohomology space of weight Bianchi weight (0 0) in characteristic 3 and 
level 901.3 of dimension 1
Bianchi cohomology space of weight Bianchi weight (0 0) in characteristic 13 and
level 901.3 of dimension 1

Bianchi cohomology space of weight Bianchi weight (0 0) in characteristic 2 and 
level 901.1 of dimension 5
Bianchi cohomology space of weight Bianchi weight (0 0) in characteristic 3 and 
level 901.1 of dimension 2
Bianchi cohomology space of weight Bianchi weight (0 0) in characteristic 13 and
level 901.1 of dimension 1
Bianchi cohomology space of weight Bianchi weight (0 0) in characteristic 61 and
level 901.1 of dimension 1

Wrote class to file!


Bianchi cohomology space of weight Bianchi weight (0 0) in characteristic 2 and 
level 904.1 of dimension 10
Bianchi cohomology space of weight Bianchi weight (0 0) in characteristic 5 and 
level 904.1 of dimension 2

Wrote class to file!

Bianchi cohomology space of weight Bianchi weight (0 0) in characteristic 7 and 
level 904.1 of dimension 2

Bianchi cohomology space of weight Bianchi weight (0 0) in characteristic 2 and 
level 905.2 of dimension 4
Bianchi cohomology space of weight Bianchi weight (0 0) in characteristic 3 and 
level 905.2 of dimension 3
Bianchi cohomology space of weight Bianchi weight (0 0) in characteristic 5 and 
level 905.2 of dimension 1
Bianchi cohomology space of weight Bianchi weight (0 0) in characteristic 13 and
level 905.2 of dimension 1

Wrote class to file!


Bianchi cohomology space of weight Bianchi weight (0 0) in characteristic 2 and 
level 905.1 of dimension 4
Bianchi cohomology space of weight Bianchi weight (0 0) in characteristic 3 and 
level 905.1 of dimension 3
Bianchi cohomology space of weight Bianchi weight (0 0) in characteristic 5 and 
level 905.1 of dimension 1

Bianchi cohomology space of weight Bianchi weight (0 0) in characteristic 2 and 
level 909.1 of dimension 4
Bianchi cohomology space of weight Bianchi weight (0 0) in characteristic 5 and 
level 909.1 of dimension 2

Wrote class to file!

Bianchi cohomology space of weight Bianchi weight (0 0) in characteristic 29 and
level 909.1 of dimension 1

Wrote class to file!




Total time: 34950.709 seconds, Total memory usage: 1005.72MB
34946.61user 4.13system 9:42:30elapsed 99%CPU (0avgtext+0avgdata 1055596maxresident)k
0inputs+280outputs (0major+2970531minor)pagefaults 0swaps
