nohup: ignoring input
Magma V2.29-3     Fri Jul  3 2026 16:06:13 on verona   [Seed = 4158309159]
Type ? for help.  Type <Ctrl>-D to quit.

Loading file "scratch.m"
Loading "write_forms.m"
Loading "homology_torsion.m"
Computing H_1 to find nonliftable forms
Finished computing H_1
Bianchi cohomology space of weight Bianchi weight (0 0) in characteristic 2 and 
level 976.2 of dimension 7
Bianchi cohomology space of weight Bianchi weight (0 0) in characteristic 3 and 
level 976.2 of dimension 2

Wrote class to file!

Bianchi cohomology space of weight Bianchi weight (0 0) in characteristic 5 and 
level 976.2 of dimension 2

Wrote class to file!

Bianchi cohomology space of weight Bianchi weight (0 0) in characteristic 7 and 
level 976.2 of dimension 3

Bianchi cohomology space of weight Bianchi weight (0 0) in characteristic 2 and 
level 977.1 of dimension 4
Bianchi cohomology space of weight Bianchi weight (0 0) in characteristic 61 and
level 977.1 of dimension 1

Bianchi cohomology space of weight Bianchi weight (0 0) in characteristic 2 and 
level 980.2 of dimension 14
Bianchi cohomology space of weight Bianchi weight (0 0) in characteristic 5 and 
level 980.2 of dimension 6



Total time: 16091.159 seconds, Total memory usage: 1736.62MB
16075.97user 15.27system 4:28:40elapsed 99%CPU (0avgtext+0avgdata 1804844maxresident)k
11480inputs+136outputs (1major+7324966minor)pagefaults 0swaps
