nohup: ignoring input
Magma V2.29-3     Fri Jul  3 2026 13:29:21 on albona   [Seed = 2462052508]
Type ? for help.  Type <Ctrl>-D to quit.

Loading file "scratch.m"
Loading "write_forms.m"
Loading "homology_torsion.m"
Computing H_1 to find nonliftable forms
Finished computing H_1
Bianchi cohomology space of weight Bianchi weight (0 0) in characteristic 2 and 
level 961.1 of dimension 14
error: 
ComputeNonliftable(
    d: 7
)
EigenformGaloisRepresentatives(
    B: Bianchi cohomology space of weight Bianchi weight (0 0) in c...
)
Eigenforms(
    B: Bianchi cohomology space of weight Bianchi weight (0 0) in c...
)
CommonGeneralizedEigenspaces(
    A: [ [0 0 0 1 1 0 0 0 1 1 1 1 0 1] [0 0 0 0 1 0 0 1 0 1 1 0 1 0...
)
CommonEigenspaces(
    Q: [ [0 0 0 1 1 0 0 0 1 1 1 1 0 1] [0 0 0 0 1 0 0 1 0 1 1 0 1 0...
)
In file "/usr/sms/share/magma/n/package/Algebra/AlgMat/General/diagonal.m", line
61, column 15:
>>         Append(~eigvals_, ev cat [e[1]]);
                 ^
Runtime error in 'Append': Cannot coerce element into the universe

Bianchi cohomology space of weight Bianchi weight (0 0) in characteristic 3 and 
level 961.1 of dimension 3
Bianchi cohomology space of weight Bianchi weight (0 0) in characteristic 23 and
level 961.1 of dimension 4

Wrote class to file!


Wrote class to file!

Bianchi cohomology space of weight Bianchi weight (0 0) in characteristic 31 and
level 961.1 of dimension 4

Wrote class to file!


Wrote class to file!


Bianchi cohomology space of weight Bianchi weight (0 0) in characteristic 2 and 
level 963.1 of dimension 5
Bianchi cohomology space of weight Bianchi weight (0 0) in characteristic 5 and 
level 963.1 of dimension 1

Wrote class to file!

Bianchi cohomology space of weight Bianchi weight (0 0) in characteristic 17 and
level 963.1 of dimension 3

Wrote class to file!

Bianchi cohomology space of weight Bianchi weight (0 0) in characteristic 23 and
level 963.1 of dimension 1

Wrote class to file!

Bianchi cohomology space of weight Bianchi weight (0 0) in characteristic 53 and
level 963.1 of dimension 1
Bianchi cohomology space of weight Bianchi weight (0 0) in characteristic 59 and
level 963.1 of dimension 1

Wrote class to file!

Bianchi cohomology space of weight Bianchi weight (0 0) in characteristic 157 
and level 963.1 of dimension 1

Wrote class to file!


Bianchi cohomology space of weight Bianchi weight (0 0) in characteristic 2 and 
level 967.1 of dimension 2
Bianchi cohomology space of weight Bianchi weight (0 0) in characteristic 3 and 
level 967.1 of dimension 1
Bianchi cohomology space of weight Bianchi weight (0 0) in characteristic 7 and 
level 967.1 of dimension 1
Bianchi cohomology space of weight Bianchi weight (0 0) in characteristic 23 and
level 967.1 of dimension 1
Bianchi cohomology space of weight Bianchi weight (0 0) in characteristic 
796255501 and level 967.1 of dimension 1

Wrote class to file!


Bianchi cohomology space of weight Bianchi weight (0 0) in characteristic 2 and 
level 968.11 of dimension 37
Bianchi cohomology space of weight Bianchi weight (0 0) in characteristic 3 and 
level 968.11 of dimension 14
Bianchi cohomology space of weight Bianchi weight (0 0) in characteristic 5 and 
level 968.11 of dimension 13

Bianchi cohomology space of weight Bianchi weight (0 0) in characteristic 2 and 
level 968.5 of dimension 54
Bianchi cohomology space of weight Bianchi weight (0 0) in characteristic 3 and 
level 968.5 of dimension 24
Bianchi cohomology space of weight Bianchi weight (0 0) in characteristic 5 and 
level 968.5 of dimension 20

Bianchi cohomology space of weight Bianchi weight (0 0) in characteristic 2 and 
level 968.1 of dimension 34
Bianchi cohomology space of weight Bianchi weight (0 0) in characteristic 3 and 
level 968.1 of dimension 27
Bianchi cohomology space of weight Bianchi weight (0 0) in characteristic 5 and 
level 968.1 of dimension 26
Bianchi cohomology space of weight Bianchi weight (0 0) in characteristic 7 and 
level 968.1 of dimension 26

Wrote class to file!


Bianchi cohomology space of weight Bianchi weight (0 0) in characteristic 2 and 
level 968.6 of dimension 54
Bianchi cohomology space of weight Bianchi weight (0 0) in characteristic 5 and 
level 968.6 of dimension 44

Bianchi cohomology space of weight Bianchi weight (0 0) in characteristic 2 and 
level 968.9 of dimension 52
Bianchi cohomology space of weight Bianchi weight (0 0) in characteristic 3 and 
level 968.9 of dimension 43
Bianchi cohomology space of weight Bianchi weight (0 0) in characteristic 5 and 
level 968.9 of dimension 42

Bianchi cohomology space of weight Bianchi weight (0 0) in characteristic 2 and 
level 968.3 of dimension 37
Bianchi cohomology space of weight Bianchi weight (0 0) in characteristic 3 and 
level 968.3 of dimension 27
Bianchi cohomology space of weight Bianchi weight (0 0) in characteristic 5 and 
level 968.3 of dimension 26



Total time: 50782.800 seconds, Total memory usage: 3535.47MB
50682.52user 100.42system 14:06:26elapsed 99%CPU (0avgtext+0avgdata 3625208maxresident)k
38824inputs+512outputs (2major+54753803minor)pagefaults 0swaps
