nohup: ignoring input
Magma V2.29-3     Mon Jul  6 2026 08:23:44 on albona   [Seed = 3972821165]
Type ? for help.  Type <Ctrl>-D to quit.

Loading file "scratch.m"
Loading "write_forms.m"
Loading "homology_torsion.m"
Computing H_1 to find nonliftable forms
Finished computing H_1
Bianchi cohomology space of weight Bianchi weight (0 0) in characteristic 2 and 
level 851.4 of dimension 7
Bianchi cohomology space of weight Bianchi weight (0 0) in characteristic 3 and 
level 851.4 of dimension 3

Wrote class to file!

Bianchi cohomology space of weight Bianchi weight (0 0) in characteristic 7 and 
level 851.4 of dimension 2

Wrote class to file!

Bianchi cohomology space of weight Bianchi weight (0 0) in characteristic 11 and
level 851.4 of dimension 1
Bianchi cohomology space of weight Bianchi weight (0 0) in characteristic 23 and
level 851.4 of dimension 1

Wrote class to file!

Bianchi cohomology space of weight Bianchi weight (0 0) in characteristic 29 and
level 851.4 of dimension 1

Wrote class to file!

Bianchi cohomology space of weight Bianchi weight (0 0) in characteristic 37 and
level 851.4 of dimension 1

Wrote class to file!


Bianchi cohomology space of weight Bianchi weight (0 0) in characteristic 2 and 
level 851.2 of dimension 5
Bianchi cohomology space of weight Bianchi weight (0 0) in characteristic 3 and 
level 851.2 of dimension 1
Bianchi cohomology space of weight Bianchi weight (0 0) in characteristic 7 and 
level 851.2 of dimension 1

Wrote class to file!

Bianchi cohomology space of weight Bianchi weight (0 0) in characteristic 11 and
level 851.2 of dimension 1
Bianchi cohomology space of weight Bianchi weight (0 0) in characteristic 19 and
level 851.2 of dimension 1

Wrote class to file!

Bianchi cohomology space of weight Bianchi weight (0 0) in characteristic 197 
and level 851.2 of dimension 1

Wrote class to file!

Bianchi cohomology space of weight Bianchi weight (0 0) in characteristic 223 
and level 851.2 of dimension 1

Wrote class to file!


Bianchi cohomology space of weight Bianchi weight (0 0) in characteristic 2 and 
level 856.1 of dimension 17
Bianchi cohomology space of weight Bianchi weight (0 0) in characteristic 17 and
level 856.1 of dimension 4
Bianchi cohomology space of weight Bianchi weight (0 0) in characteristic 53 and
level 856.1 of dimension 1

Bianchi cohomology space of weight Bianchi weight (0 0) in characteristic 2 and 
level 856.5 of dimension 25
Bianchi cohomology space of weight Bianchi weight (0 0) in characteristic 5 and 
level 856.5 of dimension 5

Wrote class to file!

Bianchi cohomology space of weight Bianchi weight (0 0) in characteristic 13 and
level 856.5 of dimension 5
Bianchi cohomology space of weight Bianchi weight (0 0) in characteristic 17 and
level 856.5 of dimension 10
Bianchi cohomology space of weight Bianchi weight (0 0) in characteristic 53 and
level 856.5 of dimension 5

Bianchi cohomology space of weight Bianchi weight (0 0) in characteristic 2 and 
level 856.7 of dimension 13
Bianchi cohomology space of weight Bianchi weight (0 0) in characteristic 5 and 
level 856.7 of dimension 2
Bianchi cohomology space of weight Bianchi weight (0 0) in characteristic 7 and 
level 856.7 of dimension 1

Wrote class to file!

Bianchi cohomology space of weight Bianchi weight (0 0) in characteristic 13 and
level 856.7 of dimension 2
Bianchi cohomology space of weight Bianchi weight (0 0) in characteristic 17 and
level 856.7 of dimension 4
Bianchi cohomology space of weight Bianchi weight (0 0) in characteristic 53 and
level 856.7 of dimension 1

Bianchi cohomology space of weight Bianchi weight (0 0) in characteristic 2 and 
level 856.6 of dimension 24
Bianchi cohomology space of weight Bianchi weight (0 0) in characteristic 17 and
level 856.6 of dimension 9
Bianchi cohomology space of weight Bianchi weight (0 0) in characteristic 53 and
level 856.6 of dimension 4



Total time: 142228.350 seconds, Total memory usage: 2138.22MB
128809.14user 13419.32system 39:31:13elapsed 99%CPU (0avgtext+0avgdata 2202032maxresident)k
120inputs+472outputs (1major+6270665258minor)pagefaults 0swaps
