nohup: ignoring input
Magma V2.29-3     Mon Jun  1 2026 10:12:55 on azaona   [Seed = 3032616725]
Type ? for help.  Type <Ctrl>-D to quit.

Loading file "douche.m"
Loading "look_for_lifts.m"
[ 9, 5, 12, 5, 10, 10, 4, 9, 6, 9, 0, 14, 5, 10, 4, 0, 14, 16, 9, 15, 7, 5, 8, 
16, 9 ]
Level raise factors are [ 31.2, 61.1 ]
Level generated by 7*Kgen - 19
where Kgen satisfies x^2 - x + 1
Factors are [ 1.1, 289.1, 83521.1 ]
Looking for lifts with level 1.1 = 1
added; new level is 277.1
Characteristic 0 space empty
---

Looking for lifts with level 289.1 = 17
added; new level is 80053.1
---

Looking for lifts with level 83521.1 = 289
added; new level is 23135317.1
Command terminated by signal 15
3278506.81user 123.19system 910:45:47elapsed 99%CPU (0avgtext+0avgdata 98157200maxresident)k
200inputs+24outputs (0major+62722670minor)pagefaults 0swaps
