nohup: ignoring input
Magma V2.29-3     Fri Jul  3 2026 10:01:27 on esdona   [Seed = 1849874104]
Type ? for help.  Type <Ctrl>-D to quit.

Loading file "scratch.m"
Loading "write_forms.m"
Loading "homology_torsion.m"
Computing H_1 to find nonliftable forms
Finished computing H_1
Bianchi cohomology space of weight Bianchi weight (0 0) in characteristic 2 and 
level 602.4 of dimension 12
Bianchi cohomology space of weight Bianchi weight (0 0) in characteristic 3 and 
level 602.4 of dimension 5
Bianchi cohomology space of weight Bianchi weight (0 0) in characteristic 5 and 
level 602.4 of dimension 4
Bianchi cohomology space of weight Bianchi weight (0 0) in characteristic 7 and 
level 602.4 of dimension 3
Bianchi cohomology space of weight Bianchi weight (0 0) in characteristic 13 and
level 602.4 of dimension 6

Bianchi cohomology space of weight Bianchi weight (0 0) in characteristic 2 and 
level 602.3 of dimension 14
Bianchi cohomology space of weight Bianchi weight (0 0) in characteristic 3 and 
level 602.3 of dimension 8
Bianchi cohomology space of weight Bianchi weight (0 0) in characteristic 5 and 
level 602.3 of dimension 8
Bianchi cohomology space of weight Bianchi weight (0 0) in characteristic 7 and 
level 602.3 of dimension 5
Bianchi cohomology space of weight Bianchi weight (0 0) in characteristic 13 and
level 602.3 of dimension 7

Bianchi cohomology space of weight Bianchi weight (0 0) in characteristic 2 and 
level 603.2 of dimension 7
Bianchi cohomology space of weight Bianchi weight (0 0) in characteristic 3 and 
level 603.2 of dimension 2
Bianchi cohomology space of weight Bianchi weight (0 0) in characteristic 5 and 
level 603.2 of dimension 2

Wrote class to file!

Bianchi cohomology space of weight Bianchi weight (0 0) in characteristic 11 and
level 603.2 of dimension 4

Wrote class to file!


Bianchi cohomology space of weight Bianchi weight (0 0) in characteristic 2 and 
level 604.6 of dimension 10
Bianchi cohomology space of weight Bianchi weight (0 0) in characteristic 3 and 
level 604.6 of dimension 3
Bianchi cohomology space of weight Bianchi weight (0 0) in characteristic 5 and 
level 604.6 of dimension 6
Bianchi cohomology space of weight Bianchi weight (0 0) in characteristic 7 and 
level 604.6 of dimension 4

Wrote class to file!

Bianchi cohomology space of weight Bianchi weight (0 0) in characteristic 11 and
level 604.6 of dimension 3

Bianchi cohomology space of weight Bianchi weight (0 0) in characteristic 2 and 
level 604.5 of dimension 6
Bianchi cohomology space of weight Bianchi weight (0 0) in characteristic 3 and 
level 604.5 of dimension 3
Bianchi cohomology space of weight Bianchi weight (0 0) in characteristic 5 and 
level 604.5 of dimension 4
Bianchi cohomology space of weight Bianchi weight (0 0) in characteristic 11 and
level 604.5 of dimension 3
Bianchi cohomology space of weight Bianchi weight (0 0) in characteristic 79 and
level 604.5 of dimension 1

Wrote class to file!


Bianchi cohomology space of weight Bianchi weight (0 0) in characteristic 2 and 
level 604.3 of dimension 12
Bianchi cohomology space of weight Bianchi weight (0 0) in characteristic 3 and 
level 604.3 of dimension 6
Bianchi cohomology space of weight Bianchi weight (0 0) in characteristic 5 and 
level 604.3 of dimension 7
Bianchi cohomology space of weight Bianchi weight (0 0) in characteristic 11 and
level 604.3 of dimension 4
Bianchi cohomology space of weight Bianchi weight (0 0) in characteristic 13 and
level 604.3 of dimension 3

Wrote class to file!

Bianchi cohomology space of weight Bianchi weight (0 0) in characteristic 19 and
level 604.3 of dimension 3

Wrote class to file!


Bianchi cohomology space of weight Bianchi weight (0 0) in characteristic 2 and 
level 613.2 of dimension 5
Bianchi cohomology space of weight Bianchi weight (0 0) in characteristic 3 and 
level 613.2 of dimension 1
Bianchi cohomology space of weight Bianchi weight (0 0) in characteristic 17 and
level 613.2 of dimension 1
Bianchi cohomology space of weight Bianchi weight (0 0) in characteristic 349 
and level 613.2 of dimension 1

Wrote class to file!


Bianchi cohomology space of weight Bianchi weight (0 0) in characteristic 2 and 
level 616.8 of dimension 25
Bianchi cohomology space of weight Bianchi weight (0 0) in characteristic 3 and 
level 616.8 of dimension 8
Bianchi cohomology space of weight Bianchi weight (0 0) in characteristic 5 and 
level 616.8 of dimension 7
Bianchi cohomology space of weight Bianchi weight (0 0) in characteristic 13 and
level 616.8 of dimension 5

Wrote class to file!


Bianchi cohomology space of weight Bianchi weight (0 0) in characteristic 2 and 
level 616.4 of dimension 36
Bianchi cohomology space of weight Bianchi weight (0 0) in characteristic 3 and 
level 616.4 of dimension 13
Bianchi cohomology space of weight Bianchi weight (0 0) in characteristic 5 and 
level 616.4 of dimension 11

Bianchi cohomology space of weight Bianchi weight (0 0) in characteristic 2 and 
level 616.6 of dimension 36
Bianchi cohomology space of weight Bianchi weight (0 0) in characteristic 3 and 
level 616.6 of dimension 12
Bianchi cohomology space of weight Bianchi weight (0 0) in characteristic 5 and 
level 616.6 of dimension 12

Bianchi cohomology space of weight Bianchi weight (0 0) in characteristic 2 and 
level 616.2 of dimension 25
Bianchi cohomology space of weight Bianchi weight (0 0) in characteristic 3 and 
level 616.2 of dimension 7
Bianchi cohomology space of weight Bianchi weight (0 0) in characteristic 5 and 
level 616.2 of dimension 3

Bianchi cohomology space of weight Bianchi weight (0 0) in characteristic 2 and 
level 617.2 of dimension 7
Bianchi cohomology space of weight Bianchi weight (0 0) in characteristic 3 and 
level 617.2 of dimension 3

Wrote class to file!

Bianchi cohomology space of weight Bianchi weight (0 0) in characteristic 7 and 
level 617.2 of dimension 2
Bianchi cohomology space of weight Bianchi weight (0 0) in characteristic 11 and
level 617.2 of dimension 2
Bianchi cohomology space of weight Bianchi weight (0 0) in characteristic 4957 
and level 617.2 of dimension 2

Wrote class to file!


Bianchi cohomology space of weight Bianchi weight (0 0) in characteristic 2 and 
level 625.1 of dimension 21
Bianchi cohomology space of weight Bianchi weight (0 0) in characteristic 3 and 
level 625.1 of dimension 13
Bianchi cohomology space of weight Bianchi weight (0 0) in characteristic 5 and 
level 625.1 of dimension 14

Bianchi cohomology space of weight Bianchi weight (0 0) in characteristic 2 and 
level 631.2 of dimension 4
Bianchi cohomology space of weight Bianchi weight (0 0) in characteristic 3 and 
level 631.2 of dimension 2
Bianchi cohomology space of weight Bianchi weight (0 0) in characteristic 5 and 
level 631.2 of dimension 1
Bianchi cohomology space of weight Bianchi weight (0 0) in characteristic 7 and 
level 631.2 of dimension 1
Bianchi cohomology space of weight Bianchi weight (0 0) in characteristic 17 and
level 631.2 of dimension 1

Wrote class to file!

Bianchi cohomology space of weight Bianchi weight (0 0) in characteristic 2683 
and level 631.2 of dimension 1

Wrote class to file!


Bianchi cohomology space of weight Bianchi weight (0 0) in characteristic 2 and 
level 632.3 of dimension 20
Bianchi cohomology space of weight Bianchi weight (0 0) in characteristic 3 and 
level 632.3 of dimension 14
Bianchi cohomology space of weight Bianchi weight (0 0) in characteristic 13 and
level 632.3 of dimension 7

Bianchi cohomology space of weight Bianchi weight (0 0) in characteristic 2 and 
level 632.8 of dimension 15
Bianchi cohomology space of weight Bianchi weight (0 0) in characteristic 3 and 
level 632.8 of dimension 7
Bianchi cohomology space of weight Bianchi weight (0 0) in characteristic 13 and
level 632.8 of dimension 6
Bianchi cohomology space of weight Bianchi weight (0 0) in characteristic 17 and
level 632.8 of dimension 6

Wrote class to file!


Bianchi cohomology space of weight Bianchi weight (0 0) in characteristic 2 and 
level 632.4 of dimension 20
Bianchi cohomology space of weight Bianchi weight (0 0) in characteristic 3 and 
level 632.4 of dimension 13
Bianchi cohomology space of weight Bianchi weight (0 0) in characteristic 11 and
level 632.4 of dimension 7
Bianchi cohomology space of weight Bianchi weight (0 0) in characteristic 13 and
level 632.4 of dimension 6

Bianchi cohomology space of weight Bianchi weight (0 0) in characteristic 2 and 
level 632.7 of dimension 15
Bianchi cohomology space of weight Bianchi weight (0 0) in characteristic 3 and 
level 632.7 of dimension 5

Wrote class to file!

Bianchi cohomology space of weight Bianchi weight (0 0) in characteristic 11 and
level 632.7 of dimension 4
Bianchi cohomology space of weight Bianchi weight (0 0) in characteristic 13 and
level 632.7 of dimension 3
Bianchi cohomology space of weight Bianchi weight (0 0) in characteristic 29 and
level 632.7 of dimension 3

Wrote class to file!


Bianchi cohomology space of weight Bianchi weight (0 0) in characteristic 2 and 
level 634.4 of dimension 15
Bianchi cohomology space of weight Bianchi weight (0 0) in characteristic 37 and
level 634.4 of dimension 1

Wrote class to file!

Bianchi cohomology space of weight Bianchi weight (0 0) in characteristic 61 and
level 634.4 of dimension 2
Bianchi cohomology space of weight Bianchi weight (0 0) in characteristic 79 and
level 634.4 of dimension 1
Bianchi cohomology space of weight Bianchi weight (0 0) in characteristic 809 
and level 634.4 of dimension 1

Wrote class to file!


Bianchi cohomology space of weight Bianchi weight (0 0) in characteristic 2 and 
level 634.3 of dimension 15
Bianchi cohomology space of weight Bianchi weight (0 0) in characteristic 3 and 
level 634.3 of dimension 3

Wrote class to file!

Bianchi cohomology space of weight Bianchi weight (0 0) in characteristic 61 and
level 634.3 of dimension 2
Bianchi cohomology space of weight Bianchi weight (0 0) in characteristic 79 and
level 634.3 of dimension 1

Bianchi cohomology space of weight Bianchi weight (0 0) in characteristic 2 and 
level 638.1 of dimension 22
Bianchi cohomology space of weight Bianchi weight (0 0) in characteristic 5 and 
level 638.1 of dimension 3
Bianchi cohomology space of weight Bianchi weight (0 0) in characteristic 7 and 
level 638.1 of dimension 2

Bianchi cohomology space of weight Bianchi weight (0 0) in characteristic 2 and 
level 638.5 of dimension 18
Bianchi cohomology space of weight Bianchi weight (0 0) in characteristic 3 and 
level 638.5 of dimension 1
Bianchi cohomology space of weight Bianchi weight (0 0) in characteristic 5 and 
level 638.5 of dimension 2
Bianchi cohomology space of weight Bianchi weight (0 0) in characteristic 7 and 
level 638.5 of dimension 1

Bianchi cohomology space of weight Bianchi weight (0 0) in characteristic 2 and 
level 638.3 of dimension 18
Bianchi cohomology space of weight Bianchi weight (0 0) in characteristic 5 and 
level 638.3 of dimension 6
Bianchi cohomology space of weight Bianchi weight (0 0) in characteristic 7 and 
level 638.3 of dimension 6
Bianchi cohomology space of weight Bianchi weight (0 0) in characteristic 11 and
level 638.3 of dimension 5

Bianchi cohomology space of weight Bianchi weight (0 0) in characteristic 2 and 
level 638.7 of dimension 14
Bianchi cohomology space of weight Bianchi weight (0 0) in characteristic 5 and 
level 638.7 of dimension 2
Bianchi cohomology space of weight Bianchi weight (0 0) in characteristic 7 and 
level 638.7 of dimension 3
Bianchi cohomology space of weight Bianchi weight (0 0) in characteristic 11 and
level 638.7 of dimension 2
Bianchi cohomology space of weight Bianchi weight (0 0) in characteristic 13 and
level 638.7 of dimension 1

Wrote class to file!


Bianchi cohomology space of weight Bianchi weight (0 0) in characteristic 2 and 
level 639.1 of dimension 5
Bianchi cohomology space of weight Bianchi weight (0 0) in characteristic 3 and 
level 639.1 of dimension 1

Wrote class to file!

Bianchi cohomology space of weight Bianchi weight (0 0) in characteristic 5 and 
level 639.1 of dimension 2

Wrote class to file!

Bianchi cohomology space of weight Bianchi weight (0 0) in characteristic 7 and 
level 639.1 of dimension 1
Bianchi cohomology space of weight Bianchi weight (0 0) in characteristic 11 and
level 639.1 of dimension 1

Wrote class to file!

Bianchi cohomology space of weight Bianchi weight (0 0) in characteristic 13 and
level 639.1 of dimension 1

Wrote class to file!


Bianchi cohomology space of weight Bianchi weight (0 0) in characteristic 2 and 
level 641.2 of dimension 4

Wrote class to file!

Bianchi cohomology space of weight Bianchi weight (0 0) in characteristic 3 and 
level 641.2 of dimension 1

Wrote class to file!

Bianchi cohomology space of weight Bianchi weight (0 0) in characteristic 5 and 
level 641.2 of dimension 1
Bianchi cohomology space of weight Bianchi weight (0 0) in characteristic 293 
and level 641.2 of dimension 1

Wrote class to file!

Bianchi cohomology space of weight Bianchi weight (0 0) in characteristic 379 
and level 641.2 of dimension 1

Wrote class to file!

Bianchi cohomology space of weight Bianchi weight (0 0) in characteristic 1709 
and level 641.2 of dimension 1

Wrote class to file!


Bianchi cohomology space of weight Bianchi weight (0 0) in characteristic 2 and 
level 644.4 of dimension 31
Bianchi cohomology space of weight Bianchi weight (0 0) in characteristic 3 and 
level 644.4 of dimension 20

Wrote class to file!

Bianchi cohomology space of weight Bianchi weight (0 0) in characteristic 5 and 
level 644.4 of dimension 19
Bianchi cohomology space of weight Bianchi weight (0 0) in characteristic 11 and
level 644.4 of dimension 17

Bianchi cohomology space of weight Bianchi weight (0 0) in characteristic 2 and 
level 644.1 of dimension 23
Bianchi cohomology space of weight Bianchi weight (0 0) in characteristic 5 and 
level 644.1 of dimension 9
Bianchi cohomology space of weight Bianchi weight (0 0) in characteristic 11 and
level 644.1 of dimension 8

Bianchi cohomology space of weight Bianchi weight (0 0) in characteristic 2 and 
level 644.5 of dimension 21
Bianchi cohomology space of weight Bianchi weight (0 0) in characteristic 3 and 
level 644.5 of dimension 14
Bianchi cohomology space of weight Bianchi weight (0 0) in characteristic 5 and 
level 644.5 of dimension 11
Bianchi cohomology space of weight Bianchi weight (0 0) in characteristic 11 and
level 644.5 of dimension 10

Bianchi cohomology space of weight Bianchi weight (0 0) in characteristic 2 and 
level 648.2 of dimension 42
Bianchi cohomology space of weight Bianchi weight (0 0) in characteristic 3 and 
level 648.2 of dimension 31
error: 
ComputeNonliftable(
    d: 7
)
EigenformGaloisRepresentatives(
    B: Bianchi cohomology space of weight Bianchi weight (0 0) in c...
)
Eigenforms(
    B: Bianchi cohomology space of weight Bianchi weight (0 0) in c...
)
CommonGeneralizedEigenspaces(
    A: [ [1 2 2 0 0 1 0 0 0 0 0 1 0 1 0 0 2 1 2 1 0 0 2 1 2 2 1 2 2...
)
CommonEigenspaces(
    Q: [ [1 2 2 0 0 1 0 0 0 0 0 1 0 1 0 0 2 1 2 1 0 0 2 1 2 2 1 2 2...
)
In file "/usr/sms/share/magma/n/package/Algebra/AlgMat/General/diagonal.m", line
61, column 15:
>>         Append(~eigvals_, ev cat [e[1]]);
                 ^
Runtime error in 'Append': Cannot coerce element into the universe


Bianchi cohomology space of weight Bianchi weight (0 0) in characteristic 2 and 
level 648.4 of dimension 27
Bianchi cohomology space of weight Bianchi weight (0 0) in characteristic 3 and 
level 648.4 of dimension 18
Bianchi cohomology space of weight Bianchi weight (0 0) in characteristic 11 and
level 648.4 of dimension 18

Wrote class to file!


Wrote class to file!


Bianchi cohomology space of weight Bianchi weight (0 0) in characteristic 2 and 
level 652.2 of dimension 16
Bianchi cohomology space of weight Bianchi weight (0 0) in characteristic 3 and 
level 652.2 of dimension 1
Bianchi cohomology space of weight Bianchi weight (0 0) in characteristic 5 and 
level 652.2 of dimension 1

Wrote class to file!


Bianchi cohomology space of weight Bianchi weight (0 0) in characteristic 2 and 
level 652.6 of dimension 17
Bianchi cohomology space of weight Bianchi weight (0 0) in characteristic 3 and 
level 652.6 of dimension 3

Bianchi cohomology space of weight Bianchi weight (0 0) in characteristic 2 and 
level 652.3 of dimension 22
Bianchi cohomology space of weight Bianchi weight (0 0) in characteristic 3 and 
level 652.3 of dimension 5

Wrote class to file!


Bianchi cohomology space of weight Bianchi weight (0 0) in characteristic 2 and 
level 653.1 of dimension 5
Bianchi cohomology space of weight Bianchi weight (0 0) in characteristic 11 and
level 653.1 of dimension 3

Wrote class to file!

Bianchi cohomology space of weight Bianchi weight (0 0) in characteristic 163 
and level 653.1 of dimension 1

Bianchi cohomology space of weight Bianchi weight (0 0) in characteristic 2 and 
level 659.1 of dimension 2
Bianchi cohomology space of weight Bianchi weight (0 0) in characteristic 7 and 
level 659.1 of dimension 1
Bianchi cohomology space of weight Bianchi weight (0 0) in characteristic 23 and
level 659.1 of dimension 1

Wrote class to file!

Bianchi cohomology space of weight Bianchi weight (0 0) in characteristic 47 and
level 659.1 of dimension 1
Bianchi cohomology space of weight Bianchi weight (0 0) in characteristic 230941
and level 659.1 of dimension 1

Wrote class to file!


Bianchi cohomology space of weight Bianchi weight (0 0) in characteristic 2 and 
level 662.4 of dimension 4
Bianchi cohomology space of weight Bianchi weight (0 0) in characteristic 3 and 
level 662.4 of dimension 1
Bianchi cohomology space of weight Bianchi weight (0 0) in characteristic 5 and 
level 662.4 of dimension 3
Bianchi cohomology space of weight Bianchi weight (0 0) in characteristic 11 and
level 662.4 of dimension 1
Bianchi cohomology space of weight Bianchi weight (0 0) in characteristic 17 and
level 662.4 of dimension 1

Wrote class to file!

Bianchi cohomology space of weight Bianchi weight (0 0) in characteristic 53 and
level 662.4 of dimension 1

Wrote class to file!

Bianchi cohomology space of weight Bianchi weight (0 0) in characteristic 2063 
and level 662.4 of dimension 2

Bianchi cohomology space of weight Bianchi weight (0 0) in characteristic 2 and 
level 662.2 of dimension 4
Bianchi cohomology space of weight Bianchi weight (0 0) in characteristic 3 and 
level 662.2 of dimension 1
Bianchi cohomology space of weight Bianchi weight (0 0) in characteristic 5 and 
level 662.2 of dimension 4

Wrote class to file!

Bianchi cohomology space of weight Bianchi weight (0 0) in characteristic 7 and 
level 662.2 of dimension 1

Wrote class to file!

Bianchi cohomology space of weight Bianchi weight (0 0) in characteristic 11 and
level 662.2 of dimension 1
Bianchi cohomology space of weight Bianchi weight (0 0) in characteristic 127 
and level 662.2 of dimension 1

Wrote class to file!

Bianchi cohomology space of weight Bianchi weight (0 0) in characteristic 2063 
and level 662.2 of dimension 2

Bianchi cohomology space of weight Bianchi weight (0 0) in characteristic 2 and 
level 666.4 of dimension 15
Bianchi cohomology space of weight Bianchi weight (0 0) in characteristic 3 and 
level 666.4 of dimension 2

Wrote class to file!

Bianchi cohomology space of weight Bianchi weight (0 0) in characteristic 7 and 
level 666.4 of dimension 1

Wrote class to file!

Bianchi cohomology space of weight Bianchi weight (0 0) in characteristic 37 and
level 666.4 of dimension 1

Wrote class to file!


Bianchi cohomology space of weight Bianchi weight (0 0) in characteristic 2 and 
level 666.2 of dimension 19
Bianchi cohomology space of weight Bianchi weight (0 0) in characteristic 3 and 
level 666.2 of dimension 2

Bianchi cohomology space of weight Bianchi weight (0 0) in characteristic 2 and 
level 667.4 of dimension 7
Bianchi cohomology space of weight Bianchi weight (0 0) in characteristic 7 and 
level 667.4 of dimension 3

Wrote class to file!

Bianchi cohomology space of weight Bianchi weight (0 0) in characteristic 11 and
level 667.4 of dimension 2
Bianchi cohomology space of weight Bianchi weight (0 0) in characteristic 193 
and level 667.4 of dimension 2

Wrote class to file!

Bianchi cohomology space of weight Bianchi weight (0 0) in characteristic 643 
and level 667.4 of dimension 2

Wrote class to file!


Bianchi cohomology space of weight Bianchi weight (0 0) in characteristic 2 and 
level 667.3 of dimension 5
Bianchi cohomology space of weight Bianchi weight (0 0) in characteristic 7 and 
level 667.3 of dimension 1
Bianchi cohomology space of weight Bianchi weight (0 0) in characteristic 11 and
level 667.3 of dimension 3

Wrote class to file!

Bianchi cohomology space of weight Bianchi weight (0 0) in characteristic 53 and
level 667.3 of dimension 1

Wrote class to file!

Bianchi cohomology space of weight Bianchi weight (0 0) in characteristic 179 
and level 667.3 of dimension 1

Wrote class to file!


Bianchi cohomology space of weight Bianchi weight (0 0) in characteristic 2 and 
level 673.2 of dimension 4
Bianchi cohomology space of weight Bianchi weight (0 0) in characteristic 3 and 
level 673.2 of dimension 1
Bianchi cohomology space of weight Bianchi weight (0 0) in characteristic 7 and 
level 673.2 of dimension 1
Bianchi cohomology space of weight Bianchi weight (0 0) in characteristic 131 
and level 673.2 of dimension 1

Wrote class to file!

Bianchi cohomology space of weight Bianchi weight (0 0) in characteristic 197 
and level 673.2 of dimension 1

Wrote class to file!

Bianchi cohomology space of weight Bianchi weight (0 0) in characteristic 1567 
and level 673.2 of dimension 1

Wrote class to file!


Bianchi cohomology space of weight Bianchi weight (0 0) in characteristic 2 and 
level 674.4 of dimension 9
Bianchi cohomology space of weight Bianchi weight (0 0) in characteristic 3 and 
level 674.4 of dimension 3

Wrote class to file!

Bianchi cohomology space of weight Bianchi weight (0 0) in characteristic 7 and 
level 674.4 of dimension 1
Bianchi cohomology space of weight Bianchi weight (0 0) in characteristic 19 and
level 674.4 of dimension 1

Wrote class to file!

Bianchi cohomology space of weight Bianchi weight (0 0) in characteristic 53 and
level 674.4 of dimension 2

Bianchi cohomology space of weight Bianchi weight (0 0) in characteristic 2 and 
level 674.2 of dimension 9
Bianchi cohomology space of weight Bianchi weight (0 0) in characteristic 3 and 
level 674.2 of dimension 2
Bianchi cohomology space of weight Bianchi weight (0 0) in characteristic 7 and 
level 674.2 of dimension 2

Wrote class to file!

Bianchi cohomology space of weight Bianchi weight (0 0) in characteristic 53 and
level 674.2 of dimension 2
Bianchi cohomology space of weight Bianchi weight (0 0) in characteristic 157 
and level 674.2 of dimension 1

Wrote class to file!


Bianchi cohomology space of weight Bianchi weight (0 0) in characteristic 2 and 
level 676.3 of dimension 21
Bianchi cohomology space of weight Bianchi weight (0 0) in characteristic 3 and 
level 676.3 of dimension 5
Bianchi cohomology space of weight Bianchi weight (0 0) in characteristic 7 and 
level 676.3 of dimension 6
Bianchi cohomology space of weight Bianchi weight (0 0) in characteristic 11 and
level 676.3 of dimension 3

Wrote class to file!


Bianchi cohomology space of weight Bianchi weight (0 0) in characteristic 2 and 
level 676.2 of dimension 37
Bianchi cohomology space of weight Bianchi weight (0 0) in characteristic 3 and 
level 676.2 of dimension 10
Bianchi cohomology space of weight Bianchi weight (0 0) in characteristic 7 and 
level 676.2 of dimension 6

Bianchi cohomology space of weight Bianchi weight (0 0) in characteristic 2 and 
level 683.2 of dimension 4
Bianchi cohomology space of weight Bianchi weight (0 0) in characteristic 11 and
level 683.2 of dimension 1
Bianchi cohomology space of weight Bianchi weight (0 0) in characteristic 13 and
level 683.2 of dimension 1

Wrote class to file!

Bianchi cohomology space of weight Bianchi weight (0 0) in characteristic 17 and
level 683.2 of dimension 1

Wrote class to file!

Bianchi cohomology space of weight Bianchi weight (0 0) in characteristic 31 and
level 683.2 of dimension 1
Bianchi cohomology space of weight Bianchi weight (0 0) in characteristic 43 and
level 683.2 of dimension 1

Wrote class to file!

Bianchi cohomology space of weight Bianchi weight (0 0) in characteristic 211 
and level 683.2 of dimension 1

Wrote class to file!


Bianchi cohomology space of weight Bianchi weight (0 0) in characteristic 2 and 
level 686.2 of dimension 16
Bianchi cohomology space of weight Bianchi weight (0 0) in characteristic 3 and 
level 686.2 of dimension 13
Bianchi cohomology space of weight Bianchi weight (0 0) in characteristic 7 and 
level 686.2 of dimension 18
Bianchi cohomology space of weight Bianchi weight (0 0) in characteristic 29 and
level 686.2 of dimension 13

Wrote class to file!


Bianchi cohomology space of weight Bianchi weight (0 0) in characteristic 2 and 
level 688.7 of dimension 26
Bianchi cohomology space of weight Bianchi weight (0 0) in characteristic 5 and 
level 688.7 of dimension 15
Bianchi cohomology space of weight Bianchi weight (0 0) in characteristic 7 and 
level 688.7 of dimension 12
Bianchi cohomology space of weight Bianchi weight (0 0) in characteristic 11 and
level 688.7 of dimension 12

Bianchi cohomology space of weight Bianchi weight (0 0) in characteristic 2 and 
level 688.9 of dimension 12
Bianchi cohomology space of weight Bianchi weight (0 0) in characteristic 3 and 
level 688.9 of dimension 7
Bianchi cohomology space of weight Bianchi weight (0 0) in characteristic 5 and 
level 688.9 of dimension 11
Bianchi cohomology space of weight Bianchi weight (0 0) in characteristic 7 and 
level 688.9 of dimension 7
Bianchi cohomology space of weight Bianchi weight (0 0) in characteristic 11 and
level 688.9 of dimension 8
Bianchi cohomology space of weight Bianchi weight (0 0) in characteristic 13 and
level 688.9 of dimension 7

Wrote class to file!


Bianchi cohomology space of weight Bianchi weight (0 0) in characteristic 2 and 
level 688.10 of dimension 18
Bianchi cohomology space of weight Bianchi weight (0 0) in characteristic 5 and 
level 688.10 of dimension 8
Bianchi cohomology space of weight Bianchi weight (0 0) in characteristic 7 and 
level 688.10 of dimension 9

Wrote class to file!

Bianchi cohomology space of weight Bianchi weight (0 0) in characteristic 23 and
level 688.10 of dimension 10

Bianchi cohomology space of weight Bianchi weight (0 0) in characteristic 2 and 
level 688.6 of dimension 28
Bianchi cohomology space of weight Bianchi weight (0 0) in characteristic 5 and 
level 688.6 of dimension 17
Bianchi cohomology space of weight Bianchi weight (0 0) in characteristic 7 and 
level 688.6 of dimension 15
Bianchi cohomology space of weight Bianchi weight (0 0) in characteristic 23 and
level 688.6 of dimension 17

Bianchi cohomology space of weight Bianchi weight (0 0) in characteristic 2 and 
level 688.8 of dimension 29
Bianchi cohomology space of weight Bianchi weight (0 0) in characteristic 5 and 
level 688.8 of dimension 14
Bianchi cohomology space of weight Bianchi weight (0 0) in characteristic 7 and 
level 688.8 of dimension 14

Wrote class to file!

Bianchi cohomology space of weight Bianchi weight (0 0) in characteristic 23 and
level 688.8 of dimension 16

Bianchi cohomology space of weight Bianchi weight (0 0) in characteristic 2 and 
level 693.1 of dimension 15
Bianchi cohomology space of weight Bianchi weight (0 0) in characteristic 3 and 
level 693.1 of dimension 3
Bianchi cohomology space of weight Bianchi weight (0 0) in characteristic 5 and 
level 693.1 of dimension 4
Bianchi cohomology space of weight Bianchi weight (0 0) in characteristic 41 and
level 693.1 of dimension 3

Wrote class to file!


Bianchi cohomology space of weight Bianchi weight (0 0) in characteristic 2 and 
level 694.1 of dimension 4
Bianchi cohomology space of weight Bianchi weight (0 0) in characteristic 3 and 
level 694.1 of dimension 3
error: 
ComputeNonliftable(
    d: 7
)
EigenformGaloisRepresentatives(
    B: Bianchi cohomology space of weight Bianchi weight (0 0) in c...
)
Eigenforms(
    B: Bianchi cohomology space of weight Bianchi weight (0 0) in c...
)
CommonGeneralizedEigenspaces(
    A: [ [0 1 1] [2 1 2] [2 2 1],  [0 2 0] [0 0 1] [1 2 0],  [1 2 1...
)
CommonEigenspaces(
    Q: [ [    0     1     1] [    2     1     2] [    2     2     1...
)
In file "/usr/sms/share/magma/n/package/Algebra/AlgMat/General/diagonal.m", line
61, column 15:
>>         Append(~eigvals_, ev cat [e[1]]);
                 ^
Runtime error in 'Append': Cannot coerce element into the universe

Bianchi cohomology space of weight Bianchi weight (0 0) in characteristic 5 and 
level 694.1 of dimension 2
Bianchi cohomology space of weight Bianchi weight (0 0) in characteristic 17 and
level 694.1 of dimension 2

Wrote class to file!

Bianchi cohomology space of weight Bianchi weight (0 0) in characteristic 173 
and level 694.1 of dimension 2
Bianchi cohomology space of weight Bianchi weight (0 0) in characteristic 199 
and level 694.1 of dimension 3

Bianchi cohomology space of weight Bianchi weight (0 0) in characteristic 2 and 
level 694.2 of dimension 4
Bianchi cohomology space of weight Bianchi weight (0 0) in characteristic 5 and 
level 694.2 of dimension 2
Bianchi cohomology space of weight Bianchi weight (0 0) in characteristic 37 and
level 694.2 of dimension 1

Wrote class to file!

Bianchi cohomology space of weight Bianchi weight (0 0) in characteristic 173 
and level 694.2 of dimension 1
Bianchi cohomology space of weight Bianchi weight (0 0) in characteristic 199 
and level 694.2 of dimension 2

Bianchi cohomology space of weight Bianchi weight (0 0) in characteristic 2 and 
level 700.2 of dimension 41
Bianchi cohomology space of weight Bianchi weight (0 0) in characteristic 3 and 
level 700.2 of dimension 23

Wrote class to file!

Bianchi cohomology space of weight Bianchi weight (0 0) in characteristic 5 and 
level 700.2 of dimension 25

Bianchi cohomology space of weight Bianchi weight (0 0) in characteristic 2 and 
level 700.3 of dimension 25
Bianchi cohomology space of weight Bianchi weight (0 0) in characteristic 3 and 
level 700.3 of dimension 15
Bianchi cohomology space of weight Bianchi weight (0 0) in characteristic 5 and 
level 700.3 of dimension 16



Total time: 410522.200 seconds, Total memory usage: 3617.34MB
405001.55user 5520.78system 114:02:00elapsed 100%CPU (0avgtext+0avgdata 3696784maxresident)k
0inputs+3472outputs (0major+3570577108minor)pagefaults 0swaps
