nohup: ignoring input
Magma V2.29-3     Fri Jul  3 2026 10:35:36 on esaona   [Seed = 3757218512]
Type ? for help.  Type <Ctrl>-D to quit.

Loading file "scratch.m"
Loading "write_forms.m"
Loading "homology_torsion.m"
Computing H_1 to find nonliftable forms
Finished computing H_1
Bianchi cohomology space of weight Bianchi weight (0 0) in characteristic 2 and 
level 305.2 of dimension 4
Bianchi cohomology space of weight Bianchi weight (0 0) in characteristic 3 and 
level 305.2 of dimension 1
Bianchi cohomology space of weight Bianchi weight (0 0) in characteristic 5 and 
level 305.2 of dimension 1

Bianchi cohomology space of weight Bianchi weight (0 0) in characteristic 2 and 
level 305.4 of dimension 4
Bianchi cohomology space of weight Bianchi weight (0 0) in characteristic 3 and 
level 305.4 of dimension 1
Bianchi cohomology space of weight Bianchi weight (0 0) in characteristic 5 and 
level 305.4 of dimension 1

Bianchi cohomology space of weight Bianchi weight (0 0) in characteristic 2 and 
level 306.1 of dimension 9
Bianchi cohomology space of weight Bianchi weight (0 0) in characteristic 3 and 
level 306.1 of dimension 1

Wrote class to file!


Bianchi cohomology space of weight Bianchi weight (0 0) in characteristic 2 and 
level 313.2 of dimension 2
Bianchi cohomology space of weight Bianchi weight (0 0) in characteristic 3 and 
level 313.2 of dimension 1
Bianchi cohomology space of weight Bianchi weight (0 0) in characteristic 13 and
level 313.2 of dimension 1
Bianchi cohomology space of weight Bianchi weight (0 0) in characteristic 37 and
level 313.2 of dimension 1

Wrote class to file!


Bianchi cohomology space of weight Bianchi weight (0 0) in characteristic 2 and 
level 314.2 of dimension 5
Bianchi cohomology space of weight Bianchi weight (0 0) in characteristic 3 and 
level 314.2 of dimension 4
Bianchi cohomology space of weight Bianchi weight (0 0) in characteristic 13 and
level 314.2 of dimension 2

Bianchi cohomology space of weight Bianchi weight (0 0) in characteristic 2 and 
level 317.1 of dimension 2
Bianchi cohomology space of weight Bianchi weight (0 0) in characteristic 79 and
level 317.1 of dimension 1

Bianchi cohomology space of weight Bianchi weight (0 0) in characteristic 2 and 
level 320.2 of dimension 13

Bianchi cohomology space of weight Bianchi weight (0 0) in characteristic 2 and 
level 324.1 of dimension 11

Bianchi cohomology space of weight Bianchi weight (0 0) in characteristic 2 and 
level 325.3 of dimension 9

Bianchi cohomology space of weight Bianchi weight (0 0) in characteristic 2 and 
level 325.1 of dimension 7
Bianchi cohomology space of weight Bianchi weight (0 0) in characteristic 3 and 
level 325.1 of dimension 4

Bianchi cohomology space of weight Bianchi weight (0 0) in characteristic 2 and 
level 325.5 of dimension 7

Bianchi cohomology space of weight Bianchi weight (0 0) in characteristic 2 and 
level 328.1 of dimension 10
Bianchi cohomology space of weight Bianchi weight (0 0) in characteristic 5 and 
level 328.1 of dimension 3

Bianchi cohomology space of weight Bianchi weight (0 0) in characteristic 2 and 
level 333.1 of dimension 5
Bianchi cohomology space of weight Bianchi weight (0 0) in characteristic 3 and 
level 333.1 of dimension 1

Bianchi cohomology space of weight Bianchi weight (0 0) in characteristic 2 and 
level 337.2 of dimension 3
Bianchi cohomology space of weight Bianchi weight (0 0) in characteristic 3 and 
level 337.2 of dimension 1
Bianchi cohomology space of weight Bianchi weight (0 0) in characteristic 7 and 
level 337.2 of dimension 1
Bianchi cohomology space of weight Bianchi weight (0 0) in characteristic 43 and
level 337.2 of dimension 1

Wrote class to file!


Bianchi cohomology space of weight Bianchi weight (0 0) in characteristic 2 and 
level 338.2 of dimension 10
Bianchi cohomology space of weight Bianchi weight (0 0) in characteristic 3 and 
level 338.2 of dimension 4

Bianchi cohomology space of weight Bianchi weight (0 0) in characteristic 2 and 
level 338.1 of dimension 9
Bianchi cohomology space of weight Bianchi weight (0 0) in characteristic 3 and 
level 338.1 of dimension 7

Bianchi cohomology space of weight Bianchi weight (0 0) in characteristic 2 and 
level 340.3 of dimension 8
Bianchi cohomology space of weight Bianchi weight (0 0) in characteristic 3 and 
level 340.3 of dimension 1

Bianchi cohomology space of weight Bianchi weight (0 0) in characteristic 2 and 
level 340.4 of dimension 11

Bianchi cohomology space of weight Bianchi weight (0 0) in characteristic 2 and 
level 346.2 of dimension 5

Wrote class to file!

Bianchi cohomology space of weight Bianchi weight (0 0) in characteristic 43 and
level 346.2 of dimension 1

Bianchi cohomology space of weight Bianchi weight (0 0) in characteristic 2 and 
level 349.2 of dimension 2
Bianchi cohomology space of weight Bianchi weight (0 0) in characteristic 3 and 
level 349.2 of dimension 1
Bianchi cohomology space of weight Bianchi weight (0 0) in characteristic 5 and 
level 349.2 of dimension 1

Wrote class to file!

Bianchi cohomology space of weight Bianchi weight (0 0) in characteristic 29 and
level 349.2 of dimension 1

Bianchi cohomology space of weight Bianchi weight (0 0) in characteristic 2 and 
level 353.2 of dimension 6
Bianchi cohomology space of weight Bianchi weight (0 0) in characteristic 11 and
level 353.2 of dimension 1

Bianchi cohomology space of weight Bianchi weight (0 0) in characteristic 2 and 
level 356.1 of dimension 4
Bianchi cohomology space of weight Bianchi weight (0 0) in characteristic 7 and 
level 356.1 of dimension 2
Bianchi cohomology space of weight Bianchi weight (0 0) in characteristic 11 and
level 356.1 of dimension 1

Bianchi cohomology space of weight Bianchi weight (0 0) in characteristic 2 and 
level 360.2 of dimension 11

Bianchi cohomology space of weight Bianchi weight (0 0) in characteristic 2 and 
level 361.1 of dimension 6
Bianchi cohomology space of weight Bianchi weight (0 0) in characteristic 3 and 
level 361.1 of dimension 2
Bianchi cohomology space of weight Bianchi weight (0 0) in characteristic 5 and 
level 361.1 of dimension 3

Bianchi cohomology space of weight Bianchi weight (0 0) in characteristic 2 and 
level 362.1 of dimension 4
Bianchi cohomology space of weight Bianchi weight (0 0) in characteristic 3 and 
level 362.1 of dimension 3
Bianchi cohomology space of weight Bianchi weight (0 0) in characteristic 5 and 
level 362.1 of dimension 2

Bianchi cohomology space of weight Bianchi weight (0 0) in characteristic 2 and 
level 365.4 of dimension 5
Bianchi cohomology space of weight Bianchi weight (0 0) in characteristic 3 and 
level 365.4 of dimension 1

Bianchi cohomology space of weight Bianchi weight (0 0) in characteristic 2 and 
level 365.2 of dimension 4
Bianchi cohomology space of weight Bianchi weight (0 0) in characteristic 3 and 
level 365.2 of dimension 1

Bianchi cohomology space of weight Bianchi weight (0 0) in characteristic 2 and 
level 369.1 of dimension 5
Bianchi cohomology space of weight Bianchi weight (0 0) in characteristic 5 and 
level 369.1 of dimension 1

Bianchi cohomology space of weight Bianchi weight (0 0) in characteristic 2 and 
level 370.4 of dimension 6
Bianchi cohomology space of weight Bianchi weight (0 0) in characteristic 3 and 
level 370.4 of dimension 2

Wrote class to file!


Bianchi cohomology space of weight Bianchi weight (0 0) in characteristic 2 and 
level 370.3 of dimension 7
Bianchi cohomology space of weight Bianchi weight (0 0) in characteristic 3 and 
level 370.3 of dimension 1

Bianchi cohomology space of weight Bianchi weight (0 0) in characteristic 2 and 
level 373.1 of dimension 2
Bianchi cohomology space of weight Bianchi weight (0 0) in characteristic 3 and 
level 373.1 of dimension 1
Bianchi cohomology space of weight Bianchi weight (0 0) in characteristic 31 and
level 373.1 of dimension 1
Bianchi cohomology space of weight Bianchi weight (0 0) in characteristic 41 and
level 373.1 of dimension 1

Wrote class to file!


Bianchi cohomology space of weight Bianchi weight (0 0) in characteristic 2 and 
level 377.3 of dimension 4
Bianchi cohomology space of weight Bianchi weight (0 0) in characteristic 3 and 
level 377.3 of dimension 1
Bianchi cohomology space of weight Bianchi weight (0 0) in characteristic 7 and 
level 377.3 of dimension 1

Bianchi cohomology space of weight Bianchi weight (0 0) in characteristic 2 and 
level 377.1 of dimension 7

Bianchi cohomology space of weight Bianchi weight (0 0) in characteristic 2 and 
level 386.2 of dimension 7
Bianchi cohomology space of weight Bianchi weight (0 0) in characteristic 3 and 
level 386.2 of dimension 2

Wrote class to file!


Bianchi cohomology space of weight Bianchi weight (0 0) in characteristic 2 and 
level 388.1 of dimension 8
Bianchi cohomology space of weight Bianchi weight (0 0) in characteristic 5 and 
level 388.1 of dimension 5

Bianchi cohomology space of weight Bianchi weight (0 0) in characteristic 2 and 
level 389.2 of dimension 2
Bianchi cohomology space of weight Bianchi weight (0 0) in characteristic 3 and 
level 389.2 of dimension 2

Wrote class to file!

Bianchi cohomology space of weight Bianchi weight (0 0) in characteristic 97 and
level 389.2 of dimension 1

Bianchi cohomology space of weight Bianchi weight (0 0) in characteristic 2 and 
level 392.1 of dimension 10

Bianchi cohomology space of weight Bianchi weight (0 0) in characteristic 2 and 
level 394.1 of dimension 4

Wrote class to file!

Bianchi cohomology space of weight Bianchi weight (0 0) in characteristic 7 and 
level 394.1 of dimension 1

Bianchi cohomology space of weight Bianchi weight (0 0) in characteristic 2 and 
level 397.2 of dimension 2
Bianchi cohomology space of weight Bianchi weight (0 0) in characteristic 3 and 
level 397.2 of dimension 1
Bianchi cohomology space of weight Bianchi weight (0 0) in characteristic 11 and
level 397.2 of dimension 1
Bianchi cohomology space of weight Bianchi weight (0 0) in characteristic 19 and
level 397.2 of dimension 1

Wrote class to file!


Bianchi cohomology space of weight Bianchi weight (0 0) in characteristic 2 and 
level 400.2 of dimension 17

Bianchi cohomology space of weight Bianchi weight (0 0) in characteristic 2 and 
level 400.1 of dimension 14



Total time: 11211.229 seconds, Total memory usage: 520.25MB
11207.68user 3.57system 3:06:51elapsed 100%CPU (0avgtext+0avgdata 559628maxresident)k
16inputs+1080outputs (0major+1919895minor)pagefaults 0swaps
