nohup: ignoring input
Magma V2.29-3     Fri Jul  3 2026 13:12:44 on verona   [Seed = 3788286086]
Type ? for help.  Type <Ctrl>-D to quit.

Loading file "scratch.m"
Loading "write_forms.m"
Loading "homology_torsion.m"
Computing H_1 to find nonliftable forms
Finished computing H_1
Bianchi cohomology space of weight Bianchi weight (0 0) in characteristic 2 and 
level 925.1 of dimension 11
Bianchi cohomology space of weight Bianchi weight (0 0) in characteristic 3 and 
level 925.1 of dimension 2
Bianchi cohomology space of weight Bianchi weight (0 0) in characteristic 23 and
level 925.1 of dimension 1

Wrote class to file!

Bianchi cohomology space of weight Bianchi weight (0 0) in characteristic 29 and
level 925.1 of dimension 1

Wrote class to file!

Bianchi cohomology space of weight Bianchi weight (0 0) in characteristic 41 and
level 925.1 of dimension 1

Wrote class to file!

Bianchi cohomology space of weight Bianchi weight (0 0) in characteristic 307 
and level 925.1 of dimension 1

Wrote class to file!

Bianchi cohomology space of weight Bianchi weight (0 0) in characteristic 853 
and level 925.1 of dimension 1

Wrote class to file!


Bianchi cohomology space of weight Bianchi weight (0 0) in characteristic 2 and 
level 926.1 of dimension 4
Bianchi cohomology space of weight Bianchi weight (0 0) in characteristic 3 and 
level 926.1 of dimension 2

Wrote class to file!

Bianchi cohomology space of weight Bianchi weight (0 0) in characteristic 7 and 
level 926.1 of dimension 1
Bianchi cohomology space of weight Bianchi weight (0 0) in characteristic 11 and
level 926.1 of dimension 1
Bianchi cohomology space of weight Bianchi weight (0 0) in characteristic 23 and
level 926.1 of dimension 2
Bianchi cohomology space of weight Bianchi weight (0 0) in characteristic 101 
and level 926.1 of dimension 1

Wrote class to file!

Bianchi cohomology space of weight Bianchi weight (0 0) in characteristic 21701 
and level 926.1 of dimension 2

Bianchi cohomology space of weight Bianchi weight (0 0) in characteristic 2 and 
level 926.2 of dimension 4
Bianchi cohomology space of weight Bianchi weight (0 0) in characteristic 3 and 
level 926.2 of dimension 1
Bianchi cohomology space of weight Bianchi weight (0 0) in characteristic 7 and 
level 926.2 of dimension 2

Wrote class to file!

Bianchi cohomology space of weight Bianchi weight (0 0) in characteristic 11 and
level 926.2 of dimension 1
Bianchi cohomology space of weight Bianchi weight (0 0) in characteristic 13 and
level 926.2 of dimension 2

Wrote class to file!


Wrote class to file!

Bianchi cohomology space of weight Bianchi weight (0 0) in characteristic 23 and
level 926.2 of dimension 2
Bianchi cohomology space of weight Bianchi weight (0 0) in characteristic 79 and
level 926.2 of dimension 1

Wrote class to file!

Bianchi cohomology space of weight Bianchi weight (0 0) in characteristic 21701 
and level 926.2 of dimension 2

Bianchi cohomology space of weight Bianchi weight (0 0) in characteristic 2 and 
level 928.2 of dimension 22
Bianchi cohomology space of weight Bianchi weight (0 0) in characteristic 3 and 
level 928.2 of dimension 11

Wrote class to file!

Bianchi cohomology space of weight Bianchi weight (0 0) in characteristic 7 and 
level 928.2 of dimension 9
Bianchi cohomology space of weight Bianchi weight (0 0) in characteristic 11 and
level 928.2 of dimension 11

Bianchi cohomology space of weight Bianchi weight (0 0) in characteristic 2 and 
level 928.7 of dimension 45
Bianchi cohomology space of weight Bianchi weight (0 0) in characteristic 3 and 
level 928.7 of dimension 7
Bianchi cohomology space of weight Bianchi weight (0 0) in characteristic 5 and 
level 928.7 of dimension 7

Wrote class to file!

Bianchi cohomology space of weight Bianchi weight (0 0) in characteristic 7 and 
level 928.7 of dimension 7
Bianchi cohomology space of weight Bianchi weight (0 0) in characteristic 11 and
level 928.7 of dimension 9

Bianchi cohomology space of weight Bianchi weight (0 0) in characteristic 2 and 
level 928.3 of dimension 43
Bianchi cohomology space of weight Bianchi weight (0 0) in characteristic 3 and 
level 928.3 of dimension 11

Wrote class to file!


Wrote class to file!

Bianchi cohomology space of weight Bianchi weight (0 0) in characteristic 5 and 
level 928.3 of dimension 7
Bianchi cohomology space of weight Bianchi weight (0 0) in characteristic 7 and 
level 928.3 of dimension 6

Bianchi cohomology space of weight Bianchi weight (0 0) in characteristic 2 and 
level 928.8 of dimension 45
Bianchi cohomology space of weight Bianchi weight (0 0) in characteristic 3 and 
level 928.8 of dimension 5
Bianchi cohomology space of weight Bianchi weight (0 0) in characteristic 5 and 
level 928.8 of dimension 5
Bianchi cohomology space of weight Bianchi weight (0 0) in characteristic 7 and 
level 928.8 of dimension 4

Bianchi cohomology space of weight Bianchi weight (0 0) in characteristic 2 and 
level 928.4 of dimension 43
Bianchi cohomology space of weight Bianchi weight (0 0) in characteristic 3 and 
level 928.4 of dimension 17
Bianchi cohomology space of weight Bianchi weight (0 0) in characteristic 7 and 
level 928.4 of dimension 17
Bianchi cohomology space of weight Bianchi weight (0 0) in characteristic 11 and
level 928.4 of dimension 20

Bianchi cohomology space of weight Bianchi weight (0 0) in characteristic 2 and 
level 928.12 of dimension 34
Bianchi cohomology space of weight Bianchi weight (0 0) in characteristic 7 and 
level 928.12 of dimension 6



Total time: 251234.839 seconds, Total memory usage: 3820.81MB
239818.99user 11416.00system 70:01:32elapsed 99%CPU (0avgtext+0avgdata 3789980maxresident)k
8inputs+680outputs (0major+5077895296minor)pagefaults 0swaps
