nohup: ignoring input
Magma V2.29-3     Fri Jul  3 2026 16:18:28 on verona   [Seed = 4005806222]
Type ? for help.  Type <Ctrl>-D to quit.

Loading file "scratch.m"
Loading "write_forms.m"
Loading "homology_torsion.m"
Computing H_1 to find nonliftable forms
Finished computing H_1
Bianchi cohomology space of weight Bianchi weight (0 0) in characteristic 2 and 
level 881.1 of dimension 6
Bianchi cohomology space of weight Bianchi weight (0 0) in characteristic 3 and 
level 881.1 of dimension 1

Wrote class to file!

Bianchi cohomology space of weight Bianchi weight (0 0) in characteristic 5 and 
level 881.1 of dimension 1
Bianchi cohomology space of weight Bianchi weight (0 0) in characteristic 11 and
level 881.1 of dimension 1
Bianchi cohomology space of weight Bianchi weight (0 0) in characteristic 359 
and level 881.1 of dimension 1

Wrote class to file!

Bianchi cohomology space of weight Bianchi weight (0 0) in characteristic 631 
and level 881.1 of dimension 1

Wrote class to file!

Bianchi cohomology space of weight Bianchi weight (0 0) in characteristic 1951 
and level 881.1 of dimension 1

Wrote class to file!


Bianchi cohomology space of weight Bianchi weight (0 0) in characteristic 2 and 
level 882.2 of dimension 60

Bianchi cohomology space of weight Bianchi weight (0 0) in characteristic 2 and 
level 882.3 of dimension 36
Bianchi cohomology space of weight Bianchi weight (0 0) in characteristic 3 and 
level 882.3 of dimension 14
Bianchi cohomology space of weight Bianchi weight (0 0) in characteristic 5 and 
level 882.3 of dimension 14

Bianchi cohomology space of weight Bianchi weight (0 0) in characteristic 2 and 
level 883.1 of dimension 3

Wrote class to file!

Bianchi cohomology space of weight Bianchi weight (0 0) in characteristic 3 and 
level 883.1 of dimension 1
Bianchi cohomology space of weight Bianchi weight (0 0) in characteristic 7 and 
level 883.1 of dimension 3

Wrote class to file!

Bianchi cohomology space of weight Bianchi weight (0 0) in characteristic 11 and
level 883.1 of dimension 1

Wrote class to file!

Bianchi cohomology space of weight Bianchi weight (0 0) in characteristic 13 and
level 883.1 of dimension 1

Wrote class to file!

Bianchi cohomology space of weight Bianchi weight (0 0) in characteristic 1231 
and level 883.1 of dimension 1

Wrote class to file!

Bianchi cohomology space of weight Bianchi weight (0 0) in characteristic 11719 
and level 883.1 of dimension 1

Wrote class to file!


Bianchi cohomology space of weight Bianchi weight (0 0) in characteristic 2 and 
level 886.2 of dimension 4
Bianchi cohomology space of weight Bianchi weight (0 0) in characteristic 7 and 
level 886.2 of dimension 2
Bianchi cohomology space of weight Bianchi weight (0 0) in characteristic 11 and
level 886.2 of dimension 1

Wrote class to file!

Bianchi cohomology space of weight Bianchi weight (0 0) in characteristic 13 and
level 886.2 of dimension 1
Bianchi cohomology space of weight Bianchi weight (0 0) in characteristic 17 and
level 886.2 of dimension 2
Bianchi cohomology space of weight Bianchi weight (0 0) in characteristic 353 
and level 886.2 of dimension 2
Bianchi cohomology space of weight Bianchi weight (0 0) in characteristic 523 
and level 886.2 of dimension 1

Wrote class to file!

Bianchi cohomology space of weight Bianchi weight (0 0) in characteristic 3623 
and level 886.2 of dimension 1

Wrote class to file!


Bianchi cohomology space of weight Bianchi weight (0 0) in characteristic 2 and 
level 891.4 of dimension 35
Bianchi cohomology space of weight Bianchi weight (0 0) in characteristic 3 and 
level 891.4 of dimension 21
Bianchi cohomology space of weight Bianchi weight (0 0) in characteristic 5 and 
level 891.4 of dimension 18
Bianchi cohomology space of weight Bianchi weight (0 0) in characteristic 13 and
level 891.4 of dimension 19

Bianchi cohomology space of weight Bianchi weight (0 0) in characteristic 2 and 
level 891.6 of dimension 45
Bianchi cohomology space of weight Bianchi weight (0 0) in characteristic 5 and 
level 891.6 of dimension 24

Bianchi cohomology space of weight Bianchi weight (0 0) in characteristic 2 and 
level 891.8 of dimension 35
Bianchi cohomology space of weight Bianchi weight (0 0) in characteristic 3 and 
level 891.8 of dimension 17
Bianchi cohomology space of weight Bianchi weight (0 0) in characteristic 5 and 
level 891.8 of dimension 16
Bianchi cohomology space of weight Bianchi weight (0 0) in characteristic 7 and 
level 891.8 of dimension 15

Wrote class to file!

Bianchi cohomology space of weight Bianchi weight (0 0) in characteristic 17 and
level 891.8 of dimension 16

Bianchi cohomology space of weight Bianchi weight (0 0) in characteristic 2 and 
level 891.2 of dimension 27
Bianchi cohomology space of weight Bianchi weight (0 0) in characteristic 3 and 
level 891.2 of dimension 21
Bianchi cohomology space of weight Bianchi weight (0 0) in characteristic 5 and 
level 891.2 of dimension 18
Bianchi cohomology space of weight Bianchi weight (0 0) in characteristic 13 and
level 891.2 of dimension 19

Bianchi cohomology space of weight Bianchi weight (0 0) in characteristic 2 and 
level 891.1 of dimension 23
Bianchi cohomology space of weight Bianchi weight (0 0) in characteristic 3 and 
level 891.1 of dimension 14
Bianchi cohomology space of weight Bianchi weight (0 0) in characteristic 5 and 
level 891.1 of dimension 13
Bianchi cohomology space of weight Bianchi weight (0 0) in characteristic 7 and 
level 891.1 of dimension 11

Wrote class to file!

Bianchi cohomology space of weight Bianchi weight (0 0) in characteristic 17 and
level 891.1 of dimension 13

Wrote class to file!


Bianchi cohomology space of weight Bianchi weight (0 0) in characteristic 2 and 
level 898.1 of dimension 7
Bianchi cohomology space of weight Bianchi weight (0 0) in characteristic 7 and 
level 898.1 of dimension 1
Bianchi cohomology space of weight Bianchi weight (0 0) in characteristic 11 and
level 898.1 of dimension 1

Wrote class to file!

Bianchi cohomology space of weight Bianchi weight (0 0) in characteristic 17 and
level 898.1 of dimension 1

Wrote class to file!

Bianchi cohomology space of weight Bianchi weight (0 0) in characteristic 977 
and level 898.1 of dimension 1

Wrote class to file!

Bianchi cohomology space of weight Bianchi weight (0 0) in characteristic 
1425821 and level 898.1 of dimension 2

Bianchi cohomology space of weight Bianchi weight (0 0) in characteristic 2 and 
level 900.1 of dimension 38
Bianchi cohomology space of weight Bianchi weight (0 0) in characteristic 3 and 
level 900.1 of dimension 21
Bianchi cohomology space of weight Bianchi weight (0 0) in characteristic 5 and 
level 900.1 of dimension 16

Bianchi cohomology space of weight Bianchi weight (0 0) in characteristic 2 and 
level 900.2 of dimension 67
Bianchi cohomology space of weight Bianchi weight (0 0) in characteristic 3 and 
level 900.2 of dimension 17
Bianchi cohomology space of weight Bianchi weight (0 0) in characteristic 5 and 
level 900.2 of dimension 13



Total time: 365003.330 seconds, Total memory usage: 5059.44MB
346708.75user 18294.87system 102:31:29elapsed 98%CPU (0avgtext+0avgdata 5021432maxresident)k
42152inputs+872outputs (3major+8393275553minor)pagefaults 0swaps
