nohup: ignoring input
Magma V2.29-3     Mon Jul  6 2026 08:06:18 on borona   [Seed = 1484316508]
Type ? for help.  Type <Ctrl>-D to quit.

Loading file "scratch.m"
Loading "write_forms.m"
Loading "homology_torsion.m"
Computing H_1 to find nonliftable forms
Finished computing H_1
Bianchi cohomology space of weight Bianchi weight (0 0) in characteristic 2 and 
level 837.8 of dimension 19
Bianchi cohomology space of weight Bianchi weight (0 0) in characteristic 3 and 
level 837.8 of dimension 14
Bianchi cohomology space of weight Bianchi weight (0 0) in characteristic 5 and 
level 837.8 of dimension 11
Bianchi cohomology space of weight Bianchi weight (0 0) in characteristic 7 and 
level 837.8 of dimension 9

Wrote class to file!

Bianchi cohomology space of weight Bianchi weight (0 0) in characteristic 43 and
level 837.8 of dimension 9

Wrote class to file!

Bianchi cohomology space of weight Bianchi weight (0 0) in characteristic 47 and
level 837.8 of dimension 9

Wrote class to file!


Bianchi cohomology space of weight Bianchi weight (0 0) in characteristic 2 and 
level 837.5 of dimension 33
error: 
ComputeNonliftable(
    d: 11
)
EigenformGaloisRepresentatives(
    B: Bianchi cohomology space of weight Bianchi weight (0 0) in c...
)
Eigenforms(
    B: Bianchi cohomology space of weight Bianchi weight (0 0) in c...
)
CommonGeneralizedEigenspaces(
    A: [ [1 0 0 0 0 0 0 0 0 0 0 0 0 1 0 0 1 1 1 0 1 0 0 0 0 0 0 0 0...
)
CommonEigenspaces(
    Q: [ [1 0 0 0 0 0 0 0 0 0 0 0 0 1 0 0 1 1 1 0 1 0 0 0 0 0 0 0 0...
)
In file "/usr/sms/share/magma/n/package/Algebra/AlgMat/General/diagonal.m", line
61, column 15:
>>         Append(~eigvals_, ev cat [e[1]]);
                 ^
Runtime error in 'Append': Cannot coerce element into the universe

Bianchi cohomology space of weight Bianchi weight (0 0) in characteristic 3 and 
level 837.5 of dimension 16
Bianchi cohomology space of weight Bianchi weight (0 0) in characteristic 5 and 
level 837.5 of dimension 10
Bianchi cohomology space of weight Bianchi weight (0 0) in characteristic 7 and 
level 837.5 of dimension 10

Bianchi cohomology space of weight Bianchi weight (0 0) in characteristic 2 and 
level 837.2 of dimension 13
Bianchi cohomology space of weight Bianchi weight (0 0) in characteristic 3 and 
level 837.2 of dimension 12
Bianchi cohomology space of weight Bianchi weight (0 0) in characteristic 5 and 
level 837.2 of dimension 8

Wrote class to file!

Bianchi cohomology space of weight Bianchi weight (0 0) in characteristic 7 and 
level 837.2 of dimension 9

Wrote class to file!

Bianchi cohomology space of weight Bianchi weight (0 0) in characteristic 79 and
level 837.2 of dimension 7

Wrote class to file!

Bianchi cohomology space of weight Bianchi weight (0 0) in characteristic 151 
and level 837.2 of dimension 7

Wrote class to file!


Bianchi cohomology space of weight Bianchi weight (0 0) in characteristic 2 and 
level 837.6 of dimension 37
Bianchi cohomology space of weight Bianchi weight (0 0) in characteristic 3 and 
level 837.6 of dimension 17

Wrote class to file!

Bianchi cohomology space of weight Bianchi weight (0 0) in characteristic 5 and 
level 837.6 of dimension 14

Bianchi cohomology space of weight Bianchi weight (0 0) in characteristic 2 and 
level 839.2 of dimension 6

Wrote class to file!

Bianchi cohomology space of weight Bianchi weight (0 0) in characteristic 11 and
level 839.2 of dimension 3

Wrote class to file!


Wrote class to file!

Bianchi cohomology space of weight Bianchi weight (0 0) in characteristic 19 and
level 839.2 of dimension 1

Wrote class to file!

Bianchi cohomology space of weight Bianchi weight (0 0) in characteristic 23 and
level 839.2 of dimension 1

Wrote class to file!

Bianchi cohomology space of weight Bianchi weight (0 0) in characteristic 89 and
level 839.2 of dimension 1

Wrote class to file!

Bianchi cohomology space of weight Bianchi weight (0 0) in characteristic 419 
and level 839.2 of dimension 1
Bianchi cohomology space of weight Bianchi weight (0 0) in characteristic 123091
and level 839.2 of dimension 1

Wrote class to file!




Total time: 64264.870 seconds, Total memory usage: 1754.91MB
64236.71user 28.22system 17:51:05elapsed 99%CPU (0avgtext+0avgdata 1719892maxresident)k
0inputs+496outputs (0major+12659014minor)pagefaults 0swaps
