nohup: ignoring input
Magma V2.29-3     Mon Jul  6 2026 08:04:52 on borona   [Seed = 2629573569]
Type ? for help.  Type <Ctrl>-D to quit.

Loading file "scratch.m"
Loading "write_forms.m"
Loading "homology_torsion.m"
Computing H_1 to find nonliftable forms
Finished computing H_1
Bianchi cohomology space of weight Bianchi weight (0 0) in characteristic 2 and 
level 801.6 of dimension 15
Bianchi cohomology space of weight Bianchi weight (0 0) in characteristic 3 and 
level 801.6 of dimension 9
Bianchi cohomology space of weight Bianchi weight (0 0) in characteristic 5 and 
level 801.6 of dimension 7

Wrote class to file!

Bianchi cohomology space of weight Bianchi weight (0 0) in characteristic 11 and
level 801.6 of dimension 7
Bianchi cohomology space of weight Bianchi weight (0 0) in characteristic 17 and
level 801.6 of dimension 10

Wrote class to file!

Bianchi cohomology space of weight Bianchi weight (0 0) in characteristic 59 and
level 801.6 of dimension 7

Wrote class to file!


Bianchi cohomology space of weight Bianchi weight (0 0) in characteristic 2 and 
level 801.3 of dimension 21
Bianchi cohomology space of weight Bianchi weight (0 0) in characteristic 3 and 
level 801.3 of dimension 7
Bianchi cohomology space of weight Bianchi weight (0 0) in characteristic 11 and
level 801.3 of dimension 7
Bianchi cohomology space of weight Bianchi weight (0 0) in characteristic 17 and
level 801.3 of dimension 10
Bianchi cohomology space of weight Bianchi weight (0 0) in characteristic 19 and
level 801.3 of dimension 8

Wrote class to file!


Wrote class to file!

Bianchi cohomology space of weight Bianchi weight (0 0) in characteristic 241 
and level 801.3 of dimension 7

Wrote class to file!

Bianchi cohomology space of weight Bianchi weight (0 0) in characteristic 271 
and level 801.3 of dimension 7

Wrote class to file!


Bianchi cohomology space of weight Bianchi weight (0 0) in characteristic 2 and 
level 801.2 of dimension 14
Bianchi cohomology space of weight Bianchi weight (0 0) in characteristic 3 and 
level 801.2 of dimension 9
Bianchi cohomology space of weight Bianchi weight (0 0) in characteristic 5 and 
level 801.2 of dimension 9

Wrote class to file!

Bianchi cohomology space of weight Bianchi weight (0 0) in characteristic 11 and
level 801.2 of dimension 9
Bianchi cohomology space of weight Bianchi weight (0 0) in characteristic 17 and
level 801.2 of dimension 11
Bianchi cohomology space of weight Bianchi weight (0 0) in characteristic 139 
and level 801.2 of dimension 9

Wrote class to file!


Bianchi cohomology space of weight Bianchi weight (0 0) in characteristic 2 and 
level 804.3 of dimension 10
Bianchi cohomology space of weight Bianchi weight (0 0) in characteristic 3 and 
level 804.3 of dimension 5
Bianchi cohomology space of weight Bianchi weight (0 0) in characteristic 5 and 
level 804.3 of dimension 5

Wrote class to file!


Wrote class to file!


Wrote class to file!

Bianchi cohomology space of weight Bianchi weight (0 0) in characteristic 11 and
level 804.3 of dimension 7

Wrote class to file!


Wrote class to file!


Wrote class to file!

Bianchi cohomology space of weight Bianchi weight (0 0) in characteristic 23 and
level 804.3 of dimension 3
Bianchi cohomology space of weight Bianchi weight (0 0) in characteristic 29 and
level 804.3 of dimension 2

Wrote class to file!


Bianchi cohomology space of weight Bianchi weight (0 0) in characteristic 2 and 
level 804.1 of dimension 10
Bianchi cohomology space of weight Bianchi weight (0 0) in characteristic 3 and 
level 804.1 of dimension 6
Bianchi cohomology space of weight Bianchi weight (0 0) in characteristic 5 and 
level 804.1 of dimension 2
Bianchi cohomology space of weight Bianchi weight (0 0) in characteristic 7 and 
level 804.1 of dimension 3

Wrote class to file!

Bianchi cohomology space of weight Bianchi weight (0 0) in characteristic 11 and
level 804.1 of dimension 4

Wrote class to file!

Bianchi cohomology space of weight Bianchi weight (0 0) in characteristic 23 and
level 804.1 of dimension 3

Wrote class to file!

Bianchi cohomology space of weight Bianchi weight (0 0) in characteristic 53 and
level 804.1 of dimension 1

Wrote class to file!


Bianchi cohomology space of weight Bianchi weight (0 0) in characteristic 2 and 
level 807.4 of dimension 11
Bianchi cohomology space of weight Bianchi weight (0 0) in characteristic 5 and 
level 807.4 of dimension 1

Wrote class to file!

Bianchi cohomology space of weight Bianchi weight (0 0) in characteristic 11 and
level 807.4 of dimension 1

Wrote class to file!

Bianchi cohomology space of weight Bianchi weight (0 0) in characteristic 67 and
level 807.4 of dimension 1
Bianchi cohomology space of weight Bianchi weight (0 0) in characteristic 163 
and level 807.4 of dimension 2
Bianchi cohomology space of weight Bianchi weight (0 0) in characteristic 5209 
and level 807.4 of dimension 1

Wrote class to file!


Bianchi cohomology space of weight Bianchi weight (0 0) in characteristic 2 and 
level 807.2 of dimension 11
Bianchi cohomology space of weight Bianchi weight (0 0) in characteristic 3 and 
level 807.2 of dimension 6
error: 
ComputeNonliftable(
    d: 11
)
EigenformGaloisRepresentatives(
    B: Bianchi cohomology space of weight Bianchi weight (0 0) in c...
)
Eigenforms(
    B: Bianchi cohomology space of weight Bianchi weight (0 0) in c...
)
CommonGeneralizedEigenspaces(
    A: [ [2 2 1 0 0 2] [2 0 0 0 0 0] [0 1 2 2 0 2] [2 0 1 2 0 2] [2...
)
CommonEigenspaces(
    Q: [ [    2     2     1     0     0     2] [    2     0     0  ...
)
In file "/usr/sms/share/magma/n/package/Algebra/AlgMat/General/diagonal.m", line
61, column 15:
>>         Append(~eigvals_, ev cat [e[1]]);
                 ^
Runtime error in 'Append': Cannot coerce element into the universe

Bianchi cohomology space of weight Bianchi weight (0 0) in characteristic 23 and
level 807.2 of dimension 1

Wrote class to file!

Bianchi cohomology space of weight Bianchi weight (0 0) in characteristic 67 and
level 807.2 of dimension 1
Bianchi cohomology space of weight Bianchi weight (0 0) in characteristic 163 
and level 807.2 of dimension 2
Bianchi cohomology space of weight Bianchi weight (0 0) in characteristic 757 
and level 807.2 of dimension 1

Wrote class to file!




Total time: 223041.500 seconds, Total memory usage: 3594.44MB
220070.32user 2971.26system 61:57:25elapsed 99%CPU (0avgtext+0avgdata 3637812maxresident)k
8inputs+784outputs (0major+1699625449minor)pagefaults 0swaps
