nohup: ignoring input
Magma V2.29-3     Fri Jul  3 2026 16:04:56 on verona   [Seed = 1097627130]
Type ? for help.  Type <Ctrl>-D to quit.

Loading file "scratch.m"
Loading "write_forms.m"
Loading "homology_torsion.m"
Computing H_1 to find nonliftable forms
Finished computing H_1
Bianchi cohomology space of weight Bianchi weight (0 0) in characteristic 2 and 
level 953.2 of dimension 6
Bianchi cohomology space of weight Bianchi weight (0 0) in characteristic 7 and 
level 953.2 of dimension 3
Bianchi cohomology space of weight Bianchi weight (0 0) in characteristic 17 and
level 953.2 of dimension 3

Bianchi cohomology space of weight Bianchi weight (0 0) in characteristic 2 and 
level 954.1 of dimension 8
Bianchi cohomology space of weight Bianchi weight (0 0) in characteristic 3 and 
level 954.1 of dimension 3
Bianchi cohomology space of weight Bianchi weight (0 0) in characteristic 5 and 
level 954.1 of dimension 3

Wrote class to file!

Bianchi cohomology space of weight Bianchi weight (0 0) in characteristic 13 and
level 954.1 of dimension 4

Wrote class to file!




Total time: 40081.819 seconds, Total memory usage: 1409.09MB
36491.26user 3590.62system 11:09:42elapsed 99%CPU (0avgtext+0avgdata 1475056maxresident)k
0inputs+120outputs (0major+1325796134minor)pagefaults 0swaps
