nohup: ignoring input
Magma V2.29-3     Fri Jul  3 2026 10:11:05 on orbona   [Seed = 2309305213]
Type ? for help.  Type <Ctrl>-D to quit.

Loading file "scratch.m"
Loading "write_forms.m"
Loading "homology_torsion.m"
Computing H_1 to find nonliftable forms
Finished computing H_1
Bianchi cohomology space of weight Bianchi weight (0 0) in characteristic 2 and 
level 102.4 of dimension 9

Bianchi cohomology space of weight Bianchi weight (0 0) in characteristic 2 and 
level 102.3 of dimension 9

Bianchi cohomology space of weight Bianchi weight (0 0) in characteristic 2 and 
level 107.2 of dimension 2
Bianchi cohomology space of weight Bianchi weight (0 0) in characteristic 53 and
level 107.2 of dimension 1

Bianchi cohomology space of weight Bianchi weight (0 0) in characteristic 2 and 
level 108.3 of dimension 20

Bianchi cohomology space of weight Bianchi weight (0 0) in characteristic 2 and 
level 108.1 of dimension 14
Bianchi cohomology space of weight Bianchi weight (0 0) in characteristic 3 and 
level 108.1 of dimension 9

Bianchi cohomology space of weight Bianchi weight (0 0) in characteristic 2 and 
level 113.1 of dimension 6
Bianchi cohomology space of weight Bianchi weight (0 0) in characteristic 7 and 
level 113.1 of dimension 1

Bianchi cohomology space of weight Bianchi weight (0 0) in characteristic 2 and 
level 114.3 of dimension 9
Bianchi cohomology space of weight Bianchi weight (0 0) in characteristic 3 and 
level 114.3 of dimension 3
Bianchi cohomology space of weight Bianchi weight (0 0) in characteristic 5 and 
level 114.3 of dimension 1

Wrote class to file!


Bianchi cohomology space of weight Bianchi weight (0 0) in characteristic 2 and 
level 114.4 of dimension 11
Bianchi cohomology space of weight Bianchi weight (0 0) in characteristic 3 and 
level 114.4 of dimension 3

Bianchi cohomology space of weight Bianchi weight (0 0) in characteristic 2 and 
level 118.2 of dimension 4
Bianchi cohomology space of weight Bianchi weight (0 0) in characteristic 11 and
level 118.2 of dimension 1

Wrote class to file!

Bianchi cohomology space of weight Bianchi weight (0 0) in characteristic 29 and
level 118.2 of dimension 1

Bianchi cohomology space of weight Bianchi weight (0 0) in characteristic 2 and 
level 121.1 of dimension 7
Bianchi cohomology space of weight Bianchi weight (0 0) in characteristic 5 and 
level 121.1 of dimension 6

Bianchi cohomology space of weight Bianchi weight (0 0) in characteristic 2 and 
level 121.2 of dimension 9
Bianchi cohomology space of weight Bianchi weight (0 0) in characteristic 5 and 
level 121.2 of dimension 3

Bianchi cohomology space of weight Bianchi weight (0 0) in characteristic 2 and 
level 123.4 of dimension 9
Bianchi cohomology space of weight Bianchi weight (0 0) in characteristic 5 and 
level 123.4 of dimension 1

Bianchi cohomology space of weight Bianchi weight (0 0) in characteristic 2 and 
level 123.2 of dimension 10
Bianchi cohomology space of weight Bianchi weight (0 0) in characteristic 5 and 
level 123.2 of dimension 1

Bianchi cohomology space of weight Bianchi weight (0 0) in characteristic 2 and 
level 128.1 of dimension 15

Bianchi cohomology space of weight Bianchi weight (0 0) in characteristic 2 and 
level 129.2 of dimension 8
Bianchi cohomology space of weight Bianchi weight (0 0) in characteristic 3 and 
level 129.2 of dimension 1
Bianchi cohomology space of weight Bianchi weight (0 0) in characteristic 7 and 
level 129.2 of dimension 1

Bianchi cohomology space of weight Bianchi weight (0 0) in characteristic 2 and 
level 129.1 of dimension 5
Bianchi cohomology space of weight Bianchi weight (0 0) in characteristic 3 and 
level 129.1 of dimension 1
Bianchi cohomology space of weight Bianchi weight (0 0) in characteristic 7 and 
level 129.1 of dimension 1
Bianchi cohomology space of weight Bianchi weight (0 0) in characteristic 13 and
level 129.1 of dimension 1

Wrote class to file!


Bianchi cohomology space of weight Bianchi weight (0 0) in characteristic 2 and 
level 131.2 of dimension 2
Bianchi cohomology space of weight Bianchi weight (0 0) in characteristic 5 and 
level 131.2 of dimension 1
Bianchi cohomology space of weight Bianchi weight (0 0) in characteristic 13 and
level 131.2 of dimension 1

Bianchi cohomology space of weight Bianchi weight (0 0) in characteristic 2 and 
level 132.4 of dimension 15
Bianchi cohomology space of weight Bianchi weight (0 0) in characteristic 5 and 
level 132.4 of dimension 1

Bianchi cohomology space of weight Bianchi weight (0 0) in characteristic 2 and 
level 132.3 of dimension 13
Bianchi cohomology space of weight Bianchi weight (0 0) in characteristic 3 and 
level 132.3 of dimension 3
Bianchi cohomology space of weight Bianchi weight (0 0) in characteristic 5 and 
level 132.3 of dimension 1

Bianchi cohomology space of weight Bianchi weight (0 0) in characteristic 2 and 
level 134.2 of dimension 6
Bianchi cohomology space of weight Bianchi weight (0 0) in characteristic 3 and 
level 134.2 of dimension 3
Bianchi cohomology space of weight Bianchi weight (0 0) in characteristic 11 and
level 134.2 of dimension 1

Bianchi cohomology space of weight Bianchi weight (0 0) in characteristic 2 and 
level 136.1 of dimension 11

Bianchi cohomology space of weight Bianchi weight (0 0) in characteristic 2 and 
level 137.1 of dimension 8
Bianchi cohomology space of weight Bianchi weight (0 0) in characteristic 17 and
level 137.1 of dimension 1

Bianchi cohomology space of weight Bianchi weight (0 0) in characteristic 2 and 
level 139.1 of dimension 2
Bianchi cohomology space of weight Bianchi weight (0 0) in characteristic 3 and 
level 139.1 of dimension 1
Bianchi cohomology space of weight Bianchi weight (0 0) in characteristic 5 and 
level 139.1 of dimension 1

Wrote class to file!

Bianchi cohomology space of weight Bianchi weight (0 0) in characteristic 23 and
level 139.1 of dimension 1

Bianchi cohomology space of weight Bianchi weight (0 0) in characteristic 2 and 
level 144.1 of dimension 19

Bianchi cohomology space of weight Bianchi weight (0 0) in characteristic 2 and 
level 144.2 of dimension 28

Bianchi cohomology space of weight Bianchi weight (0 0) in characteristic 2 and 
level 146.2 of dimension 8
Bianchi cohomology space of weight Bianchi weight (0 0) in characteristic 3 and 
level 146.2 of dimension 1
Bianchi cohomology space of weight Bianchi weight (0 0) in characteristic 19 and
level 146.2 of dimension 2

Bianchi cohomology space of weight Bianchi weight (0 0) in characteristic 2 and 
level 147.2 of dimension 9
Bianchi cohomology space of weight Bianchi weight (0 0) in characteristic 3 and 
level 147.2 of dimension 1

Bianchi cohomology space of weight Bianchi weight (0 0) in characteristic 2 and 
level 150.1 of dimension 13
Bianchi cohomology space of weight Bianchi weight (0 0) in characteristic 3 and 
level 150.1 of dimension 3

Bianchi cohomology space of weight Bianchi weight (0 0) in characteristic 2 and 
level 152.1 of dimension 8
Bianchi cohomology space of weight Bianchi weight (0 0) in characteristic 3 and 
level 152.1 of dimension 4

Bianchi cohomology space of weight Bianchi weight (0 0) in characteristic 2 and 
level 153.6 of dimension 8

Bianchi cohomology space of weight Bianchi weight (0 0) in characteristic 2 and 
level 153.4 of dimension 13

Bianchi cohomology space of weight Bianchi weight (0 0) in characteristic 2 and 
level 153.2 of dimension 9

Bianchi cohomology space of weight Bianchi weight (0 0) in characteristic 2 and 
level 162.1 of dimension 16
Bianchi cohomology space of weight Bianchi weight (0 0) in characteristic 3 and 
level 162.1 of dimension 13

Bianchi cohomology space of weight Bianchi weight (0 0) in characteristic 2 and 
level 162.4 of dimension 19
Bianchi cohomology space of weight Bianchi weight (0 0) in characteristic 3 and 
level 162.4 of dimension 11

Bianchi cohomology space of weight Bianchi weight (0 0) in characteristic 2 and 
level 162.3 of dimension 25

Bianchi cohomology space of weight Bianchi weight (0 0) in characteristic 2 and 
level 163.1 of dimension 2
Bianchi cohomology space of weight Bianchi weight (0 0) in characteristic 3 and 
level 163.1 of dimension 2

Bianchi cohomology space of weight Bianchi weight (0 0) in characteristic 2 and 
level 164.1 of dimension 13
Bianchi cohomology space of weight Bianchi weight (0 0) in characteristic 3 and 
level 164.1 of dimension 3
Bianchi cohomology space of weight Bianchi weight (0 0) in characteristic 5 and 
level 164.1 of dimension 2

Bianchi cohomology space of weight Bianchi weight (0 0) in characteristic 2 and 
level 166.2 of dimension 6
Bianchi cohomology space of weight Bianchi weight (0 0) in characteristic 3 and 
level 166.2 of dimension 1

Wrote class to file!

Bianchi cohomology space of weight Bianchi weight (0 0) in characteristic 41 and
level 166.2 of dimension 1

Bianchi cohomology space of weight Bianchi weight (0 0) in characteristic 2 and 
level 169.1 of dimension 9
Bianchi cohomology space of weight Bianchi weight (0 0) in characteristic 3 and 
level 169.1 of dimension 1
Bianchi cohomology space of weight Bianchi weight (0 0) in characteristic 7 and 
level 169.1 of dimension 2

Bianchi cohomology space of weight Bianchi weight (0 0) in characteristic 2 and 
level 171.6 of dimension 8
Bianchi cohomology space of weight Bianchi weight (0 0) in characteristic 3 and 
level 171.6 of dimension 3

Bianchi cohomology space of weight Bianchi weight (0 0) in characteristic 2 and 
level 171.4 of dimension 11
Bianchi cohomology space of weight Bianchi weight (0 0) in characteristic 3 and 
level 171.4 of dimension 1

Bianchi cohomology space of weight Bianchi weight (0 0) in characteristic 2 and 
level 171.2 of dimension 7
Bianchi cohomology space of weight Bianchi weight (0 0) in characteristic 3 and 
level 171.2 of dimension 3

Bianchi cohomology space of weight Bianchi weight (0 0) in characteristic 2 and 
level 172.2 of dimension 6
Bianchi cohomology space of weight Bianchi weight (0 0) in characteristic 3 and 
level 172.2 of dimension 1
Bianchi cohomology space of weight Bianchi weight (0 0) in characteristic 5 and 
level 172.2 of dimension 2
Bianchi cohomology space of weight Bianchi weight (0 0) in characteristic 7 and 
level 172.2 of dimension 1
Bianchi cohomology space of weight Bianchi weight (0 0) in characteristic 11 and
level 172.2 of dimension 1

Wrote class to file!


Bianchi cohomology space of weight Bianchi weight (0 0) in characteristic 2 and 
level 176.2 of dimension 12
Bianchi cohomology space of weight Bianchi weight (0 0) in characteristic 5 and 
level 176.2 of dimension 4

Wrote class to file!


Bianchi cohomology space of weight Bianchi weight (0 0) in characteristic 2 and 
level 177.4 of dimension 5
Bianchi cohomology space of weight Bianchi weight (0 0) in characteristic 3 and 
level 177.4 of dimension 2

Wrote class to file!

Bianchi cohomology space of weight Bianchi weight (0 0) in characteristic 7 and 
level 177.4 of dimension 1

Wrote class to file!

Bianchi cohomology space of weight Bianchi weight (0 0) in characteristic 29 and
level 177.4 of dimension 1

Bianchi cohomology space of weight Bianchi weight (0 0) in characteristic 2 and 
level 177.2 of dimension 5
Bianchi cohomology space of weight Bianchi weight (0 0) in characteristic 3 and 
level 177.2 of dimension 2

Wrote class to file!

Bianchi cohomology space of weight Bianchi weight (0 0) in characteristic 29 and
level 177.2 of dimension 1
Bianchi cohomology space of weight Bianchi weight (0 0) in characteristic 37 and
level 177.2 of dimension 1

Wrote class to file!


Bianchi cohomology space of weight Bianchi weight (0 0) in characteristic 2 and 
level 178.2 of dimension 12
Bianchi cohomology space of weight Bianchi weight (0 0) in characteristic 11 and
level 178.2 of dimension 4

Bianchi cohomology space of weight Bianchi weight (0 0) in characteristic 2 and 
level 179.2 of dimension 2
Bianchi cohomology space of weight Bianchi weight (0 0) in characteristic 31 and
level 179.2 of dimension 1

Wrote class to file!

Bianchi cohomology space of weight Bianchi weight (0 0) in characteristic 89 and
level 179.2 of dimension 1

Bianchi cohomology space of weight Bianchi weight (0 0) in characteristic 2 and 
level 187.2 of dimension 5
Bianchi cohomology space of weight Bianchi weight (0 0) in characteristic 5 and 
level 187.2 of dimension 1
Bianchi cohomology space of weight Bianchi weight (0 0) in characteristic 13 and
level 187.2 of dimension 1

Wrote class to file!


Bianchi cohomology space of weight Bianchi weight (0 0) in characteristic 2 and 
level 187.1 of dimension 5
Bianchi cohomology space of weight Bianchi weight (0 0) in characteristic 5 and 
level 187.1 of dimension 1

Bianchi cohomology space of weight Bianchi weight (0 0) in characteristic 2 and 
level 192.2 of dimension 23

Bianchi cohomology space of weight Bianchi weight (0 0) in characteristic 2 and 
level 193.2 of dimension 4
Bianchi cohomology space of weight Bianchi weight (0 0) in characteristic 3 and 
level 193.2 of dimension 1
Bianchi cohomology space of weight Bianchi weight (0 0) in characteristic 251 
and level 193.2 of dimension 1

Wrote class to file!


Bianchi cohomology space of weight Bianchi weight (0 0) in characteristic 2 and 
level 194.1 of dimension 9
Bianchi cohomology space of weight Bianchi weight (0 0) in characteristic 3 and 
level 194.1 of dimension 2
Bianchi cohomology space of weight Bianchi weight (0 0) in characteristic 41 and
level 194.1 of dimension 3

Bianchi cohomology space of weight Bianchi weight (0 0) in characteristic 2 and 
level 196.1 of dimension 15

Bianchi cohomology space of weight Bianchi weight (0 0) in characteristic 2 and 
level 198.1 of dimension 18
Bianchi cohomology space of weight Bianchi weight (0 0) in characteristic 5 and 
level 198.1 of dimension 6

Bianchi cohomology space of weight Bianchi weight (0 0) in characteristic 2 and 
level 198.5 of dimension 13
Bianchi cohomology space of weight Bianchi weight (0 0) in characteristic 3 and 
level 198.5 of dimension 10

Wrote class to file!

Bianchi cohomology space of weight Bianchi weight (0 0) in characteristic 5 and 
level 198.5 of dimension 5

Bianchi cohomology space of weight Bianchi weight (0 0) in characteristic 2 and 
level 198.4 of dimension 23
Bianchi cohomology space of weight Bianchi weight (0 0) in characteristic 3 and 
level 198.4 of dimension 4
Bianchi cohomology space of weight Bianchi weight (0 0) in characteristic 5 and 
level 198.4 of dimension 3

Bianchi cohomology space of weight Bianchi weight (0 0) in characteristic 2 and 
level 200.1 of dimension 17
Bianchi cohomology space of weight Bianchi weight (0 0) in characteristic 3 and 
level 200.1 of dimension 5



Total time: 4488.119 seconds, Total memory usage: 220.22MB
4487.98user 0.16system 1:14:48elapsed 100%CPU (0avgtext+0avgdata 240956maxresident)k
0inputs+1384outputs (0major+109406minor)pagefaults 0swaps
