nohup: ignoring input
Magma V2.29-3     Fri Jul  3 2026 11:58:54 on albona   [Seed = 1601308302]
Type ? for help.  Type <Ctrl>-D to quit.

Loading file "scratch.m"
Loading "write_forms.m"
Loading "homology_torsion.m"
Computing H_1 to find nonliftable forms
Finished computing H_1
Bianchi cohomology space of weight Bianchi weight (0 0) in characteristic 2 and 
level 882.1 of dimension 36
Bianchi cohomology space of weight Bianchi weight (0 0) in characteristic 3 and 
level 882.1 of dimension 24

Wrote class to file!


Bianchi cohomology space of weight Bianchi weight (0 0) in characteristic 2 and 
level 883.2 of dimension 2
Bianchi cohomology space of weight Bianchi weight (0 0) in characteristic 3 and 
level 883.2 of dimension 1
Bianchi cohomology space of weight Bianchi weight (0 0) in characteristic 7 and 
level 883.2 of dimension 1
Bianchi cohomology space of weight Bianchi weight (0 0) in characteristic 211 
and level 883.2 of dimension 1

Wrote class to file!

Bianchi cohomology space of weight Bianchi weight (0 0) in characteristic 
16453799 and level 883.2 of dimension 1

Wrote class to file!


Bianchi cohomology space of weight Bianchi weight (0 0) in characteristic 2 and 
level 886.4 of dimension 12
Bianchi cohomology space of weight Bianchi weight (0 0) in characteristic 7 and 
level 886.4 of dimension 1

Wrote class to file!

Bianchi cohomology space of weight Bianchi weight (0 0) in characteristic 13 and
level 886.4 of dimension 1
Bianchi cohomology space of weight Bianchi weight (0 0) in characteristic 17 and
level 886.4 of dimension 1
Bianchi cohomology space of weight Bianchi weight (0 0) in characteristic 283 
and level 886.4 of dimension 1

Wrote class to file!


Bianchi cohomology space of weight Bianchi weight (0 0) in characteristic 2 and 
level 886.2 of dimension 12
Bianchi cohomology space of weight Bianchi weight (0 0) in characteristic 3 and 
level 886.2 of dimension 2

Wrote class to file!

Bianchi cohomology space of weight Bianchi weight (0 0) in characteristic 13 and
level 886.2 of dimension 1
Bianchi cohomology space of weight Bianchi weight (0 0) in characteristic 17 and
level 886.2 of dimension 1
Bianchi cohomology space of weight Bianchi weight (0 0) in characteristic 14797 
and level 886.2 of dimension 1

Wrote class to file!


Bianchi cohomology space of weight Bianchi weight (0 0) in characteristic 2 and 
level 889.1 of dimension 13
Bianchi cohomology space of weight Bianchi weight (0 0) in characteristic 3 and 
level 889.1 of dimension 2
Bianchi cohomology space of weight Bianchi weight (0 0) in characteristic 7 and 
level 889.1 of dimension 5

Bianchi cohomology space of weight Bianchi weight (0 0) in characteristic 2 and 
level 891.2 of dimension 15
Bianchi cohomology space of weight Bianchi weight (0 0) in characteristic 5 and 
level 891.2 of dimension 11

Wrote class to file!

Bianchi cohomology space of weight Bianchi weight (0 0) in characteristic 499 
and level 891.2 of dimension 10

Wrote class to file!


Wrote class to file!


Bianchi cohomology space of weight Bianchi weight (0 0) in characteristic 2 and 
level 896.1 of dimension 34
Bianchi cohomology space of weight Bianchi weight (0 0) in characteristic 3 and 
level 896.1 of dimension 18
Bianchi cohomology space of weight Bianchi weight (0 0) in characteristic 5 and 
level 896.1 of dimension 19

Wrote class to file!


Wrote class to file!


Bianchi cohomology space of weight Bianchi weight (0 0) in characteristic 2 and 
level 896.6 of dimension 61

Bianchi cohomology space of weight Bianchi weight (0 0) in characteristic 2 and 
level 896.5 of dimension 67

Bianchi cohomology space of weight Bianchi weight (0 0) in characteristic 2 and 
level 896.2 of dimension 57

Bianchi cohomology space of weight Bianchi weight (0 0) in characteristic 2 and 
level 898.1 of dimension 10
Bianchi cohomology space of weight Bianchi weight (0 0) in characteristic 7 and 
level 898.1 of dimension 1
Bianchi cohomology space of weight Bianchi weight (0 0) in characteristic 274283
and level 898.1 of dimension 2

Bianchi cohomology space of weight Bianchi weight (0 0) in characteristic 2 and 
level 898.2 of dimension 9
Bianchi cohomology space of weight Bianchi weight (0 0) in characteristic 3 and 
level 898.2 of dimension 3

Wrote class to file!


Wrote class to file!

Bianchi cohomology space of weight Bianchi weight (0 0) in characteristic 5 and 
level 898.2 of dimension 2

Wrote class to file!

Bianchi cohomology space of weight Bianchi weight (0 0) in characteristic 7 and 
level 898.2 of dimension 1
Bianchi cohomology space of weight Bianchi weight (0 0) in characteristic 274283
and level 898.2 of dimension 2

Bianchi cohomology space of weight Bianchi weight (0 0) in characteristic 2 and 
level 900.3 of dimension 38
Bianchi cohomology space of weight Bianchi weight (0 0) in characteristic 3 and 
level 900.3 of dimension 4

Bianchi cohomology space of weight Bianchi weight (0 0) in characteristic 2 and 
level 900.2 of dimension 61
Bianchi cohomology space of weight Bianchi weight (0 0) in characteristic 3 and 
level 900.2 of dimension 7



Total time: 103658.919 seconds, Total memory usage: 4340.81MB
97842.04user 5817.02system 28:47:45elapsed 99%CPU (0avgtext+0avgdata 4359940maxresident)k
16inputs+656outputs (0major+2784164868minor)pagefaults 0swaps
