nohup: ignoring input
Magma V2.29-3     Mon Jul  6 2026 07:59:19 on azdona   [Seed = 3758056661]
Type ? for help.  Type <Ctrl>-D to quit.

Loading file "scratch.m"
Loading "write_forms.m"
Loading "homology_torsion.m"
Computing H_1 to find nonliftable forms
Finished computing H_1
Bianchi cohomology space of weight Bianchi weight (0 0) in characteristic 2 and 
level 953.2 of dimension 5
Bianchi cohomology space of weight Bianchi weight (0 0) in characteristic 3 and 
level 953.2 of dimension 1

Wrote class to file!

Bianchi cohomology space of weight Bianchi weight (0 0) in characteristic 7 and 
level 953.2 of dimension 1
Bianchi cohomology space of weight Bianchi weight (0 0) in characteristic 17 and
level 953.2 of dimension 1
Bianchi cohomology space of weight Bianchi weight (0 0) in characteristic 23 and
level 953.2 of dimension 1

Wrote class to file!

Bianchi cohomology space of weight Bianchi weight (0 0) in characteristic 3307 
and level 953.2 of dimension 1

Wrote class to file!

Bianchi cohomology space of weight Bianchi weight (0 0) in characteristic 179693
and level 953.2 of dimension 1

Wrote class to file!




Total time: 17408.330 seconds, Total memory usage: 1926.00MB
17403.62user 4.74system 4:50:08elapsed 99%CPU (0avgtext+0avgdata 1860996maxresident)k
8inputs+144outputs (0major+2918716minor)pagefaults 0swaps
