nohup: ignoring input
Magma V2.29-3     Mon Jul  6 2026 08:01:19 on azdona   [Seed = 2052769512]
Type ? for help.  Type <Ctrl>-D to quit.

Loading file "scratch.m"
Loading "write_forms.m"
Loading "homology_torsion.m"
Computing H_1 to find nonliftable forms
Finished computing H_1
Bianchi cohomology space of weight Bianchi weight (0 0) in characteristic 2 and 
level 982.1 of dimension 10

Wrote class to file!

Bianchi cohomology space of weight Bianchi weight (0 0) in characteristic 5 and 
level 982.1 of dimension 3
Bianchi cohomology space of weight Bianchi weight (0 0) in characteristic 7 and 
level 982.1 of dimension 3
Bianchi cohomology space of weight Bianchi weight (0 0) in characteristic 17 and
level 982.1 of dimension 3

Wrote class to file!

Bianchi cohomology space of weight Bianchi weight (0 0) in characteristic 19 and
level 982.1 of dimension 3

Wrote class to file!

Bianchi cohomology space of weight Bianchi weight (0 0) in characteristic 31 and
level 982.1 of dimension 3

Wrote class to file!

Bianchi cohomology space of weight Bianchi weight (0 0) in characteristic 421 
and level 982.1 of dimension 4

Bianchi cohomology space of weight Bianchi weight (0 0) in characteristic 2 and 
level 984.1 of dimension 42
Bianchi cohomology space of weight Bianchi weight (0 0) in characteristic 3 and 
level 984.1 of dimension 19
Bianchi cohomology space of weight Bianchi weight (0 0) in characteristic 5 and 
level 984.1 of dimension 13
Bianchi cohomology space of weight Bianchi weight (0 0) in characteristic 11 and
level 984.1 of dimension 15

Bianchi cohomology space of weight Bianchi weight (0 0) in characteristic 2 and 
level 984.3 of dimension 48
Bianchi cohomology space of weight Bianchi weight (0 0) in characteristic 3 and 
level 984.3 of dimension 17
Bianchi cohomology space of weight Bianchi weight (0 0) in characteristic 5 and 
level 984.3 of dimension 16

Wrote class to file!




Total time: 112559.059 seconds, Total memory usage: 2409.75MB
102698.00user 9861.14system 31:16:01elapsed 99%CPU (0avgtext+0avgdata 2474200maxresident)k
0inputs+224outputs (0major+6110857508minor)pagefaults 0swaps
