nohup: ignoring input
Magma V2.29-3     Fri Jul  3 2026 16:04:19 on verona   [Seed = 3180366057]
Type ? for help.  Type <Ctrl>-D to quit.

Loading file "scratch.m"
Loading "write_forms.m"
Loading "homology_torsion.m"
Computing H_1 to find nonliftable forms
Finished computing H_1
Bianchi cohomology space of weight Bianchi weight (0 0) in characteristic 2 and 
level 932.2 of dimension 11
Bianchi cohomology space of weight Bianchi weight (0 0) in characteristic 11 and
level 932.2 of dimension 5
Bianchi cohomology space of weight Bianchi weight (0 0) in characteristic 29 and
level 932.2 of dimension 4

Bianchi cohomology space of weight Bianchi weight (0 0) in characteristic 2 and 
level 936.2 of dimension 15
Bianchi cohomology space of weight Bianchi weight (0 0) in characteristic 3 and 
level 936.2 of dimension 3

Bianchi cohomology space of weight Bianchi weight (0 0) in characteristic 2 and 
level 937.2 of dimension 2
Bianchi cohomology space of weight Bianchi weight (0 0) in characteristic 3 and 
level 937.2 of dimension 3
Bianchi cohomology space of weight Bianchi weight (0 0) in characteristic 13 and
level 937.2 of dimension 1
Bianchi cohomology space of weight Bianchi weight (0 0) in characteristic 37 and
level 937.2 of dimension 1

Wrote class to file!

Bianchi cohomology space of weight Bianchi weight (0 0) in characteristic 47 and
level 937.2 of dimension 1

Wrote class to file!




Total time: 51013.269 seconds, Total memory usage: 1712.47MB
50991.42user 21.91system 14:12:38elapsed 99%CPU (0avgtext+0avgdata 1777520maxresident)k
0inputs+152outputs (0major+7496263minor)pagefaults 0swaps
