nohup: ignoring input
Magma V2.29-3     Mon Jul  6 2026 08:11:22 on esbona   [Seed = 772718470]
Type ? for help.  Type <Ctrl>-D to quit.

Loading file "scratch.m"
Loading "write_forms.m"
Loading "homology_torsion.m"
Computing H_1 to find nonliftable forms
Finished computing H_1
Bianchi cohomology space of weight Bianchi weight (0 0) in characteristic 2 and 
level 933.3 of dimension 11
Bianchi cohomology space of weight Bianchi weight (0 0) in characteristic 5 and 
level 933.3 of dimension 1
Bianchi cohomology space of weight Bianchi weight (0 0) in characteristic 31 and
level 933.3 of dimension 1
Bianchi cohomology space of weight Bianchi weight (0 0) in characteristic 59 and
level 933.3 of dimension 2
Bianchi cohomology space of weight Bianchi weight (0 0) in characteristic 79 and
level 933.3 of dimension 2
Bianchi cohomology space of weight Bianchi weight (0 0) in characteristic 277 
and level 933.3 of dimension 1

Wrote class to file!

Bianchi cohomology space of weight Bianchi weight (0 0) in characteristic 1699 
and level 933.3 of dimension 1

Wrote class to file!


Bianchi cohomology space of weight Bianchi weight (0 0) in characteristic 2 and 
level 933.1 of dimension 11
Bianchi cohomology space of weight Bianchi weight (0 0) in characteristic 3 and 
level 933.1 of dimension 2
Bianchi cohomology space of weight Bianchi weight (0 0) in characteristic 5 and 
level 933.1 of dimension 2
Bianchi cohomology space of weight Bianchi weight (0 0) in characteristic 29 and
level 933.1 of dimension 2

Wrote class to file!

Bianchi cohomology space of weight Bianchi weight (0 0) in characteristic 31 and
level 933.1 of dimension 2
Bianchi cohomology space of weight Bianchi weight (0 0) in characteristic 59 and
level 933.1 of dimension 3
Bianchi cohomology space of weight Bianchi weight (0 0) in characteristic 79 and
level 933.1 of dimension 3
Bianchi cohomology space of weight Bianchi weight (0 0) in characteristic 113 
and level 933.1 of dimension 2

Wrote class to file!

Bianchi cohomology space of weight Bianchi weight (0 0) in characteristic 521 
and level 933.1 of dimension 2

Wrote class to file!


Bianchi cohomology space of weight Bianchi weight (0 0) in characteristic 2 and 
level 939.3 of dimension 10
Bianchi cohomology space of weight Bianchi weight (0 0) in characteristic 3 and 
level 939.3 of dimension 3
Bianchi cohomology space of weight Bianchi weight (0 0) in characteristic 7 and 
level 939.3 of dimension 1

Wrote class to file!

Bianchi cohomology space of weight Bianchi weight (0 0) in characteristic 13 and
level 939.3 of dimension 1
Bianchi cohomology space of weight Bianchi weight (0 0) in characteristic 17 and
level 939.3 of dimension 4
Bianchi cohomology space of weight Bianchi weight (0 0) in characteristic 37 and
level 939.3 of dimension 1

Wrote class to file!

Bianchi cohomology space of weight Bianchi weight (0 0) in characteristic 12697 
and level 939.3 of dimension 1

Wrote class to file!

Bianchi cohomology space of weight Bianchi weight (0 0) in characteristic 42451 
and level 939.3 of dimension 1

Wrote class to file!


Bianchi cohomology space of weight Bianchi weight (0 0) in characteristic 2 and 
level 939.1 of dimension 14
Bianchi cohomology space of weight Bianchi weight (0 0) in characteristic 3 and 
level 939.1 of dimension 4

Wrote class to file!

Bianchi cohomology space of weight Bianchi weight (0 0) in characteristic 5 and 
level 939.1 of dimension 2

Wrote class to file!

Bianchi cohomology space of weight Bianchi weight (0 0) in characteristic 13 and
level 939.1 of dimension 2
Bianchi cohomology space of weight Bianchi weight (0 0) in characteristic 17 and
level 939.1 of dimension 5
Bianchi cohomology space of weight Bianchi weight (0 0) in characteristic 211 
and level 939.1 of dimension 2

Wrote class to file!


Bianchi cohomology space of weight Bianchi weight (0 0) in characteristic 2 and 
level 940.2 of dimension 17
Bianchi cohomology space of weight Bianchi weight (0 0) in characteristic 3 and 
level 940.2 of dimension 14

Wrote class to file!


Wrote class to file!

Bianchi co
Wrote class to file!

Bianchi cohomology space of weight Bianchi weight (0 0) in characteristic 47 and
level 940.2 of dimension 5

Wrote class to file!

Bianchi cohomology space of weight Bianchi weight (0 0) in characteristic 109 
and level 940.2 of dimension 5

Wrote class to file!


Bianchi cohomology space of weight Bianchi weight (0 0) in characteristic 2 and 
level 940.4 of dimension 33
Bianchi cohomology space of weight Bianchi weight (0 0) in characteristic 3 and 
level 940.4 of dimension 9
Bianchi cohomology space of weight Bianchi weight (0 0) in characteristic 19 and
level 940.4 of dimension 9

Wrote class to file!

Bianchi cohomology space of weight Bianchi weight (0 0) in characteristic 23 and
level 940.4 of dimension 9



Total time: 324396.320 seconds, Total memory usage: 3738.75MB
317902.18user 6494.21system 90:06:43elapsed 99%CPU (0avgtext+0avgdata 3744260maxresident)k
0inputs+712outputs (0major+4544348344minor)pagefaults 0swaps
