nohup: ignoring input
Magma V2.29-3     Mon Jul  6 2026 08:05:59 on borona   [Seed = 2945394865]
Type ? for help.  Type <Ctrl>-D to quit.

Loading file "scratch.m"
Loading "write_forms.m"
Loading "homology_torsion.m"
Computing H_1 to find nonliftable forms
Finished computing H_1
Bianchi cohomology space of weight Bianchi weight (0 0) in characteristic 2 and 
level 823.2 of dimension 11

Wrote class to file!

Bianchi cohomology space of weight Bianchi weight (0 0) in characteristic 3 and 
level 823.2 of dimension 1
Bianchi cohomology space of weight Bianchi weight (0 0) in characteristic 5 and 
level 823.2 of dimension 4

Wrote class to file!


Wrote class to file!


Wrote class to file!

Bianchi cohomology space of weight Bianchi weight (0 0) in characteristic 31 and
level 823.2 of dimension 1

Wrote class to file!

Bianchi cohomology space of weight Bianchi weight (0 0) in characteristic 137 
and level 823.2 of dimension 1
Bianchi cohomology space of weight Bianchi weight (0 0) in characteristic 248179
and level 823.2 of dimension 1

Wrote class to file!


Bianchi cohomology space of weight Bianchi weight (0 0) in characteristic 2 and 
level 825.4 of dimension 40
Bianchi cohomology space of weight Bianchi weight (0 0) in characteristic 5 and 
level 825.4 of dimension 32
Bianchi cohomology space of weight Bianchi weight (0 0) in characteristic 7 and 
level 825.4 of dimension 34

Bianchi cohomology space of weight Bianchi weight (0 0) in characteristic 2 and 
level 825.1 of dimension 27
Bianchi cohomology space of weight Bianchi weight (0 0) in characteristic 5 and 
level 825.1 of dimension 19
Bianchi cohomology space of weight Bianchi weight (0 0) in characteristic 7 and 
level 825.1 of dimension 22

Bianchi cohomology space of weight Bianchi weight (0 0) in characteristic 2 and 
level 825.5 of dimension 40
Bianchi cohomology space of weight Bianchi weight (0 0) in characteristic 3 and 
level 825.5 of dimension 21
Bianchi cohomology space of weight Bianchi weight (0 0) in characteristic 5 and 
level 825.5 of dimension 21

Wrote class to file!

Bianchi cohomology space of weight Bianchi weight (0 0) in characteristic 7 and 
level 825.5 of dimension 26

Bianchi cohomology space of weight Bianchi weight (0 0) in characteristic 2 and 
level 828.6 of dimension 31
Bianchi cohomology space of weight Bianchi weight (0 0) in characteristic 3 and 
level 828.6 of dimension 19
Bianchi cohomology space of weight Bianchi weight (0 0) in characteristic 5 and 
level 828.6 of dimension 14

Wrote class to file!

Bianchi cohomology space of weight Bianchi weight (0 0) in characteristic 7 and 
level 828.6 of dimension 14

Wrote class to file!

Bianchi cohomology space of weight Bianchi weight (0 0) in characteristic 11 and
level 828.6 of dimension 14
Bianchi cohomology space of weight Bianchi weight (0 0) in characteristic 41 and
level 828.6 of dimension 15

Bianchi cohomology space of weight Bianchi weight (0 0) in characteristic 2 and 
level 828.4 of dimension 35
Bianchi cohomology space of weight Bianchi weight (0 0) in characteristic 3 and 
level 828.4 of dimension 15
Bianchi cohomology space of weight Bianchi weight (0 0) in characteristic 11 and
level 828.4 of dimension 7
Bianchi cohomology space of weight Bianchi weight (0 0) in characteristic 13 and
level 828.4 of dimension 7

Wrote class to file!

Bianchi cohomology space of weight Bianchi weight (0 0) in characteristic 17 and
level 828.4 of dimension 10
Bianchi cohomology space of weight Bianchi weight (0 0) in characteristic 41 and
level 828.4 of dimension 8

Bianchi cohomology space of weight Bianchi weight (0 0) in characteristic 2 and 
level 828.5 of dimension 21
Bianchi cohomology space of weight Bianchi weight (0 0) in characteristic 3 and 
level 828.5 of dimension 17
Bianchi cohomology space of weight Bianchi weight (0 0) in characteristic 5 and 
level 828.5 of dimension 9

Wrote class to file!


Wrote class to file!

Bianchi cohomology space of weight Bianchi weight (0 0) in characteristic 7 and 
level 828.5 of dimension 9
Bianchi cohomology space of weight Bianchi weight (0 0) in characteristic 11 and
level 828.5 of dimension 8
Bianchi cohomology space of weight Bianchi weight (0 0) in characteristic 17 and
level 828.5 of dimension 11

Bianchi cohomology space of weight Bianchi weight (0 0) in characteristic 2 and 
level 829.1 of dimension 3
Bianchi cohomology space of weight Bianchi weight (0 0) in characteristic 3 and 
level 829.1 of dimension 1
Bianchi cohomology space of weight Bianchi weight (0 0) in characteristic 5 and 
level 829.1 of dimension 2

Wrote class to file!

Bianchi cohomology space of weight Bianchi weight (0 0) in characteristic 7 and 
level 829.1 of dimension 1

Wrote class to file!

Bianchi cohomology space of weight Bianchi weight (0 0) in characteristic 17 and
level 829.1 of dimension 1

Wrote class to file!

Bianchi cohomology space of weight Bianchi weight (0 0) in characteristic 23 and
level 829.1 of dimension 1
Bianchi cohomology space of weight Bianchi weight (0 0) in characteristic 101 
and level 829.1 of dimension 1

Wrote class to file!

Bianchi cohomology space of weight Bianchi weight (0 0) in characteristic 10169 
and level 829.1 of dimension 1

Wrote class to file!




Total time: 200006.649 seconds, Total memory usage: 2203.00MB
184300.20user 15706.55system 55:33:30elapsed 99%CPU (0avgtext+0avgdata 2271816maxresident)k
0inputs+680outputs (0major+7012564280minor)pagefaults 0swaps
