nohup: ignoring input
Magma V2.29-3     Thu Jul  9 2026 10:49:37 on albona   [Seed = 2844599721]
Type ? for help.  Type <Ctrl>-D to quit.

Loading file "scratch.m"
Loading "write_forms.m"
Loading "homology_torsion.m"
Computing H_1 to find nonliftable forms
Finished computing H_1
Bianchi cohomology space of weight Bianchi weight (0 0) in characteristic 2 and 
level 960.3 of dimension 51
Bianchi cohomology space of weight Bianchi weight (0 0) in characteristic 3 and 
level 960.3 of dimension 15

Wrote class to file!


Wrote class to file!


Wrote class to file!

Bianchi cohomology space of weight Bianchi weight (0 0) in characteristic 5 and 
level 960.3 of dimension 1

Wrote class to file!


Bianchi cohomology space of weight Bianchi weight (0 0) in characteristic 2 and 
level 960.4 of dimension 63
Bianchi cohomology space of weight Bianchi weight (0 0) in characteristic 3 and 
level 960.4 of dimension 11



Total time: 5147.010 seconds, Total memory usage: 2089.34MB
5125.86user 21.21system 1:25:47elapsed 99%CPU (0avgtext+0avgdata 2136248maxresident)k
0inputs+120outputs (0major+11896509minor)pagefaults 0swaps
