nohup: ignoring input
Magma V2.29-3     Fri Jul  3 2026 10:52:05 on azdona   [Seed = 3180384466]
Type ? for help.  Type <Ctrl>-D to quit.

Loading file "scratch.m"
Loading "write_forms.m"
Loading "homology_torsion.m"
Computing H_1 to find nonliftable forms
Finished computing H_1
Bianchi cohomology space of weight Bianchi weight (0 0) in characteristic 2 and 
level 556.2 of dimension 8
Bianchi cohomology space of weight Bianchi weight (0 0) in characteristic 3 and 
level 556.2 of dimension 1
Bianchi cohomology space of weight Bianchi weight (0 0) in characteristic 5 and 
level 556.2 of dimension 3
Bianchi cohomology space of weight Bianchi weight (0 0) in characteristic 23 and
level 556.2 of dimension 1
Bianchi cohomology space of weight Bianchi weight (0 0) in characteristic 907 
and level 556.2 of dimension 1

Wrote class to file!


Bianchi cohomology space of weight Bianchi weight (0 0) in characteristic 2 and 
level 561.8 of dimension 13
Bianchi cohomology space of weight Bianchi weight (0 0) in characteristic 3 and 
level 561.8 of dimension 4

Wrote class to file!

Bianchi cohomology space of weight Bianchi weight (0 0) in characteristic 5 and 
level 561.8 of dimension 4

Wrote class to file!

Bianchi cohomology space of weight Bianchi weight (0 0) in characteristic 29 and
level 561.8 of dimension 3

Wrote class to file!


Bianchi cohomology space of weight Bianchi weight (0 0) in characteristic 2 and 
level 561.7 of dimension 13
Bianchi cohomology space of weight Bianchi weight (0 0) in characteristic 5 and 
level 561.7 of dimension 2

Wrote class to file!

Bianchi cohomology space of weight Bianchi weight (0 0) in characteristic 11 and
level 561.7 of dimension 1

Wrote class to file!

Bianchi cohomology space of weight Bianchi weight (0 0) in characteristic 13 and
level 561.7 of dimension 2
Bianchi cohomology space of weight Bianchi weight (0 0) in characteristic 23 and
level 561.7 of dimension 1

Wrote class to file!


Bianchi cohomology space of weight Bianchi weight (0 0) in characteristic 2 and 
level 561.3 of dimension 20
Bianchi cohomology space of weight Bianchi weight (0 0) in characteristic 5 and 
level 561.3 of dimension 7

Wrote class to file!


Wrote class to file!

Bianchi cohomology space of weight Bianchi weight (0 0) in characteristic 13 and
level 561.3 of dimension 7

Bianchi cohomology space of weight Bianchi weight (0 0) in characteristic 2 and 
level 561.4 of dimension 19
Bianchi cohomology space of weight Bianchi weight (0 0) in characteristic 3 and 
level 561.4 of dimension 2
Bianchi cohomology space of weight Bianchi weight (0 0) in characteristic 5 and 
level 561.4 of dimension 1

Bianchi cohomology space of weight Bianchi weight (0 0) in characteristic 2 and 
level 562.2 of dimension 19
Bianchi cohomology space of weight Bianchi weight (0 0) in characteristic 3 and 
level 562.2 of dimension 1

Wrote class to file!

Bianchi cohomology space of weight Bianchi weight (0 0) in characteristic 5 and 
level 562.2 of dimension 1
Bianchi cohomology space of weight Bianchi weight (0 0) in characteristic 7 and 
level 562.2 of dimension 2

Bianchi cohomology space of weight Bianchi weight (0 0) in characteristic 2 and 
level 563.1 of dimension 2
Bianchi cohomology space of weight Bianchi weight (0 0) in characteristic 5 and 
level 563.1 of dimension 1

Wrote class to file!

Bianchi cohomology space of weight Bianchi weight (0 0) in characteristic 19 and
level 563.1 of dimension 1

Wrote class to file!

Bianchi cohomology space of weight Bianchi weight (0 0) in characteristic 281 
and level 563.1 of dimension 1
Bianchi cohomology space of weight Bianchi weight (0 0) in characteristic 5507 
and level 563.1 of dimension 1

Wrote class to file!


Bianchi cohomology space of weight Bianchi weight (0 0) in characteristic 2 and 
level 566.2 of dimension 10
Bianchi cohomology space of weight Bianchi weight (0 0) in characteristic 3 and 
level 566.2 of dimension 2
Bianchi cohomology space of weight Bianchi weight (0 0) in characteristic 17 and
level 566.2 of dimension 1

Wrote class to file!

Bianchi cohomology space of weight Bianchi weight (0 0) in characteristic 47 and
level 566.2 of dimension 3

Bianchi cohomology space of weight Bianchi weight (0 0) in characteristic 2 and 
level 569.1 of dimension 5
Bianchi cohomology space of weight Bianchi weight (0 0) in characteristic 3 and 
level 569.1 of dimension 1

Wrote class to file!

Bianchi cohomology space of weight Bianchi weight (0 0) in characteristic 71 and
level 569.1 of dimension 1
Bianchi cohomology space of weight Bianchi weight (0 0) in characteristic 25169 
and level 569.1 of dimension 1

Wrote class to file!


Bianchi cohomology space of weight Bianchi weight (0 0) in characteristic 2 and 
level 571.1 of dimension 2
Bianchi cohomology space of weight Bianchi weight (0 0) in characteristic 3 and 
level 571.1 of dimension 1
Bianchi cohomology space of weight Bianchi weight (0 0) in characteristic 5 and 
level 571.1 of dimension 2

Wrote class to file!

Bianchi cohomology space of weight Bianchi weight (0 0) in characteristic 19 and
level 571.1 of dimension 2

Wrote class to file!

Bianchi cohomology space of weight Bianchi weight (0 0) in characteristic 15889 
and level 571.1 of dimension 1

Wrote class to file!


Bianchi cohomology space of weight Bianchi weight (0 0) in characteristic 2 and 
level 576.1 of dimension 41

Bianchi cohomology space of weight Bianchi weight (0 0) in characteristic 2 and 
level 576.2 of dimension 63

Bianchi cohomology space of weight Bianchi weight (0 0) in characteristic 2 and 
level 577.2 of dimension 6
Bianchi cohomology space of weight Bianchi weight (0 0) in characteristic 3 and 
level 577.2 of dimension 1
Bianchi cohomology space of weight Bianchi weight (0 0) in characteristic 283 
and level 577.2 of dimension 1

Wrote class to file!

Bianchi cohomology space of weight Bianchi weight (0 0) in characteristic 821 
and level 577.2 of dimension 1

Wrote class to file!


Bianchi cohomology space of weight Bianchi weight (0 0) in characteristic 2 and 
level 578.2 of dimension 35
Bianchi cohomology space of weight Bianchi weight (0 0) in characteristic 11 and
level 578.2 of dimension 5

Wrote class to file!


Wrote class to file!


Bianchi cohomology space of weight Bianchi weight (0 0) in characteristic 2 and 
level 578.3 of dimension 25
Bianchi cohomology space of weight Bianchi weight (0 0) in characteristic 17 and
level 578.3 of dimension 18

Bianchi cohomology space of weight Bianchi weight (0 0) in characteristic 2 and 
level 579.3 of dimension 5
Bianchi cohomology space of weight Bianchi weight (0 0) in characteristic 3 and 
level 579.3 of dimension 1
Bianchi cohomology space of weight Bianchi weight (0 0) in characteristic 5 and 
level 579.3 of dimension 1

Wrote class to file!

Bianchi cohomology space of weight Bianchi weight (0 0) in characteristic 67 and
level 579.3 of dimension 1

Wrote class to file!

Bianchi cohomology space of weight Bianchi weight (0 0) in characteristic 251 
and level 579.3 of dimension 2

Bianchi cohomology space of weight Bianchi weight (0 0) in characteristic 2 and 
level 579.4 of dimension 5
Bianchi cohomology space of weight Bianchi weight (0 0) in characteristic 3 and 
level 579.4 of dimension 2

Wrote class to file!

Bianchi cohomology space of weight Bianchi weight (0 0) in characteristic 7 and 
level 579.4 of dimension 1

Wrote class to file!

Bianchi cohomology space of weight Bianchi weight (0 0) in characteristic 61 and
level 579.4 of dimension 1

Wrote class to file!

Bianchi cohomology space of weight Bianchi weight (0 0) in characteristic 251 
and level 579.4 of dimension 2

Bianchi cohomology space of weight Bianchi weight (0 0) in characteristic 2 and 
level 582.1 of dimension 13
Bianchi cohomology space of weight Bianchi weight (0 0) in characteristic 3 and 
level 582.1 of dimension 4
Bianchi cohomology space of weight Bianchi weight (0 0) in characteristic 13 and
level 582.1 of dimension 3

Wrote class to file!

Bianchi cohomology space of weight Bianchi weight (0 0) in characteristic 17 and
level 582.1 of dimension 4
Bianchi cohomology space of weight Bianchi weight (0 0) in characteristic 19 and
level 582.1 of dimension 4
Bianchi cohomology space of weight Bianchi weight (0 0) in characteristic 41 and
level 582.1 of dimension 6

Bianchi cohomology space of weight Bianchi weight (0 0) in characteristic 2 and 
level 582.3 of dimension 13
Bianchi cohomology space of weight Bianchi weight (0 0) in characteristic 3 and 
level 582.3 of dimension 6
Bianchi cohomology space of weight Bianchi weight (0 0) in characteristic 7 and 
level 582.3 of dimension 4
Bianchi cohomology space of weight Bianchi weight (0 0) in characteristic 23 and
level 582.3 of dimension 4

Wrote class to file!

Bianchi cohomology space of weight Bianchi weight (0 0) in characteristic 41 and
level 582.3 of dimension 7

Bianchi cohomology space of weight Bianchi weight (0 0) in characteristic 2 and 
level 584.2 of dimension 15
Bianchi cohomology space of weight Bianchi weight (0 0) in characteristic 3 and 
level 584.2 of dimension 2

Wrote class to file!

Bianchi cohomology space of weight Bianchi weight (0 0) in characteristic 7 and 
level 584.2 of dimension 1

Wrote class to file!

Bianchi cohomology space of weight Bianchi weight (0 0) in characteristic 19 and
level 584.2 of dimension 4

Bianchi cohomology space of weight Bianchi weight (0 0) in characteristic 2 and 
level 587.2 of dimension 3

Wrote class to file!

Bianchi cohomology space of weight Bianchi weight (0 0) in characteristic 3 and 
level 587.2 of dimension 1

Wrote class to file!

Bianchi cohomology space of weight Bianchi weight (0 0) in characteristic 5 and 
level 587.2 of dimension 1

Wrote class to file!

Bianchi cohomology space of weight Bianchi weight (0 0) in characteristic 149 
and level 587.2 of dimension 1

Wrote class to file!

Bianchi cohomology space of weight Bianchi weight (0 0) in characteristic 293 
and level 587.2 of dimension 1

Bianchi cohomology space of weight Bianchi weight (0 0) in characteristic 2 and 
level 588.1 of dimension 31

Bianchi cohomology space of weight Bianchi weight (0 0) in characteristic 2 and 
level 593.1 of dimension 14
Bianchi cohomology space of weight Bianchi weight (0 0) in characteristic 17 and
level 593.1 of dimension 1

Wrote class to file!

Bianchi cohomology space of weight Bianchi weight (0 0) in characteristic 37 and
level 593.1 of dimension 1

Bianchi cohomology space of weight Bianchi weight (0 0) in characteristic 2 and 
level 594.3 of dimension 47
Bianchi cohomology space of weight Bianchi weight (0 0) in characteristic 3 and 
level 594.3 of dimension 20
Bianchi cohomology space of weight Bianchi weight (0 0) in characteristic 5 and 
level 594.3 of dimension 20

Bianchi cohomology space of weight Bianchi weight (0 0) in characteristic 2 and 
level 594.7 of dimension 27
Bianchi cohomology space of weight Bianchi weight (0 0) in characteristic 3 and 
level 594.7 of dimension 24
Bianchi cohomology space of weight Bianchi weight (0 0) in characteristic 5 and 
level 594.7 of dimension 17
Bianchi cohomology space of weight Bianchi weight (0 0) in characteristic 13 and
level 594.7 of dimension 17

Bianchi cohomology space of weight Bianchi weight (0 0) in characteristic 2 and 
level 594.8 of dimension 28
Bianchi cohomology space of weight Bianchi weight (0 0) in characteristic 3 and 
level 594.8 of dimension 16
Bianchi cohomology space of weight Bianchi weight (0 0) in characteristic 5 and 
level 594.8 of dimension 15
Bianchi cohomology space of weight Bianchi weight (0 0) in characteristic 17 and
level 594.8 of dimension 14

Bianchi cohomology space of weight Bianchi weight (0 0) in characteristic 2 and 
level 594.4 of dimension 41
Bianchi cohomology space of weight Bianchi weight (0 0) in characteristic 3 and 
level 594.4 of dimension 23
Bianchi cohomology space of weight Bianchi weight (0 0) in characteristic 5 and 
level 594.4 of dimension 17

Bianchi cohomology space of weight Bianchi weight (0 0) in characteristic 2 and 
level 600.1 of dimension 35
Bianchi cohomology space of weight Bianchi weight (0 0) in characteristic 3 and 
level 600.1 of dimension 9
Bianchi cohomology space of weight Bianchi weight (0 0) in characteristic 5 and 
level 600.1 of dimension 8
Bianchi cohomology space of weight Bianchi weight (0 0) in characteristic 11 and
level 600.1 of dimension 7

Wrote class to file!




Total time: 120400.779 seconds, Total memory usage: 2279.84MB
120354.26user 46.61system 33:26:42elapsed 99%CPU (0avgtext+0avgdata 2357228maxresident)k
328inputs+1456outputs (0major+32665056minor)pagefaults 0swaps
