nohup: ignoring input
Magma V2.29-3     Fri Jul  3 2026 10:41:51 on borona   [Seed = 3303644720]
Type ? for help.  Type <Ctrl>-D to quit.

Loading file "scratch.m"
Loading "write_forms.m"
Loading "homology_torsion.m"
Computing H_1 to find nonliftable forms
Finished computing H_1
Bianchi cohomology space of weight Bianchi weight (0 0) in characteristic 2 and 
level 505.4 of dimension 4
Bianchi cohomology space of weight Bianchi weight (0 0) in characteristic 5 and 
level 505.4 of dimension 1

Bianchi cohomology space of weight Bianchi weight (0 0) in characteristic 2 and 
level 505.2 of dimension 6
Bianchi cohomology space of weight Bianchi weight (0 0) in characteristic 5 and 
level 505.2 of dimension 2

Bianchi cohomology space of weight Bianchi weight (0 0) in characteristic 2 and 
level 509.2 of dimension 4
Bianchi cohomology space of weight Bianchi weight (0 0) in characteristic 127 
and level 509.2 of dimension 2

Bianchi cohomology space of weight Bianchi weight (0 0) in characteristic 2 and 
level 512.1 of dimension 14

Bianchi cohomology space of weight Bianchi weight (0 0) in characteristic 2 and 
level 514.1 of dimension 5
Bianchi cohomology space of weight Bianchi weight (0 0) in characteristic 37 and
level 514.1 of dimension 3

Wrote class to file!


Bianchi cohomology space of weight Bianchi weight (0 0) in characteristic 2 and 
level 520.3 of dimension 13

Bianchi cohomology space of weight Bianchi weight (0 0) in characteristic 2 and 
level 520.4 of dimension 17

Bianchi cohomology space of weight Bianchi weight (0 0) in characteristic 2 and 
level 521.1 of dimension 2
Bianchi cohomology space of weight Bianchi weight (0 0) in characteristic 5 and 
level 521.1 of dimension 1
Bianchi cohomology space of weight Bianchi weight (0 0) in characteristic 13 and
level 521.1 of dimension 1
Bianchi cohomology space of weight Bianchi weight (0 0) in characteristic 263 
and level 521.1 of dimension 1

Wrote class to file!


Bianchi cohomology space of weight Bianchi weight (0 0) in characteristic 2 and 
level 522.1 of dimension 6
Bianchi cohomology space of weight Bianchi weight (0 0) in characteristic 5 and 
level 522.1 of dimension 1
Bianchi cohomology space of weight Bianchi weight (0 0) in characteristic 7 and 
level 522.1 of dimension 1

Bianchi cohomology space of weight Bianchi weight (0 0) in characteristic 2 and 
level 529.1 of dimension 7
Bianchi cohomology space of weight Bianchi weight (0 0) in characteristic 3 and 
level 529.1 of dimension 3

Bianchi cohomology space of weight Bianchi weight (0 0) in characteristic 2 and 
level 530.1 of dimension 10
Bianchi cohomology space of weight Bianchi weight (0 0) in characteristic 5 and 
level 530.1 of dimension 8
Bianchi cohomology space of weight Bianchi weight (0 0) in characteristic 13 and
level 530.1 of dimension 7

Bianchi cohomology space of weight Bianchi weight (0 0) in characteristic 2 and 
level 530.3 of dimension 9
Bianchi cohomology space of weight Bianchi weight (0 0) in characteristic 3 and 
level 530.3 of dimension 4
Bianchi cohomology space of weight Bianchi weight (0 0) in characteristic 13 and
level 530.3 of dimension 4

Bianchi cohomology space of weight Bianchi weight (0 0) in characteristic 2 and 
level 533.3 of dimension 5
Bianchi cohomology space of weight Bianchi weight (0 0) in characteristic 3 and 
level 533.3 of dimension 2
Bianchi cohomology space of weight Bianchi weight (0 0) in characteristic 5 and 
level 533.3 of dimension 2
Bianchi cohomology space of weight Bianchi weight (0 0) in characteristic 7 and 
level 533.3 of dimension 2

Wrote class to file!


Bianchi cohomology space of weight Bianchi weight (0 0) in characteristic 2 and 
level 533.4 of dimension 7
Bianchi cohomology space of weight Bianchi weight (0 0) in characteristic 3 and 
level 533.4 of dimension 2

Wrote class to file!

Bianchi cohomology space of weight Bianchi weight (0 0) in characteristic 5 and 
level 533.4 of dimension 1

Bianchi cohomology space of weight Bianchi weight (0 0) in characteristic 2 and 
level 538.2 of dimension 6
Bianchi cohomology space of weight Bianchi weight (0 0) in characteristic 3 and 
level 538.2 of dimension 3

Wrote class to file!

Bianchi cohomology space of weight Bianchi weight (0 0) in characteristic 67 and
level 538.2 of dimension 3

Bianchi cohomology space of weight Bianchi weight (0 0) in characteristic 2 and 
level 541.1 of dimension 2
Bianchi cohomology space of weight Bianchi weight (0 0) in characteristic 3 and 
level 541.1 of dimension 1
Bianchi cohomology space of weight Bianchi weight (0 0) in characteristic 5 and 
level 541.1 of dimension 2

Wrote class to file!


Bianchi cohomology space of weight Bianchi weight (0 0) in characteristic 2 and 
level 544.1 of dimension 12
Bianchi cohomology space of weight Bianchi weight (0 0) in characteristic 5 and 
level 544.1 of dimension 3

Wrote class to file!


Bianchi cohomology space of weight Bianchi weight (0 0) in characteristic 2 and 
level 545.4 of dimension 7
Bianchi cohomology space of weight Bianchi weight (0 0) in characteristic 3 and 
level 545.4 of dimension 1

Bianchi cohomology space of weight Bianchi weight (0 0) in characteristic 2 and 
level 545.3 of dimension 4
Bianchi cohomology space of weight Bianchi weight (0 0) in characteristic 3 and 
level 545.3 of dimension 1
Bianchi cohomology space of weight Bianchi weight (0 0) in characteristic 5 and 
level 545.3 of dimension 1

Wrote class to file!


Bianchi cohomology space of weight Bianchi weight (0 0) in characteristic 2 and 
level 548.1 of dimension 11
Bianchi cohomology space of weight Bianchi weight (0 0) in characteristic 17 and
level 548.1 of dimension 1

Bianchi cohomology space of weight Bianchi weight (0 0) in characteristic 2 and 
level 549.1 of dimension 5
Bianchi cohomology space of weight Bianchi weight (0 0) in characteristic 3 and 
level 549.1 of dimension 1
Bianchi cohomology space of weight Bianchi weight (0 0) in characteristic 5 and 
level 549.1 of dimension 2

Bianchi cohomology space of weight Bianchi weight (0 0) in characteristic 2 and 
level 554.1 of dimension 5
Bianchi cohomology space of weight Bianchi weight (0 0) in characteristic 3 and 
level 554.1 of dimension 8
Bianchi cohomology space of weight Bianchi weight (0 0) in characteristic 23 and
level 554.1 of dimension 3

Bianchi cohomology space of weight Bianchi weight (0 0) in characteristic 2 and 
level 557.2 of dimension 2
Bianchi cohomology space of weight Bianchi weight (0 0) in characteristic 37 and
level 557.2 of dimension 1

Wrote class to file!

Bianchi cohomology space of weight Bianchi weight (0 0) in characteristic 139 
and level 557.2 of dimension 1

Bianchi cohomology space of weight Bianchi weight (0 0) in characteristic 2 and 
level 562.1 of dimension 3
Bianchi cohomology space of weight Bianchi weight (0 0) in characteristic 5 and 
level 562.1 of dimension 1
Bianchi cohomology space of weight Bianchi weight (0 0) in characteristic 7 and 
level 562.1 of dimension 1
Bianchi cohomology space of weight Bianchi weight (0 0) in characteristic 23 and
level 562.1 of dimension 2

Bianchi cohomology space of weight Bianchi weight (0 0) in characteristic 2 and 
level 565.4 of dimension 8
Bianchi cohomology space of weight Bianchi weight (0 0) in characteristic 7 and 
level 565.4 of dimension 2
Bianchi cohomology space of weight Bianchi weight (0 0) in characteristic 17 and
level 565.4 of dimension 2

Wrote class to file!


Bianchi cohomology space of weight Bianchi weight (0 0) in characteristic 2 and 
level 565.2 of dimension 6
Bianchi cohomology space of weight Bianchi weight (0 0) in characteristic 7 and 
level 565.2 of dimension 2
Bianchi cohomology space of weight Bianchi weight (0 0) in characteristic 31 and
level 565.2 of dimension 2

Wrote class to file!


Bianchi cohomology space of weight Bianchi weight (0 0) in characteristic 2 and 
level 569.2 of dimension 2
Bianchi cohomology space of weight Bianchi weight (0 0) in characteristic 71 and
level 569.2 of dimension 1
Bianchi cohomology space of weight Bianchi weight (0 0) in characteristic 263 
and level 569.2 of dimension 1

Wrote class to file!


Bianchi cohomology space of weight Bianchi weight (0 0) in characteristic 2 and 
level 576.1 of dimension 17

Bianchi cohomology space of weight Bianchi weight (0 0) in characteristic 2 and 
level 577.1 of dimension 3
Bianchi cohomology space of weight Bianchi weight (0 0) in characteristic 3 and 
level 577.1 of dimension 1
Bianchi cohomology space of weight Bianchi weight (0 0) in characteristic 157 
and level 577.1 of dimension 1

Wrote class to file!


Bianchi cohomology space of weight Bianchi weight (0 0) in characteristic 2 and 
level 578.3 of dimension 13

Bianchi cohomology space of weight Bianchi weight (0 0) in characteristic 2 and 
level 578.2 of dimension 15

Bianchi cohomology space of weight Bianchi weight (0 0) in characteristic 2 and 
level 580.3 of dimension 13
Bianchi cohomology space of weight Bianchi weight (0 0) in characteristic 7 and 
level 580.3 of dimension 3

Bianchi cohomology space of weight Bianchi weight (0 0) in characteristic 2 and 
level 580.4 of dimension 9
Bianchi cohomology space of weight Bianchi weight (0 0) in characteristic 3 and 
level 580.4 of dimension 1
Bianchi cohomology space of weight Bianchi weight (0 0) in characteristic 7 and 
level 580.4 of dimension 1

Bianchi cohomology space of weight Bianchi weight (0 0) in characteristic 2 and 
level 584.1 of dimension 5
Bianchi cohomology space of weight Bianchi weight (0 0) in characteristic 3 and 
level 584.1 of dimension 1
Bianchi cohomology space of weight Bianchi weight (0 0) in characteristic 5 and 
level 584.1 of dimension 1

Wrote class to file!


Bianchi cohomology space of weight Bianchi weight (0 0) in characteristic 2 and 
level 585.3 of dimension 11

Bianchi cohomology space of weight Bianchi weight (0 0) in characteristic 2 and 
level 585.4 of dimension 12
Bianchi cohomology space of weight Bianchi weight (0 0) in characteristic 3 and 
level 585.4 of dimension 2

Wrote class to file!


Bianchi cohomology space of weight Bianchi weight (0 0) in characteristic 2 and 
level 586.2 of dimension 3
Bianchi cohomology space of weight Bianchi weight (0 0) in characteristic 3 and 
level 586.2 of dimension 5

Wrote class to file!

Bianchi cohomology space of weight Bianchi weight (0 0) in characteristic 7 and 
level 586.2 of dimension 1

Wrote class to file!

Bianchi cohomology space of weight Bianchi weight (0 0) in characteristic 73 and
level 586.2 of dimension 1

Bianchi cohomology space of weight Bianchi weight (0 0) in characteristic 2 and 
level 592.2 of dimension 7
Bianchi cohomology space of weight Bianchi weight (0 0) in characteristic 3 and 
level 592.2 of dimension 3

Wrote class to file!

Bianchi cohomology space of weight Bianchi weight (0 0) in characteristic 5 and 
level 592.2 of dimension 1

Wrote class to file!


Bianchi cohomology space of weight Bianchi weight (0 0) in characteristic 2 and 
level 593.1 of dimension 3
Bianchi cohomology space of weight Bianchi weight (0 0) in characteristic 37 and
level 593.1 of dimension 1

Bianchi cohomology space of weight Bianchi weight (0 0) in characteristic 2 and 
level 596.1 of dimension 4
Bianchi cohomology space of weight Bianchi weight (0 0) in characteristic 19 and
level 596.1 of dimension 1

Wrote class to file!

Bianchi cohomology space of weight Bianchi weight (0 0) in characteristic 37 and
level 596.1 of dimension 1



Total time: 58840.470 seconds, Total memory usage: 997.34MB
58819.32user 21.20system 16:20:40elapsed 99%CPU (0avgtext+0avgdata 1046156maxresident)k
184inputs+1360outputs (0major+11105053minor)pagefaults 0swaps
