nohup: ignoring input
Magma V2.29-3     Mon Jul  6 2026 08:14:56 on escona   [Seed = 2157976902]
Type ? for help.  Type <Ctrl>-D to quit.

Loading file "scratch.m"
Loading "write_forms.m"
Loading "homology_torsion.m"
Computing H_1 to find nonliftable forms
Finished computing H_1
Bianchi cohomology space of weight Bianchi weight (0 0) in characteristic 2 and 
level 983.1 of dimension 7

Wrote class to file!

Bianchi cohomology space of weight Bianchi weight (0 0) in characteristic 5 and 
level 983.1 of dimension 1

Wrote class to file!

Bianchi cohomology space of weight Bianchi weight (0 0) in characteristic 23 and
level 983.1 of dimension 1

Wrote class to file!

Bianchi cohomology space of weight Bianchi weight (0 0) in characteristic 29 and
level 983.1 of dimension 1

Wrote class to file!

Bianchi cohomology space of weight Bianchi weight (0 0) in characteristic 491 
and level 983.1 of dimension 1
Bianchi cohomology space of weight Bianchi weight (0 0) in characteristic 9883 
and level 983.1 of dimension 1

Wrote class to file!

Bianchi cohomology space of weight Bianchi weight (0 0) in characteristic 
3421669 and level 983.1 of dimension 1

Wrote class to file!




Total time: 46497.080 seconds, Total memory usage: 2013.31MB
46491.46user 5.64system 12:54:57elapsed 99%CPU (0avgtext+0avgdata 2003728maxresident)k
0inputs+184outputs (0major+3791640minor)pagefaults 0swaps
