nohup: ignoring input
Magma V2.29-3     Fri Jul  3 2026 09:57:04 on escona   [Seed = 2645627782]
Type ? for help.  Type <Ctrl>-D to quit.

Loading file "scratch.m"
Loading "write_forms.m"
Loading "homology_torsion.m"
Computing H_1 to find nonliftable forms
Finished computing H_1
Bianchi cohomology space of weight Bianchi weight (0 0) in characteristic 2 and 
level 1.1 of dimension 2

Bianchi cohomology space of weight Bianchi weight (0 0) in characteristic 2 and 
level 2.1 of dimension 3

Bianchi cohomology space of weight Bianchi weight (0 0) in characteristic 2 and 
level 4.3 of dimension 3

Bianchi cohomology space of weight Bianchi weight (0 0) in characteristic 2 and 
level 4.2 of dimension 5

Bianchi cohomology space of weight Bianchi weight (0 0) in characteristic 2 and 
level 7.1 of dimension 2
Bianchi cohomology space of weight Bianchi weight (0 0) in characteristic 3 and 
level 7.1 of dimension 1

Bianchi cohomology space of weight Bianchi weight (0 0) in characteristic 2 and 
level 8.1 of dimension 4

Bianchi cohomology space of weight Bianchi weight (0 0) in characteristic 2 and 
level 8.2 of dimension 6

Bianchi cohomology space of weight Bianchi weight (0 0) in characteristic 2 and 
level 9.1 of dimension 3

Bianchi cohomology space of weight Bianchi weight (0 0) in characteristic 2 and 
level 11.1 of dimension 2
Bianchi cohomology space of weight Bianchi weight (0 0) in characteristic 5 and 
level 11.1 of dimension 1

Bianchi cohomology space of weight Bianchi weight (0 0) in characteristic 2 and 
level 14.2 of dimension 4
Bianchi cohomology space of weight Bianchi weight (0 0) in characteristic 3 and 
level 14.2 of dimension 1

Bianchi cohomology space of weight Bianchi weight (0 0) in characteristic 2 and 
level 16.4 of dimension 8

Bianchi cohomology space of weight Bianchi weight (0 0) in characteristic 2 and 
level 16.3 of dimension 9

Bianchi cohomology space of weight Bianchi weight (0 0) in characteristic 2 and 
level 16.1 of dimension 5

Bianchi cohomology space of weight Bianchi weight (0 0) in characteristic 2 and 
level 18.1 of dimension 5

Bianchi cohomology space of weight Bianchi weight (0 0) in characteristic 2 and 
level 22.4 of dimension 4
Bianchi cohomology space of weight Bianchi weight (0 0) in characteristic 5 and 
level 22.4 of dimension 1

Bianchi cohomology space of weight Bianchi weight (0 0) in characteristic 2 and 
level 22.2 of dimension 4
Bianchi cohomology space of weight Bianchi weight (0 0) in characteristic 5 and 
level 22.2 of dimension 1

Bianchi cohomology space of weight Bianchi weight (0 0) in characteristic 2 and 
level 23.2 of dimension 2
Bianchi cohomology space of weight Bianchi weight (0 0) in characteristic 11 and
level 23.2 of dimension 1

Bianchi cohomology space of weight Bianchi weight (0 0) in characteristic 2 and 
level 25.1 of dimension 4

Wrote class to file!

Bianchi cohomology space of weight Bianchi weight (0 0) in characteristic 3 and 
level 25.1 of dimension 1

Bianchi cohomology space of weight Bianchi weight (0 0) in characteristic 2 and 
level 28.1 of dimension 6
Bianchi cohomology space of weight Bianchi weight (0 0) in characteristic 3 and 
level 28.1 of dimension 1

Bianchi cohomology space of weight Bianchi weight (0 0) in characteristic 2 and 
level 28.2 of dimension 8

Bianchi cohomology space of weight Bianchi weight (0 0) in characteristic 2 and 
level 29.2 of dimension 3
Bianchi cohomology space of weight Bianchi weight (0 0) in characteristic 7 and 
level 29.2 of dimension 1

Bianchi cohomology space of weight Bianchi weight (0 0) in characteristic 2 and 
level 32.5 of dimension 10

Bianchi cohomology space of weight Bianchi weight (0 0) in characteristic 2 and 
level 32.4 of dimension 12

Bianchi cohomology space of weight Bianchi weight (0 0) in characteristic 2 and 
level 32.6 of dimension 6

Bianchi cohomology space of weight Bianchi weight (0 0) in characteristic 2 and 
level 36.2 of dimension 10

Bianchi cohomology space of weight Bianchi weight (0 0) in characteristic 2 and 
level 36.1 of dimension 6

Bianchi cohomology space of weight Bianchi weight (0 0) in characteristic 2 and 
level 37.1 of dimension 3
Bianchi cohomology space of weight Bianchi weight (0 0) in characteristic 3 and 
level 37.1 of dimension 1

Bianchi cohomology space of weight Bianchi weight (0 0) in characteristic 2 and 
level 43.2 of dimension 2
Bianchi cohomology space of weight Bianchi weight (0 0) in characteristic 3 and 
level 43.2 of dimension 1
Bianchi cohomology space of weight Bianchi weight (0 0) in characteristic 5 and 
level 43.2 of dimension 1

Wrote class to file!

Bianchi cohomology space of weight Bianchi weight (0 0) in characteristic 7 and 
level 43.2 of dimension 1

Bianchi cohomology space of weight Bianchi weight (0 0) in characteristic 2 and 
level 44.1 of dimension 6
Bianchi cohomology space of weight Bianchi weight (0 0) in characteristic 5 and 
level 44.1 of dimension 1

Bianchi cohomology space of weight Bianchi weight (0 0) in characteristic 2 and 
level 44.3 of dimension 8
Bianchi cohomology space of weight Bianchi weight (0 0) in characteristic 5 and 
level 44.3 of dimension 2

Bianchi cohomology space of weight Bianchi weight (0 0) in characteristic 2 and 
level 44.5 of dimension 6
Bianchi cohomology space of weight Bianchi weight (0 0) in characteristic 3 and 
level 44.5 of dimension 1
Bianchi cohomology space of weight Bianchi weight (0 0) in characteristic 5 and 
level 44.5 of dimension 1

Bianchi cohomology space of weight Bianchi weight (0 0) in characteristic 2 and 
level 46.1 of dimension 4
Bianchi cohomology space of weight Bianchi weight (0 0) in characteristic 11 and
level 46.1 of dimension 1

Bianchi cohomology space of weight Bianchi weight (0 0) in characteristic 2 and 
level 46.2 of dimension 4
Bianchi cohomology space of weight Bianchi weight (0 0) in characteristic 11 and
level 46.2 of dimension 2

Bianchi cohomology space of weight Bianchi weight (0 0) in characteristic 2 and 
level 49.1 of dimension 5
Bianchi cohomology space of weight Bianchi weight (0 0) in characteristic 3 and 
level 49.1 of dimension 4

Bianchi cohomology space of weight Bianchi weight (0 0) in characteristic 2 and 
level 50.2 of dimension 7
Bianchi cohomology space of weight Bianchi weight (0 0) in characteristic 3 and 
level 50.2 of dimension 1

Bianchi cohomology space of weight Bianchi weight (0 0) in characteristic 2 and 
level 53.1 of dimension 5
Bianchi cohomology space of weight Bianchi weight (0 0) in characteristic 13 and
level 53.1 of dimension 1

Bianchi cohomology space of weight Bianchi weight (0 0) in characteristic 2 and 
level 56.4 of dimension 9
Bianchi cohomology space of weight Bianchi weight (0 0) in characteristic 3 and 
level 56.4 of dimension 1

Bianchi cohomology space of weight Bianchi weight (0 0) in characteristic 2 and 
level 56.3 of dimension 12

Bianchi cohomology space of weight Bianchi weight (0 0) in characteristic 2 and 
level 58.3 of dimension 5
Bianchi cohomology space of weight Bianchi weight (0 0) in characteristic 7 and 
level 58.3 of dimension 1

Bianchi cohomology space of weight Bianchi weight (0 0) in characteristic 2 and 
level 58.1 of dimension 6
Bianchi cohomology space of weight Bianchi weight (0 0) in characteristic 7 and 
level 58.1 of dimension 1

Bianchi cohomology space of weight Bianchi weight (0 0) in characteristic 2 and 
level 63.1 of dimension 5
Bianchi cohomology space of weight Bianchi weight (0 0) in characteristic 3 and 
level 63.1 of dimension 2

Bianchi cohomology space of weight Bianchi weight (0 0) in characteristic 2 and 
level 64.7 of dimension 8

Bianchi cohomology space of weight Bianchi weight (0 0) in characteristic 2 and 
level 64.6 of dimension 12

Bianchi cohomology space of weight Bianchi weight (0 0) in characteristic 2 and 
level 64.5 of dimension 15

Bianchi cohomology space of weight Bianchi weight (0 0) in characteristic 2 and 
level 64.4 of dimension 17

Bianchi cohomology space of weight Bianchi weight (0 0) in characteristic 2 and 
level 67.2 of dimension 2
Bianchi cohomology space of weight Bianchi weight (0 0) in characteristic 3 and 
level 67.2 of dimension 1
Bianchi cohomology space of weight Bianchi weight (0 0) in characteristic 11 and
level 67.2 of dimension 1

Bianchi cohomology space of weight Bianchi weight (0 0) in characteristic 2 and 
level 71.1 of dimension 2
Bianchi cohomology space of weight Bianchi weight (0 0) in characteristic 5 and 
level 71.1 of dimension 1
Bianchi cohomology space of weight Bianchi weight (0 0) in characteristic 7 and 
level 71.1 of dimension 1

Bianchi cohomology space of weight Bianchi weight (0 0) in characteristic 2 and 
level 72.4 of dimension 9

Bianchi cohomology space of weight Bianchi weight (0 0) in characteristic 2 and 
level 72.3 of dimension 14

Bianchi cohomology space of weight Bianchi weight (0 0) in characteristic 2 and 
level 74.1 of dimension 5
Bianchi cohomology space of weight Bianchi weight (0 0) in characteristic 3 and 
level 74.1 of dimension 1

Bianchi cohomology space of weight Bianchi weight (0 0) in characteristic 2 and 
level 74.3 of dimension 7
Bianchi cohomology space of weight Bianchi weight (0 0) in characteristic 3 and 
level 74.3 of dimension 1

Bianchi cohomology space of weight Bianchi weight (0 0) in characteristic 2 and 
level 77.1 of dimension 5
Bianchi cohomology space of weight Bianchi weight (0 0) in characteristic 3 and 
level 77.1 of dimension 1
Bianchi cohomology space of weight Bianchi weight (0 0) in characteristic 5 and 
level 77.1 of dimension 1

Bianchi cohomology space of weight Bianchi weight (0 0) in characteristic 2 and 
level 79.2 of dimension 3

Wrote class to file!

Bianchi cohomology space of weight Bianchi weight (0 0) in characteristic 3 and 
level 79.2 of dimension 1
Bianchi cohomology space of weight Bianchi weight (0 0) in characteristic 13 and
level 79.2 of dimension 1

Bianchi cohomology space of weight Bianchi weight (0 0) in characteristic 2 and 
level 81.1 of dimension 7

Bianchi cohomology space of weight Bianchi weight (0 0) in characteristic 2 and 
level 86.4 of dimension 5
Bianchi cohomology space of weight Bianchi weight (0 0) in characteristic 5 and 
level 86.4 of dimension 2
Bianchi cohomology space of weight Bianchi weight (0 0) in characteristic 7 and 
level 86.4 of dimension 2

Bianchi cohomology space of weight Bianchi weight (0 0) in characteristic 2 and 
level 86.2 of dimension 4
Bianchi cohomology space of weight Bianchi weight (0 0) in characteristic 3 and 
level 86.2 of dimension 2
Bianchi cohomology space of weight Bianchi weight (0 0) in characteristic 5 and 
level 86.2 of dimension 3
Bianchi cohomology space of weight Bianchi weight (0 0) in characteristic 7 and 
level 86.2 of dimension 2

Bianchi cohomology space of weight Bianchi weight (0 0) in characteristic 2 and 
level 88.5 of dimension 13
Bianchi cohomology space of weight Bianchi weight (0 0) in characteristic 5 and 
level 88.5 of dimension 4

Bianchi cohomology space of weight Bianchi weight (0 0) in characteristic 2 and 
level 88.3 of dimension 12
Bianchi cohomology space of weight Bianchi weight (0 0) in characteristic 5 and 
level 88.3 of dimension 3

Bianchi cohomology space of weight Bianchi weight (0 0) in characteristic 2 and 
level 88.8 of dimension 9
Bianchi cohomology space of weight Bianchi weight (0 0) in characteristic 5 and 
level 88.8 of dimension 2

Bianchi cohomology space of weight Bianchi weight (0 0) in characteristic 2 and 
level 88.2 of dimension 9
Bianchi cohomology space of weight Bianchi weight (0 0) in characteristic 3 and 
level 88.2 of dimension 3
Bianchi cohomology space of weight Bianchi weight (0 0) in characteristic 5 and 
level 88.2 of dimension 2

Bianchi cohomology space of weight Bianchi weight (0 0) in characteristic 2 and 
level 92.1 of dimension 6
Bianchi cohomology space of weight Bianchi weight (0 0) in characteristic 11 and
level 92.1 of dimension 1

Bianchi cohomology space of weight Bianchi weight (0 0) in characteristic 2 and 
level 92.5 of dimension 6
Bianchi cohomology space of weight Bianchi weight (0 0) in characteristic 11 and
level 92.5 of dimension 3

Bianchi cohomology space of weight Bianchi weight (0 0) in characteristic 2 and 
level 92.4 of dimension 8
Bianchi cohomology space of weight Bianchi weight (0 0) in characteristic 11 and
level 92.4 of dimension 3

Bianchi cohomology space of weight Bianchi weight (0 0) in characteristic 2 and 
level 98.2 of dimension 10
Bianchi cohomology space of weight Bianchi weight (0 0) in characteristic 3 and 
level 98.2 of dimension 7

Bianchi cohomology space of weight Bianchi weight (0 0) in characteristic 2 and 
level 99.2 of dimension 5
Bianchi cohomology space of weight Bianchi weight (0 0) in characteristic 5 and 
level 99.2 of dimension 1

Bianchi cohomology space of weight Bianchi weight (0 0) in characteristic 2 and 
level 100.1 of dimension 9
Bianchi cohomology space of weight Bianchi weight (0 0) in characteristic 3 and 
level 100.1 of dimension 1

Bianchi cohomology space of weight Bianchi weight (0 0) in characteristic 2 and 
level 100.2 of dimension 15
Bianchi cohomology space of weight Bianchi weight (0 0) in characteristic 3 and 
level 100.2 of dimension 2

Bianchi cohomology space of weight Bianchi weight (0 0) in characteristic 2 and 
level 106.1 of dimension 9
Bianchi cohomology space of weight Bianchi weight (0 0) in characteristic 13 and
level 106.1 of dimension 1

Bianchi cohomology space of weight Bianchi weight (0 0) in characteristic 2 and 
level 106.3 of dimension 10
Bianchi cohomology space of weight Bianchi weight (0 0) in characteristic 13 and
level 106.3 of dimension 1

Bianchi cohomology space of weight Bianchi weight (0 0) in characteristic 2 and 
level 107.1 of dimension 2
Bianchi cohomology space of weight Bianchi weight (0 0) in characteristic 17 and
level 107.1 of dimension 1

Wrote class to file!

Bianchi cohomology space of weight Bianchi weight (0 0) in characteristic 53 and
level 107.1 of dimension 1

Bianchi cohomology space of weight Bianchi weight (0 0) in characteristic 2 and 
level 109.2 of dimension 3
Bianchi cohomology space of weight Bianchi weight (0 0) in characteristic 3 and 
level 109.2 of dimension 2

Bianchi cohomology space of weight Bianchi weight (0 0) in characteristic 2 and 
level 112.1 of dimension 13
Bianchi cohomology space of weight Bianchi weight (0 0) in characteristic 3 and 
level 112.1 of dimension 3

Bianchi cohomology space of weight Bianchi weight (0 0) in characteristic 2 and 
level 112.2 of dimension 18

Bianchi cohomology space of weight Bianchi weight (0 0) in characteristic 2 and 
level 112.3 of dimension 18

Bianchi cohomology space of weight Bianchi weight (0 0) in characteristic 2 and 
level 113.1 of dimension 4

Wrote class to file!

Bianchi cohomology space of weight Bianchi weight (0 0) in characteristic 7 and 
level 113.1 of dimension 1

Bianchi cohomology space of weight Bianchi weight (0 0) in characteristic 2 and 
level 116.3 of dimension 11
Bianchi cohomology space of weight Bianchi weight (0 0) in characteristic 7 and 
level 116.3 of dimension 1

Bianchi cohomology space of weight Bianchi weight (0 0) in characteristic 2 and 
level 116.5 of dimension 7
Bianchi cohomology space of weight Bianchi weight (0 0) in characteristic 7 and 
level 116.5 of dimension 1

Bianchi cohomology space of weight Bianchi weight (0 0) in characteristic 2 and 
level 116.1 of dimension 8
Bianchi cohomology space of weight Bianchi weight (0 0) in characteristic 7 and 
level 116.1 of dimension 1

Bianchi cohomology space of weight Bianchi weight (0 0) in characteristic 2 and 
level 121.3 of dimension 7
Bianchi cohomology space of weight Bianchi weight (0 0) in characteristic 5 and 
level 121.3 of dimension 6

Bianchi cohomology space of weight Bianchi weight (0 0) in characteristic 2 and 
level 121.2 of dimension 7
Bianchi cohomology space of weight Bianchi weight (0 0) in characteristic 5 and 
level 121.2 of dimension 3

Bianchi cohomology space of weight Bianchi weight (0 0) in characteristic 2 and 
level 126.2 of dimension 10
Bianchi cohomology space of weight Bianchi weight (0 0) in characteristic 3 and 
level 126.2 of dimension 3

Bianchi cohomology space of weight Bianchi weight (0 0) in characteristic 2 and 
level 127.2 of dimension 2
Bianchi cohomology space of weight Bianchi weight (0 0) in characteristic 3 and 
level 127.2 of dimension 1
Bianchi cohomology space of weight Bianchi weight (0 0) in characteristic 7 and 
level 127.2 of dimension 3

Wrote class to file!


Bianchi cohomology space of weight Bianchi weight (0 0) in characteristic 2 and 
level 128.3 of dimension 19

Bianchi cohomology space of weight Bianchi weight (0 0) in characteristic 2 and 
level 128.8 of dimension 10

Bianchi cohomology space of weight Bianchi weight (0 0) in characteristic 2 and 
level 128.4 of dimension 22

Bianchi cohomology space of weight Bianchi weight (0 0) in characteristic 2 and 
level 128.7 of dimension 16

Bianchi cohomology space of weight Bianchi weight (0 0) in characteristic 2 and 
level 134.1 of dimension 4
Bianchi cohomology space of weight Bianchi weight (0 0) in characteristic 3 and 
level 134.1 of dimension 1
Bianchi cohomology space of weight Bianchi weight (0 0) in characteristic 11 and
level 134.1 of dimension 2

Bianchi cohomology space of weight Bianchi weight (0 0) in characteristic 2 and 
level 134.2 of dimension 4
Bianchi cohomology space of weight Bianchi weight (0 0) in characteristic 3 and 
level 134.2 of dimension 1
Bianchi cohomology space of weight Bianchi weight (0 0) in characteristic 11 and
level 134.2 of dimension 2

Bianchi cohomology space of weight Bianchi weight (0 0) in characteristic 2 and 
level 137.2 of dimension 4
Bianchi cohomology space of weight Bianchi weight (0 0) in characteristic 17 and
level 137.2 of dimension 1
Bianchi cohomology space of weight Bianchi weight (0 0) in characteristic 83 and
level 137.2 of dimension 1

Wrote class to file!


Bianchi cohomology space of weight Bianchi weight (0 0) in characteristic 2 and 
level 142.3 of dimension 4
Bianchi cohomology space of weight Bianchi weight (0 0) in characteristic 5 and 
level 142.3 of dimension 1
Bianchi cohomology space of weight Bianchi weight (0 0) in characteristic 7 and 
level 142.3 of dimension 2

Wrote class to file!


Bianchi cohomology space of weight Bianchi weight (0 0) in characteristic 2 and 
level 142.4 of dimension 4
Bianchi cohomology space of weight Bianchi weight (0 0) in characteristic 5 and 
level 142.4 of dimension 1
Bianchi cohomology space of weight Bianchi weight (0 0) in characteristic 7 and 
level 142.4 of dimension 1
Bianchi cohomology space of weight Bianchi weight (0 0) in characteristic 13 and
level 142.4 of dimension 1

Wrote class to file!


Bianchi cohomology space of weight Bianchi weight (0 0) in characteristic 2 and 
level 144.5 of dimension 12

Bianchi cohomology space of weight Bianchi weight (0 0) in characteristic 2 and 
level 144.2 of dimension 21

Bianchi cohomology space of weight Bianchi weight (0 0) in characteristic 2 and 
level 144.3 of dimension 23

Bianchi cohomology space of weight Bianchi weight (0 0) in characteristic 2 and 
level 148.1 of dimension 7
Bianchi cohomology space of weight Bianchi weight (0 0) in characteristic 3 and 
level 148.1 of dimension 1

Bianchi cohomology space of weight Bianchi weight (0 0) in characteristic 2 and 
level 148.4 of dimension 15
Bianchi cohomology space of weight Bianchi weight (0 0) in characteristic 3 and 
level 148.4 of dimension 1

Bianchi cohomology space of weight Bianchi weight (0 0) in characteristic 2 and 
level 148.2 of dimension 10
Bianchi cohomology space of weight Bianchi weight (0 0) in characteristic 3 and 
level 148.2 of dimension 1

Bianchi cohomology space of weight Bianchi weight (0 0) in characteristic 2 and 
level 149.1 of dimension 3
Bianchi cohomology space of weight Bianchi weight (0 0) in characteristic 37 and
level 149.1 of dimension 1
Bianchi cohomology space of weight Bianchi weight (0 0) in characteristic 103 
and level 149.1 of dimension 1

Wrote class to file!


Bianchi cohomology space of weight Bianchi weight (0 0) in characteristic 2 and 
level 151.1 of dimension 2
Bianchi cohomology space of weight Bianchi weight (0 0) in characteristic 3 and 
level 151.1 of dimension 1
Bianchi cohomology space of weight Bianchi weight (0 0) in characteristic 5 and 
level 151.1 of dimension 2

Wrote class to file!

Bianchi cohomology space of weight Bianchi weight (0 0) in characteristic 11 and
level 151.1 of dimension 1

Wrote class to file!


Bianchi cohomology space of weight Bianchi weight (0 0) in characteristic 2 and 
level 154.4 of dimension 10
Bianchi cohomology space of weight Bianchi weight (0 0) in characteristic 3 and 
level 154.4 of dimension 2
Bianchi cohomology space of weight Bianchi weight (0 0) in characteristic 5 and 
level 154.4 of dimension 1

Bianchi cohomology space of weight Bianchi weight (0 0) in characteristic 2 and 
level 154.3 of dimension 10
Bianchi cohomology space of weight Bianchi weight (0 0) in characteristic 3 and 
level 154.3 of dimension 1
Bianchi cohomology space of weight Bianchi weight (0 0) in characteristic 5 and 
level 154.3 of dimension 1

Bianchi cohomology space of weight Bianchi weight (0 0) in characteristic 2 and 
level 158.4 of dimension 6
Bianchi cohomology space of weight Bianchi weight (0 0) in characteristic 3 and 
level 158.4 of dimension 3
Bianchi cohomology space of weight Bianchi weight (0 0) in characteristic 13 and
level 158.4 of dimension 2

Bianchi cohomology space of weight Bianchi weight (0 0) in characteristic 2 and 
level 158.3 of dimension 6
Bianchi cohomology space of weight Bianchi weight (0 0) in characteristic 3 and 
level 158.3 of dimension 2

Wrote class to file!

Bianchi cohomology space of weight Bianchi weight (0 0) in characteristic 13 and
level 158.3 of dimension 1

Bianchi cohomology space of weight Bianchi weight (0 0) in characteristic 2 and 
level 161.2 of dimension 6
Bianchi cohomology space of weight Bianchi weight (0 0) in characteristic 3 and 
level 161.2 of dimension 2

Wrote class to file!

Bianchi cohomology space of weight Bianchi weight (0 0) in characteristic 11 and
level 161.2 of dimension 2

Bianchi cohomology space of weight Bianchi weight (0 0) in characteristic 2 and 
level 162.1 of dimension 13

Bianchi cohomology space of weight Bianchi weight (0 0) in characteristic 2 and 
level 163.1 of dimension 5

Wrote class to file!

Bianchi cohomology space of weight Bianchi weight (0 0) in characteristic 3 and 
level 163.1 of dimension 1

Bianchi cohomology space of weight Bianchi weight (0 0) in characteristic 2 and 
level 169.1 of dimension 8
Bianchi cohomology space of weight Bianchi weight (0 0) in characteristic 3 and 
level 169.1 of dimension 1
Bianchi cohomology space of weight Bianchi weight (0 0) in characteristic 7 and 
level 169.1 of dimension 2

Bianchi cohomology space of weight Bianchi weight (0 0) in characteristic 2 and 
level 172.6 of dimension 8
Bianchi cohomology space of weight Bianchi weight (0 0) in characteristic 5 and 
level 172.6 of dimension 3
Bianchi cohomology space of weight Bianchi weight (0 0) in characteristic 7 and 
level 172.6 of dimension 3
Bianchi cohomology space of weight Bianchi weight (0 0) in characteristic 23 and
level 172.6 of dimension 3

Wrote class to file!


Bianchi cohomology space of weight Bianchi weight (0 0) in characteristic 2 and 
level 172.2 of dimension 6
Bianchi cohomology space of weight Bianchi weight (0 0) in characteristic 3 and 
level 172.2 of dimension 3
Bianchi cohomology space of weight Bianchi weight (0 0) in characteristic 5 and 
level 172.2 of dimension 5
Bianchi cohomology space of weight Bianchi weight (0 0) in characteristic 7 and 
level 172.2 of dimension 3

Bianchi cohomology space of weight Bianchi weight (0 0) in characteristic 2 and 
level 172.4 of dimension 10
Bianchi cohomology space of weight Bianchi weight (0 0) in characteristic 5 and 
level 172.4 of dimension 6
Bianchi cohomology space of weight Bianchi weight (0 0) in characteristic 7 and 
level 172.4 of dimension 5

Bianchi cohomology space of weight Bianchi weight (0 0) in characteristic 2 and 
level 175.1 of dimension 7
Bianchi cohomology space of weight Bianchi weight (0 0) in characteristic 3 and 
level 175.1 of dimension 5
Bianchi cohomology space of weight Bianchi weight (0 0) in characteristic 5 and 
level 175.1 of dimension 5

Wrote class to file!


Wrote class to file!


Bianchi cohomology space of weight Bianchi weight (0 0) in characteristic 2 and 
level 176.2 of dimension 12
Bianchi cohomology space of weight Bianchi weight (0 0) in characteristic 3 and 
level 176.2 of dimension 7
Bianchi cohomology space of weight Bianchi weight (0 0) in characteristic 5 and 
level 176.2 of dimension 5

Bianchi cohomology space of weight Bianchi weight (0 0) in characteristic 2 and 
level 176.7 of dimension 20
Bianchi cohomology space of weight Bianchi weight (0 0) in characteristic 5 and 
level 176.7 of dimension 8

Bianchi cohomology space of weight Bianchi weight (0 0) in characteristic 2 and 
level 176.1 of dimension 12
Bianchi cohomology space of weight Bianchi weight (0 0) in characteristic 5 and 
level 176.1 of dimension 5

Bianchi cohomology space of weight Bianchi weight (0 0) in characteristic 2 and 
level 176.8 of dimension 18
Bianchi cohomology space of weight Bianchi weight (0 0) in characteristic 5 and 
level 176.8 of dimension 6

Bianchi cohomology space of weight Bianchi weight (0 0) in characteristic 2 and 
level 176.5 of dimension 20
Bianchi cohomology space of weight Bianchi weight (0 0) in characteristic 5 and 
level 176.5 of dimension 7

Bianchi cohomology space of weight Bianchi weight (0 0) in characteristic 2 and 
level 179.2 of dimension 2
Bianchi cohomology space of weight Bianchi weight (0 0) in characteristic 89 and
level 179.2 of dimension 1

Bianchi cohomology space of weight Bianchi weight (0 0) in characteristic 2 and 
level 184.1 of dimension 9
Bianchi cohomology space of weight Bianchi weight (0 0) in characteristic 11 and
level 184.1 of dimension 1

Bianchi cohomology space of weight Bianchi weight (0 0) in characteristic 2 and 
level 184.4 of dimension 13
Bianchi cohomology space of weight Bianchi weight (0 0) in characteristic 11 and
level 184.4 of dimension 6

Bianchi cohomology space of weight Bianchi weight (0 0) in characteristic 2 and 
level 184.3 of dimension 13
Bianchi cohomology space of weight Bianchi weight (0 0) in characteristic 3 and 
level 184.3 of dimension 4
Bianchi cohomology space of weight Bianchi weight (0 0) in characteristic 11 and
level 184.3 of dimension 4

Bianchi cohomology space of weight Bianchi weight (0 0) in characteristic 2 and 
level 184.2 of dimension 9
Bianchi cohomology space of weight Bianchi weight (0 0) in characteristic 7 and 
level 184.2 of dimension 4

Wrote class to file!

Bianchi cohomology space of weight Bianchi weight (0 0) in characteristic 11 and
level 184.2 of dimension 4

Bianchi cohomology space of weight Bianchi weight (0 0) in characteristic 2 and 
level 191.2 of dimension 2
Bianchi cohomology space of weight Bianchi weight (0 0) in characteristic 5 and 
level 191.2 of dimension 1
Bianchi cohomology space of weight Bianchi weight (0 0) in characteristic 11 and
level 191.2 of dimension 1

Wrote class to file!

Bianchi cohomology space of weight Bianchi weight (0 0) in characteristic 19 and
level 191.2 of dimension 1

Bianchi cohomology space of weight Bianchi weight (0 0) in characteristic 2 and 
level 193.1 of dimension 5
Bianchi cohomology space of weight Bianchi weight (0 0) in characteristic 3 and 
level 193.1 of dimension 1

Bianchi cohomology space of weight Bianchi weight (0 0) in characteristic 2 and 
level 196.2 of dimension 22

Bianchi cohomology space of weight Bianchi weight (0 0) in characteristic 2 and 
level 196.3 of dimension 15
Bianchi cohomology space of weight Bianchi weight (0 0) in characteristic 3 and 
level 196.3 of dimension 10

Bianchi cohomology space of weight Bianchi weight (0 0) in characteristic 2 and 
level 197.1 of dimension 3
Bianchi cohomology space of weight Bianchi weight (0 0) in characteristic 7 and 
level 197.1 of dimension 1
Bianchi cohomology space of weight Bianchi weight (0 0) in characteristic 13 and
level 197.1 of dimension 1

Wrote class to file!


Bianchi cohomology space of weight Bianchi weight (0 0) in characteristic 2 and 
level 198.2 of dimension 11
Bianchi cohomology space of weight Bianchi weight (0 0) in characteristic 3 and 
level 198.2 of dimension 1
Bianchi cohomology space of weight Bianchi weight (0 0) in characteristic 5 and 
level 198.2 of dimension 2

Bianchi cohomology space of weight Bianchi weight (0 0) in characteristic 2 and 
level 198.1 of dimension 10
Bianchi cohomology space of weight Bianchi weight (0 0) in characteristic 5 and 
level 198.1 of dimension 2

Bianchi cohomology space of weight Bianchi weight (0 0) in characteristic 2 and 
level 200.1 of dimension 13
Bianchi cohomology space of weight Bianchi weight (0 0) in characteristic 3 and 
level 200.1 of dimension 2

Bianchi cohomology space of weight Bianchi weight (0 0) in characteristic 2 and 
level 200.3 of dimension 22
Bianchi cohomology space of weight Bianchi weight (0 0) in characteristic 3 and 
level 200.3 of dimension 3

Bianchi cohomology space of weight Bianchi weight (0 0) in characteristic 2 and 
level 203.2 of dimension 5
Bianchi cohomology space of weight Bianchi weight (0 0) in characteristic 3 and 
level 203.2 of dimension 2
Bianchi cohomology space of weight Bianchi weight (0 0) in characteristic 7 and 
level 203.2 of dimension 1

Bianchi cohomology space of weight Bianchi weight (0 0) in characteristic 2 and 
level 207.1 of dimension 7
Bianchi cohomology space of weight Bianchi weight (0 0) in characteristic 5 and 
level 207.1 of dimension 1

Wrote class to file!

Bianchi cohomology space of weight Bianchi weight (0 0) in characteristic 11 and
level 207.1 of dimension 1

Bianchi cohomology space of weight Bianchi weight (0 0) in characteristic 2 and 
level 211.1 of dimension 3

Wrote class to file!

Bianchi cohomology space of weight Bianchi weight (0 0) in characteristic 3 and 
level 211.1 of dimension 2

Wrote class to file!

Bianchi cohomology space of weight Bianchi weight (0 0) in characteristic 5 and 
level 211.1 of dimension 1
Bianchi cohomology space of weight Bianchi weight (0 0) in characteristic 7 and 
level 211.1 of dimension 1
Bianchi cohomology space of weight Bianchi weight (0 0) in characteristic 443 
and level 211.1 of dimension 1

Wrote class to file!


Bianchi cohomology space of weight Bianchi weight (0 0) in characteristic 2 and 
level 212.4 of dimension 19
Bianchi cohomology space of weight Bianchi weight (0 0) in characteristic 13 and
level 212.4 of dimension 1

Bianchi cohomology space of weight Bianchi weight (0 0) in characteristic 2 and 
level 212.1 of dimension 13
Bianchi cohomology space of weight Bianchi weight (0 0) in characteristic 13 and
level 212.1 of dimension 1

Bianchi cohomology space of weight Bianchi weight (0 0) in characteristic 2 and 
level 212.5 of dimension 14
Bianchi cohomology space of weight Bianchi weight (0 0) in characteristic 13 and
level 212.5 of dimension 1

Bianchi cohomology space of weight Bianchi weight (0 0) in characteristic 2 and 
level 214.3 of dimension 5

Wrote class to file!

Bianchi cohomology space of weight Bianchi weight (0 0) in characteristic 17 and
level 214.3 of dimension 2
Bianchi cohomology space of weight Bianchi weight (0 0) in characteristic 53 and
level 214.3 of dimension 1

Bianchi cohomology space of weight Bianchi weight (0 0) in characteristic 2 and 
level 214.4 of dimension 6
Bianchi cohomology space of weight Bianchi weight (0 0) in characteristic 17 and
level 214.4 of dimension 2
Bianchi cohomology space of weight Bianchi weight (0 0) in characteristic 53 and
level 214.4 of dimension 1

Bianchi cohomology space of weight Bianchi weight (0 0) in characteristic 2 and 
level 218.1 of dimension 6
Bianchi cohomology space of weight Bianchi weight (0 0) in characteristic 3 and 
level 218.1 of dimension 3

Bianchi cohomology space of weight Bianchi weight (0 0) in characteristic 2 and 
level 218.3 of dimension 7
Bianchi cohomology space of weight Bianchi weight (0 0) in characteristic 3 and 
level 218.3 of dimension 3

Bianchi cohomology space of weight Bianchi weight (0 0) in characteristic 2 and 
level 224.6 of dimension 18
Bianchi cohomology space of weight Bianchi weight (0 0) in characteristic 3 and 
level 224.6 of dimension 6

Bianchi cohomology space of weight Bianchi weight (0 0) in characteristic 2 and 
level 224.2 of dimension 27

Bianchi cohomology space of weight Bianchi weight (0 0) in characteristic 2 and 
level 224.3 of dimension 27

Bianchi cohomology space of weight Bianchi weight (0 0) in characteristic 2 and 
level 225.1 of dimension 13
Bianchi cohomology space of weight Bianchi weight (0 0) in characteristic 3 and 
level 225.1 of dimension 2

Bianchi cohomology space of weight Bianchi weight (0 0) in characteristic 2 and 
level 226.4 of dimension 7
Bianchi cohomology space of weight Bianchi weight (0 0) in characteristic 7 and 
level 226.4 of dimension 1
Bianchi cohomology space of weight Bianchi weight (0 0) in characteristic 19 and
level 226.4 of dimension 1

Bianchi cohomology space of weight Bianchi weight (0 0) in characteristic 2 and 
level 226.2 of dimension 11
Bianchi cohomology space of weight Bianchi weight (0 0) in characteristic 7 and 
level 226.2 of dimension 3

Bianchi cohomology space of weight Bianchi weight (0 0) in characteristic 2 and 
level 232.1 of dimension 13
Bianchi cohomology space of weight Bianchi weight (0 0) in characteristic 7 and 
level 232.1 of dimension 1

Bianchi cohomology space of weight Bianchi weight (0 0) in characteristic 2 and 
level 232.5 of dimension 17
Bianchi cohomology space of weight Bianchi weight (0 0) in characteristic 7 and 
level 232.5 of dimension 2

Bianchi cohomology space of weight Bianchi weight (0 0) in characteristic 2 and 
level 232.7 of dimension 11
Bianchi cohomology space of weight Bianchi weight (0 0) in characteristic 7 and 
level 232.7 of dimension 1
Bianchi cohomology space of weight Bianchi weight (0 0) in characteristic 11 and
level 232.7 of dimension 1

Wrote class to file!


Bianchi cohomology space of weight Bianchi weight (0 0) in characteristic 2 and 
level 232.3 of dimension 16
Bianchi cohomology space of weight Bianchi weight (0 0) in characteristic 3 and 
level 232.3 of dimension 1
Bianchi cohomology space of weight Bianchi weight (0 0) in characteristic 7 and 
level 232.3 of dimension 1

Bianchi cohomology space of weight Bianchi weight (0 0) in characteristic 2 and 
level 233.1 of dimension 4
Bianchi cohomology space of weight Bianchi weight (0 0) in characteristic 3 and 
level 233.1 of dimension 1

Wrote class to file!

Bianchi cohomology space of weight Bianchi weight (0 0) in characteristic 29 and
level 233.1 of dimension 1

Bianchi cohomology space of weight Bianchi weight (0 0) in characteristic 2 and 
level 239.2 of dimension 2
Bianchi cohomology space of weight Bianchi weight (0 0) in characteristic 7 and 
level 239.2 of dimension 1
Bianchi cohomology space of weight Bianchi weight (0 0) in characteristic 17 and
level 239.2 of dimension 1
Bianchi cohomology space of weight Bianchi weight (0 0) in characteristic 19 and
level 239.2 of dimension 1

Wrote class to file!


Bianchi cohomology space of weight Bianchi weight (0 0) in characteristic 2 and 
level 242.2 of dimension 14
Bianchi cohomology space of weight Bianchi weight (0 0) in characteristic 3 and 
level 242.2 of dimension 3
Bianchi cohomology space of weight Bianchi weight (0 0) in characteristic 5 and 
level 242.2 of dimension 4

Bianchi cohomology space of weight Bianchi weight (0 0) in characteristic 2 and 
level 242.1 of dimension 15
Bianchi cohomology space of weight Bianchi weight (0 0) in characteristic 5 and 
level 242.1 of dimension 12

Bianchi cohomology space of weight Bianchi weight (0 0) in characteristic 2 and 
level 242.3 of dimension 15
Bianchi cohomology space of weight Bianchi weight (0 0) in characteristic 5 and 
level 242.3 of dimension 12

Bianchi cohomology space of weight Bianchi weight (0 0) in characteristic 2 and 
level 252.3 of dimension 17
Bianchi cohomology space of weight Bianchi weight (0 0) in characteristic 3 and 
level 252.3 of dimension 4

Bianchi cohomology space of weight Bianchi weight (0 0) in characteristic 2 and 
level 252.2 of dimension 23

Bianchi cohomology space of weight Bianchi weight (0 0) in characteristic 2 and 
level 253.2 of dimension 5
Bianchi cohomology space of weight Bianchi weight (0 0) in characteristic 3 and 
level 253.2 of dimension 2

Wrote class to file!

Bianchi cohomology space of weight Bianchi weight (0 0) in characteristic 5 and 
level 253.2 of dimension 1
Bianchi cohomology space of weight Bianchi weight (0 0) in characteristic 11 and
level 253.2 of dimension 2

Wrote class to file!


Bianchi cohomology space of weight Bianchi weight (0 0) in characteristic 2 and 
level 253.1 of dimension 7
Bianchi cohomology space of weight Bianchi weight (0 0) in characteristic 5 and 
level 253.1 of dimension 2

Wrote class to file!

Bianchi cohomology space of weight Bianchi weight (0 0) in characteristic 11 and
level 253.1 of dimension 1

Bianchi cohomology space of weight Bianchi weight (0 0) in characteristic 2 and 
level 254.1 of dimension 5

Wrote class to file!

Bianchi cohomology space of weight Bianchi weight (0 0) in characteristic 3 and 
level 254.1 of dimension 1
Bianchi cohomology space of weight Bianchi weight (0 0) in characteristic 7 and 
level 254.1 of dimension 5

Bianchi cohomology space of weight Bianchi weight (0 0) in characteristic 2 and 
level 254.3 of dimension 4
Bianchi cohomology space of weight Bianchi weight (0 0) in characteristic 3 and 
level 254.3 of dimension 1
Bianchi cohomology space of weight Bianchi weight (0 0) in characteristic 7 and 
level 254.3 of dimension 5

Bianchi cohomology space of weight Bianchi weight (0 0) in characteristic 2 and 
level 256.3 of dimension 27

Bianchi cohomology space of weight Bianchi weight (0 0) in characteristic 2 and 
level 256.4 of dimension 29

Bianchi cohomology space of weight Bianchi weight (0 0) in characteristic 2 and 
level 256.5 of dimension 32

Bianchi cohomology space of weight Bianchi weight (0 0) in characteristic 2 and 
level 256.8 of dimension 20
Bianchi cohomology space of weight Bianchi weight (0 0) in characteristic 3 and 
level 256.8 of dimension 14

Wrote class to file!


Wrote class to file!


Bianchi cohomology space of weight Bianchi weight (0 0) in characteristic 2 and 
level 256.1 of dimension 14

Bianchi cohomology space of weight Bianchi weight (0 0) in characteristic 2 and 
level 259.2 of dimension 7
Bianchi cohomology space of weight Bianchi weight (0 0) in characteristic 3 and 
level 259.2 of dimension 2
Bianchi cohomology space of weight Bianchi weight (0 0) in characteristic 37 and
level 259.2 of dimension 1

Wrote class to file!


Bianchi cohomology space of weight Bianchi weight (0 0) in characteristic 2 and 
level 261.1 of dimension 11
Bianchi cohomology space of weight Bianchi weight (0 0) in characteristic 7 and 
level 261.1 of dimension 1
Bianchi cohomology space of weight Bianchi weight (0 0) in characteristic 19 and
level 261.1 of dimension 1

Wrote class to file!


Bianchi cohomology space of weight Bianchi weight (0 0) in characteristic 2 and 
level 263.2 of dimension 3

Wrote class to file!

Bianchi cohomology space of weight Bianchi weight (0 0) in characteristic 131 
and level 263.2 of dimension 1

Bianchi cohomology space of weight Bianchi weight (0 0) in characteristic 2 and 
level 268.4 of dimension 10
Bianchi cohomology space of weight Bianchi weight (0 0) in characteristic 3 and 
level 268.4 of dimension 3
Bianchi cohomology space of weight Bianchi weight (0 0) in characteristic 11 and
level 268.4 of dimension 5

Bianchi cohomology space of weight Bianchi weight (0 0) in characteristic 2 and 
level 268.2 of dimension 6
Bianchi cohomology space of weight Bianchi weight (0 0) in characteristic 3 and 
level 268.2 of dimension 2
Bianchi cohomology space of weight Bianchi weight (0 0) in characteristic 11 and
level 268.2 of dimension 3

Bianchi cohomology space of weight Bianchi weight (0 0) in characteristic 2 and 
level 268.1 of dimension 6
Bianchi cohomology space of weight Bianchi weight (0 0) in characteristic 3 and 
level 268.1 of dimension 1
Bianchi cohomology space of weight Bianchi weight (0 0) in characteristic 11 and
level 268.1 of dimension 3
Bianchi cohomology space of weight Bianchi weight (0 0) in characteristic 47 and
level 268.1 of dimension 1

Wrote class to file!


Bianchi cohomology space of weight Bianchi weight (0 0) in characteristic 2 and 
level 274.1 of dimension 8
Bianchi cohomology space of weight Bianchi weight (0 0) in characteristic 17 and
level 274.1 of dimension 1
Bianchi cohomology space of weight Bianchi weight (0 0) in characteristic 83 and
level 274.1 of dimension 2

Bianchi cohomology space of weight Bianchi weight (0 0) in characteristic 2 and 
level 274.3 of dimension 8
Bianchi cohomology space of weight Bianchi weight (0 0) in characteristic 17 and
level 274.3 of dimension 1
Bianchi cohomology space of weight Bianchi weight (0 0) in characteristic 83 and
level 274.3 of dimension 2

Bianchi cohomology space of weight Bianchi weight (0 0) in characteristic 2 and 
level 275.1 of dimension 7
Bianchi cohomology space of weight Bianchi weight (0 0) in characteristic 3 and 
level 275.1 of dimension 1
Bianchi cohomology space of weight Bianchi weight (0 0) in characteristic 5 and 
level 275.1 of dimension 1

Bianchi cohomology space of weight Bianchi weight (0 0) in characteristic 2 and 
level 277.1 of dimension 5
Bianchi cohomology space of weight Bianchi weight (0 0) in characteristic 3 and 
level 277.1 of dimension 1
Bianchi cohomology space of weight Bianchi weight (0 0) in characteristic 23 and
level 277.1 of dimension 1

Bianchi cohomology space of weight Bianchi weight (0 0) in characteristic 2 and 
level 281.1 of dimension 4
Bianchi cohomology space of weight Bianchi weight (0 0) in characteristic 5 and 
level 281.1 of dimension 3

Wrote class to file!

Bianchi cohomology space of weight Bianchi weight (0 0) in characteristic 7 and 
level 281.1 of dimension 1
Bianchi cohomology space of weight Bianchi weight (0 0) in characteristic 71 and
level 281.1 of dimension 1

Wrote class to file!


Bianchi cohomology space of weight Bianchi weight (0 0) in characteristic 2 and 
level 284.2 of dimension 6
Bianchi cohomology space of weight Bianchi weight (0 0) in characteristic 5 and 
level 284.2 of dimension 1
Bianchi cohomology space of weight Bianchi weight (0 0) in characteristic 7 and 
level 284.2 of dimension 3

Bianchi cohomology space of weight Bianchi weight (0 0) in characteristic 2 and 
level 284.4 of dimension 8
Bianchi cohomology space of weight Bianchi weight (0 0) in characteristic 5 and 
level 284.4 of dimension 1
Bianchi cohomology space of weight Bianchi weight (0 0) in characteristic 7 and 
level 284.4 of dimension 3
Bianchi cohomology space of weight Bianchi weight (0 0) in characteristic 13 and
level 284.4 of dimension 2

Bianchi cohomology space of weight Bianchi weight (0 0) in characteristic 2 and 
level 284.1 of dimension 6
Bianchi cohomology space of weight Bianchi weight (0 0) in characteristic 5 and 
level 284.1 of dimension 1
Bianchi cohomology space of weight Bianchi weight (0 0) in characteristic 7 and 
level 284.1 of dimension 1
Bianchi cohomology space of weight Bianchi weight (0 0) in characteristic 13 and
level 284.1 of dimension 2

Bianchi cohomology space of weight Bianchi weight (0 0) in characteristic 2 and 
level 288.3 of dimension 35

Bianchi cohomology space of weight Bianchi weight (0 0) in characteristic 2 and 
level 288.1 of dimension 17

Bianchi cohomology space of weight Bianchi weight (0 0) in characteristic 2 and 
level 288.5 of dimension 28

Bianchi cohomology space of weight Bianchi weight (0 0) in characteristic 2 and 
level 289.1 of dimension 12
Bianchi cohomology space of weight Bianchi weight (0 0) in characteristic 3 and 
level 289.1 of dimension 3

Bianchi cohomology space of weight Bianchi weight (0 0) in characteristic 2 and 
level 296.8 of dimension 11
Bianchi cohomology space of weight Bianchi weight (0 0) in characteristic 3 and 
level 296.8 of dimension 2

Wrote class to file!


Bianchi cohomology space of weight Bianchi weight (0 0) in characteristic 2 and 
level 296.6 of dimension 23
Bianchi cohomology space of weight Bianchi weight (0 0) in characteristic 3 and 
level 296.6 of dimension 2

Bianchi cohomology space of weight Bianchi weight (0 0) in characteristic 2 and 
level 296.2 of dimension 15
Bianchi cohomology space of weight Bianchi weight (0 0) in characteristic 3 and 
level 296.2 of dimension 1

Bianchi cohomology space of weight Bianchi weight (0 0) in characteristic 2 and 
level 296.5 of dimension 24
Bianchi cohomology space of weight Bianchi weight (0 0) in characteristic 3 and 
level 296.5 of dimension 2
Bianchi cohomology space of weight Bianchi weight (0 0) in characteristic 7 and 
level 296.5 of dimension 1

Wrote class to file!


Bianchi cohomology space of weight Bianchi weight (0 0) in characteristic 2 and 
level 298.2 of dimension 8
Bianchi cohomology space of weight Bianchi weight (0 0) in characteristic 37 and
level 298.2 of dimension 1
Bianchi cohomology space of weight Bianchi weight (0 0) in characteristic 103 
and level 298.2 of dimension 2

Bianchi cohomology space of weight Bianchi weight (0 0) in characteristic 2 and 
level 298.4 of dimension 7
Bianchi cohomology space of weight Bianchi weight (0 0) in characteristic 5 and 
level 298.4 of dimension 1

Wrote class to file!

Bianchi cohomology space of weight Bianchi weight (0 0) in characteristic 37 and
level 298.4 of dimension 1
Bianchi cohomology space of weight Bianchi weight (0 0) in characteristic 103 
and level 298.4 of dimension 2



Total time: 20710.580 seconds, Total memory usage: 481.28MB
20708.59user 2.03system 5:45:10elapsed 99%CPU (0avgtext+0avgdata 517180maxresident)k
88inputs+4080outputs (0major+1419173minor)pagefaults 0swaps
