nohup: ignoring input
Magma V2.29-3     Fri Jul  3 2026 15:07:38 on azdona   [Seed = 654970374]
Type ? for help.  Type <Ctrl>-D to quit.

Loading file "scratch.m"
Loading "write_forms.m"
Loading "homology_torsion.m"
Computing H_1 to find nonliftable forms
Finished computing H_1
Bianchi cohomology space of weight Bianchi weight (0 0) in characteristic 2 and 
level 801.1 of dimension 9
Bianchi cohomology space of weight Bianchi weight (0 0) in characteristic 7 and 
level 801.1 of dimension 1

Wrote class to file!

Bianchi cohomology space of weight Bianchi weight (0 0) in characteristic 11 and
level 801.1 of dimension 1

Bianchi cohomology space of weight Bianchi weight (0 0) in characteristic 2 and 
level 802.2 of dimension 7
Bianchi cohomology space of weight Bianchi weight (0 0) in characteristic 5 and 
level 802.2 of dimension 1
Bianchi cohomology space of weight Bianchi weight (0 0) in characteristic 7 and 
level 802.2 of dimension 1

Wrote class to file!

Bianchi cohomology space of weight Bianchi weight (0 0) in characteristic 41 and
level 802.2 of dimension 2

Bianchi cohomology space of weight Bianchi weight (0 0) in characteristic 2 and 
level 808.2 of dimension 5
Bianchi cohomology space of weight Bianchi weight (0 0) in characteristic 3 and 
level 808.2 of dimension 2
Bianchi cohomology space of weight Bianchi weight (0 0) in characteristic 5 and 
level 808.2 of dimension 4

Bianchi cohomology space of weight Bianchi weight (0 0) in characteristic 2 and 
level 809.1 of dimension 2
Bianchi cohomology space of weight Bianchi weight (0 0) in characteristic 83 and
level 809.1 of dimension 1

Wrote class to file!

Bianchi cohomology space of weight Bianchi weight (0 0) in characteristic 101 
and level 809.1 of dimension 1

Bianchi cohomology space of weight Bianchi weight (0 0) in characteristic 2 and 
level 810.2 of dimension 14
Bianchi cohomology space of weight Bianchi weight (0 0) in characteristic 3 and 
level 810.2 of dimension 10

Bianchi cohomology space of weight Bianchi weight (0 0) in characteristic 2 and 
level 818.1 of dimension 4
Bianchi cohomology space of weight Bianchi weight (0 0) in characteristic 3 and 
level 818.1 of dimension 2

Wrote class to file!

Bianchi cohomology space of weight Bianchi weight (0 0) in characteristic 17 and
level 818.1 of dimension 1
Bianchi cohomology space of weight Bianchi weight (0 0) in characteristic 137 
and level 818.1 of dimension 2

Bianchi cohomology space of weight Bianchi weight (0 0) in characteristic 2 and 
level 820.4 of dimension 15
Bianchi cohomology space of weight Bianchi weight (0 0) in characteristic 5 and 
level 820.4 of dimension 8

Bianchi cohomology space of weight Bianchi weight (0 0) in characteristic 2 and 
level 820.2 of dimension 14
Bianchi cohomology space of weight Bianchi weight (0 0) in characteristic 3 and 
level 820.2 of dimension 5
Bianchi cohomology space of weight Bianchi weight (0 0) in characteristic 5 and 
level 820.2 of dimension 5



Total time: 33651.040 seconds, Total memory usage: 1713.72MB
33625.63user 25.47system 9:20:51elapsed 99%CPU (0avgtext+0avgdata 1804616maxresident)k
0inputs+336outputs (0major+19943475minor)pagefaults 0swaps
