nohup: ignoring input
Magma V2.29-3     Thu Jul  9 2026 10:48:32 on albona   [Seed = 2528249169]
Type ? for help.  Type <Ctrl>-D to quit.

Loading file "scratch.m"
Loading "write_forms.m"
Loading "homology_torsion.m"
Computing H_1 to find nonliftable forms
Finished computing H_1
nohup: ignoring input
Magma V2.29-3     Thu Jul  9 2026 10:48:58 on albona   [Seed = 2709860987]
Type ? for help.  Type <Ctrl>-D to quit.

Loading file "scratch.m"
Loading "write_forms.m"
Loading "homology_torsion.m"
Computing H_1 to find nonliftable forms
Finished computing H_1
Command terminated by signal 15
16.00user 0.73system 0:16.82elapsed 99%CPU (0avgtext+0avgdata 851844maxresident)k
0inputs+16outputs (0major+340464minor)pagefaults 0swaps
Bianchi cohomology space of weight Bianchi weight (0 0) in characteristic 2 and 
level 955.2 of dimension 11
Bianchi cohomology space of weight Bianchi weight (0 0) in characteristic 3 and 
level 955.2 of dimension 3

Wrote class to file!

Bianchi cohomology space of weight Bianchi weight (0 0) in characteristic 5 and 
level 955.2 of dimension 4

Wrote class to file!

Bianchi cohomology space of weight Bianchi weight (0 0) in characteristic 7 and 
level 955.2 of dimension 3

Wrote class to file!

Bianchi cohomology space of weight Bianchi weight (0 0) in characteristic 19 and
level 955.2 of dimension 3
Bianchi cohomology space of weight Bianchi weight (0 0) in characteristic 41 and
level 955.2 of dimension 4
Bianchi cohomology space of weight Bianchi weight (0 0) in characteristic 89 and
level 955.2 of dimension 3

Wrote class to file!

Bianchi cohomology space of weight Bianchi weight (0 0) in characteristic 1583 
and level 955.2 of dimension 3

Wrote class to file!

Bianchi cohomology space of weight Bianchi weight (0 0) in characteristic 23197 
and level 955.2 of dimension 3

Wrote class to file!


Bianchi cohomology space of weight Bianchi weight (0 0) in characteristic 2 and 
level 955.4 of dimension 7
Bianchi cohomology space of weight Bianchi weight (0 0) in characteristic 3 and 
level 955.4 of dimension 2

Wrote class to file!

Bianchi cohomology space of weight Bianchi weight (0 0) in characteristic 5 and 
level 955.4 of dimension 2

Wrote class to file!

Bianchi cohomology space of weight Bianchi weight (0 0) in characteristic 19 and
level 955.4 of dimension 1
Bianchi cohomology space of weight Bianchi weight (0 0) in characteristic 31 and
level 955.4 of dimension 1

Wrote class to file!

Bianchi cohomology space of weight Bianchi weight (0 0) in characteristic 41 and
level 955.4 of dimension 2
Bianchi cohomology space of weight Bianchi weight (0 0) in characteristic 101 
and level 955.4 of dimension 1

Wrote class to file!

Bianchi cohomology space of weight Bianchi weight (0 0) in characteristic 9029 
and level 955.4 of dimension 1

Wrote class to file!




Total time: 78811.440 seconds, Total memory usage: 2816.66MB
72704.99user 6106.53system 21:53:32elapsed 99%CPU (0avgtext+0avgdata 2814240maxresident)k
77968inputs+344outputs (6major+2880642572minor)pagefaults 0swaps
