nohup: ignoring input
Magma V2.29-3     Fri Jul  3 2026 11:57:50 on albona   [Seed = 738293181]
Type ? for help.  Type <Ctrl>-D to quit.

Loading file "scratch.m"
Loading "write_forms.m"
Loading "homology_torsion.m"
Computing H_1 to find nonliftable forms
Finished computing H_1
Bianchi cohomology space of weight Bianchi weight (0 0) in characteristic 2 and 
level 841.3 of dimension 17
Bianchi cohomology space of weight Bianchi weight (0 0) in characteristic 7 and 
level 841.3 of dimension 15

Bianchi cohomology space of weight Bianchi weight (0 0) in characteristic 2 and 
level 841.2 of dimension 21
Bianchi cohomology space of weight Bianchi weight (0 0) in characteristic 7 and 
level 841.2 of dimension 4

Bianchi cohomology space of weight Bianchi weight (0 0) in characteristic 2 and 
level 842.4 of dimension 8
Bianchi cohomology space of weight Bianchi weight (0 0) in characteristic 3 and 
level 842.4 of dimension 1
Bianchi cohomology space of weight Bianchi weight (0 0) in characteristic 5 and 
level 842.4 of dimension 1
Bianchi cohomology space of weight Bianchi weight (0 0) in characteristic 7 and 
level 842.4 of dimension 3
Bianchi cohomology space of weight Bianchi weight (0 0) in characteristic 17 and
level 842.4 of dimension 2

Bianchi cohomology space of weight Bianchi weight (0 0) in characteristic 2 and 
level 842.3 of dimension 7
Bianchi cohomology space of weight Bianchi weight (0 0) in characteristic 3 and 
level 842.3 of dimension 1
Bianchi cohomology space of weight Bianchi weight (0 0) in characteristic 5 and 
level 842.3 of dimension 2

Wrote class to file!

Bianchi cohomology space of weight Bianchi weight (0 0) in characteristic 7 and 
level 842.3 of dimension 3
Bianchi cohomology space of weight Bianchi weight (0 0) in characteristic 17 and
level 842.3 of dimension 2
Bianchi cohomology space of weight Bianchi weight (0 0) in characteristic 23 and
level 842.3 of dimension 1

Wrote class to file!

Bianchi cohomology space of weight Bianchi weight (0 0) in characteristic 457 
and level 842.3 of dimension 1

Wrote class to file!


Bianchi cohomology space of weight Bianchi weight (0 0) in characteristic 2 and 
level 844.4 of dimension 12
Bianchi cohomology space of weight Bianchi weight (0 0) in characteristic 3 and 
level 844.4 of dimension 6
Bianchi cohomology space of weight Bianchi weight (0 0) in characteristic 5 and 
level 844.4 of dimension 5
Bianchi cohomology space of weight Bianchi weight (0 0) in characteristic 7 and 
level 844.4 of dimension 7
Bianchi cohomology space of weight Bianchi weight (0 0) in characteristic 11 and
level 844.4 of dimension 5

Wrote class to file!

Bianchi cohomology space of weight Bianchi weight (0 0) in characteristic 29 and
level 844.4 of dimension 6
Bianchi cohomology space of weight Bianchi weight (0 0) in characteristic 443 
and level 844.4 of dimension 8

Bianchi cohomology space of weight Bianchi weight (0 0) in characteristic 2 and 
level 844.1 of dimension 9
Bianchi cohomology space of weight Bianchi weight (0 0) in characteristic 3 and 
level 844.1 of dimension 6
Bianchi cohomology space of weight Bianchi weight (0 0) in characteristic 5 and 
level 844.1 of dimension 5
Bianchi cohomology space of weight Bianchi weight (0 0) in characteristic 7 and 
level 844.1 of dimension 7
Bianchi cohomology space of weight Bianchi weight (0 0) in characteristic 443 
and level 844.1 of dimension 7

Bianchi cohomology space of weight Bianchi weight (0 0) in characteristic 2 and 
level 844.5 of dimension 10
Bianchi cohomology space of weight Bianchi weight (0 0) in characteristic 3 and 
level 844.5 of dimension 4
Bianchi cohomology space of weight Bianchi weight (0 0) in characteristic 5 and 
level 844.5 of dimension 1
Bianchi cohomology space of weight Bianchi weight (0 0) in characteristic 7 and 
level 844.5 of dimension 1
Bianchi cohomology space of weight Bianchi weight (0 0) in characteristic 29 and
level 844.5 of dimension 2
Bianchi cohomology space of weight Bianchi weight (0 0) in characteristic 443 
and level 844.5 of dimension 3
Bianchi cohomology space of weight Bianchi weight (0 0) in characteristic 1657 
and level 844.5 of dimension 1

Wrote class to file!


Bianchi cohomology space of weight Bianchi weight (0 0) in characteristic 2 and 
level 847.2 of dimension 29
Bianchi cohomology space of weight Bianchi weight (0 0) in characteristic 5 and 
level 847.2 of dimension 9
Bianchi cohomology space of weight Bianchi weight (0 0) in characteristic 17 and
level 847.2 of dimension 9

Wrote class to file!


Wrote class to file!


Bianchi cohomology space of weight Bianchi weight (0 0) in characteristic 2 and 
level 847.1 of dimension 18
Bianchi cohomology space of weight Bianchi weight (0 0) in characteristic 3 and 
level 847.1 of dimension 12
Bianchi cohomology space of weight Bianchi weight (0 0) in characteristic 5 and 
level 847.1 of dimension 13

Wrote class to file!

Bianchi cohomology space of weight Bianchi weight (0 0) in characteristic 13 and
level 847.1 of dimension 12

Wrote class to file!


Bianchi cohomology space of weight Bianchi weight (0 0) in characteristic 2 and 
level 848.10 of dimension 32
Bianchi cohomology space of weight Bianchi weight (0 0) in characteristic 5 and 
level 848.10 of dimension 6
Bianchi cohomology space of weight Bianchi weight (0 0) in characteristic 13 and
level 848.10 of dimension 5

Bianchi cohomology space of weight Bianchi weight (0 0) in characteristic 2 and 
level 848.4 of dimension 42
Bianchi cohomology space of weight Bianchi weight (0 0) in characteristic 3 and 
level 848.4 of dimension 7

Wrote class to file!

Bianchi cohomology space of weight Bianchi weight (0 0) in characteristic 13 and
level 848.4 of dimension 5

Bianchi cohomology space of weight Bianchi weight (0 0) in characteristic 2 and 
level 848.6 of dimension 47
Bianchi cohomology space of weight Bianchi weight (0 0) in characteristic 3 and 
level 848.6 of dimension 3
Bianchi cohomology space of weight Bianchi weight (0 0) in characteristic 13 and
level 848.6 of dimension 2

Bianchi cohomology space of weight Bianchi weight (0 0) in characteristic 2 and 
level 848.8 of dimension 44
Bianchi cohomology space of weight Bianchi weight (0 0) in characteristic 3 and 
level 848.8 of dimension 6

Wrote class to file!

Bianchi cohomology space of weight Bianchi weight (0 0) in characteristic 5 and 
level 848.8 of dimension 4
Bianchi cohomology space of weight Bianchi weight (0 0) in characteristic 13 and
level 848.8 of dimension 4

Bianchi cohomology space of weight Bianchi weight (0 0) in characteristic 2 and 
level 848.9 of dimension 30
Bianchi cohomology space of weight Bianchi weight (0 0) in characteristic 13 and
level 848.9 of dimension 9

Bianchi cohomology space of weight Bianchi weight (0 0) in characteristic 2 and 
level 851.4 of dimension 7
Bianchi cohomology space of weight Bianchi weight (0 0) in characteristic 3 and 
level 851.4 of dimension 3

Wrote class to file!

Bianchi cohomology space of weight Bianchi weight (0 0) in characteristic 7 and 
level 851.4 of dimension 2

Wrote class to file!

Bianchi cohomology space of weight Bianchi weight (0 0) in characteristic 11 and
level 851.4 of dimension 1
Bianchi cohomology space of weight Bianchi weight (0 0) in characteristic 23 and
level 851.4 of dimension 1

Wrote class to file!

Bianchi cohomology space of weight Bianchi weight (0 0) in characteristic 29 and
level 851.4 of dimension 1

Wrote class to file!

Bianchi cohomology space of weight Bianchi weight (0 0) in characteristic 37 and
level 851.4 of dimension 1

Wrote class to file!


Bianchi cohomology space of weight Bianchi weight (0 0) in characteristic 2 and 
level 851.2 of dimension 5
Bianchi cohomology space of weight Bianchi weight (0 0) in characteristic 3 and 
level 851.2 of dimension 1
Bianchi cohomology space of weight Bianchi weight (0 0) in characteristic 7 and 
level 851.2 of dimension 1

Wrote class to file!

Bianchi cohomology space of weight Bianchi weight (0 0) in characteristic 11 and
level 851.2 of dimension 1
Bianchi cohomology space of weight Bianchi weight (0 0) in characteristic 19 and
level 851.2 of dimension 1

Wrote class to file!

Bianchi cohomology space of weight Bianchi weight (0 0) in characteristic 197 
and level 851.2 of dimension 1

Wrote class to file!

Bianchi cohomology space of weight Bianchi weight (0 0) in characteristic 223 
and level 851.2 of dimension 1

Wrote class to file!


Bianchi cohomology space of weight Bianchi weight (0 0) in characteristic 2 and 
level 856.1 of dimension 17
Bianchi cohomology space of weight Bianchi weight (0 0) in characteristic 17 and
level 856.1 of dimension 4
Bianchi cohomology space of weight Bianchi weight (0 0) in characteristic 53 and
level 856.1 of dimension 1

Bianchi cohomology space of weight Bianchi weight (0 0) in characteristic 2 and 
level 856.5 of dimension 25
Bianchi cohomology space of weight Bianchi weight (0 0) in characteristic 5 and 
level 856.5 of dimension 5

Wrote class to file!

Bianchi cohomology space of weight Bianchi weight (0 0) in characteristic 13 and
level 856.5 of dimension 5
Bianchi cohomology space of weight Bianchi weight (0 0) in characteristic 17 and
level 856.5 of dimension 10
Bianchi cohomology space of weight Bianchi weight (0 0) in characteristic 53 and
level 856.5 of dimension 5

Bianchi cohomology space of weight Bianchi weight (0 0) in characteristic 2 and 
level 856.7 of dimension 13
Bianchi cohomology space of weight Bianchi weight (0 0) in characteristic 5 and 
level 856.7 of dimension 2
Bianchi cohomology space of weight Bianchi weight (0 0) in characteristic 7 and 
level 856.7 of dimension 1

Wrote class to file!

Bianchi cohomology space of weight Bianchi weight (0 0) in characteristic 13 and
level 856.7 of dimension 2
Bianchi cohomology space of weight Bianchi weight (0 0) in characteristic 17 and
level 856.7 of dimension 4
Bianchi cohomology space of weight Bianchi weight (0 0) in characteristic 53 and
level 856.7 of dimension 1

Bianchi cohomology space of weight Bianchi weight (0 0) in characteristic 2 and 
level 856.6 of dimension 24
Bianchi cohomology space of weight Bianchi weight (0 0) in characteristic 17 and
level 856.6 of dimension 9
Bianchi cohomology space of weight Bianchi weight (0 0) in characteristic 53 and
level 856.6 of dimension 4
Command terminated by signal 15
410129.93user 28467.87system 121:51:12elapsed 99%CPU (0avgtext+0avgdata 3867132maxresident)k
167328inputs+1208outputs (2221major+13239281124minor)pagefaults 0swaps
