nohup: ignoring input
Magma V2.29-3     Fri Jul  3 2026 10:55:33 on orbona   [Seed = 2927878848]
Type ? for help.  Type <Ctrl>-D to quit.

Loading file "scratch.m"
Loading "write_forms.m"
Loading "homology_torsion.m"
Computing H_1 to find nonliftable forms
Finished computing H_1
Bianchi cohomology space of weight Bianchi weight (0 0) in characteristic 2 and 
level 704.2 of dimension 23
Bianchi cohomology space of weight Bianchi weight (0 0) in characteristic 5 and 
level 704.2 of dimension 16
Bianchi cohomology space of weight Bianchi weight (0 0) in characteristic 17 and
level 704.2 of dimension 10

Wrote class to file!


Wrote class to file!


Bianchi cohomology space of weight Bianchi weight (0 0) in characteristic 2 and 
level 706.1 of dimension 15
Bianchi cohomology space of weight Bianchi weight (0 0) in characteristic 11 and
level 706.1 of dimension 1
Bianchi cohomology space of weight Bianchi weight (0 0) in characteristic 467 
and level 706.1 of dimension 1

Wrote class to file!

Bianchi cohomology space of weight Bianchi weight (0 0) in characteristic 1021 
and level 706.1 of dimension 1

Wrote class to file!


Bianchi cohomology space of weight Bianchi weight (0 0) in characteristic 2 and 
level 708.3 of dimension 15
Bianchi cohomology space of weight Bianchi weight (0 0) in characteristic 3 and 
level 708.3 of dimension 6
Bianchi cohomology space of weight Bianchi weight (0 0) in characteristic 11 and
level 708.3 of dimension 4
Bianchi cohomology space of weight Bianchi weight (0 0) in characteristic 13 and
level 708.3 of dimension 2
Bianchi cohomology space of weight Bianchi weight (0 0) in characteristic 17 and
level 708.3 of dimension 1

Wrote class to file!

Bianchi cohomology space of weight Bianchi weight (0 0) in characteristic 29 and
level 708.3 of dimension 1
Bianchi cohomology space of weight Bianchi weight (0 0) in characteristic 37 and
level 708.3 of dimension 3

Bianchi cohomology space of weight Bianchi weight (0 0) in characteristic 2 and 
level 708.1 of dimension 17
Bianchi cohomology space of weight Bianchi weight (0 0) in characteristic 3 and 
level 708.1 of dimension 8
Bianchi cohomology space of weight Bianchi weight (0 0) in characteristic 7 and 
level 708.1 of dimension 5
Bianchi cohomology space of weight Bianchi weight (0 0) in characteristic 11 and
level 708.1 of dimension 4
Bianchi cohomology space of weight Bianchi weight (0 0) in characteristic 13 and
level 708.1 of dimension 4
Bianchi cohomology space of weight Bianchi weight (0 0) in characteristic 29 and
level 708.1 of dimension 3

Bianchi cohomology space of weight Bianchi weight (0 0) in characteristic 2 and 
level 712.2 of dimension 31
Bianchi cohomology space of weight Bianchi weight (0 0) in characteristic 11 and
level 712.2 of dimension 8

Bianchi cohomology space of weight Bianchi weight (0 0) in characteristic 2 and 
level 716.1 of dimension 8
Bianchi cohomology space of weight Bianchi weight (0 0) in characteristic 3 and 
level 716.1 of dimension 2
Bianchi cohomology space of weight Bianchi weight (0 0) in characteristic 5 and 
level 716.1 of dimension 2
Bianchi cohomology space of weight Bianchi weight (0 0) in characteristic 7 and 
level 716.1 of dimension 2
Bianchi cohomology space of weight Bianchi weight (0 0) in characteristic 31 and
level 716.1 of dimension 4

Wrote class to file!

Bianchi cohomology space of weight Bianchi weight (0 0) in characteristic 89 and
level 716.1 of dimension 1

Bianchi cohomology space of weight Bianchi weight (0 0) in characteristic 2 and 
level 722.3 of dimension 22
error: 
ComputeNonliftable(
    d: 2
)
EigenformGaloisRepresentatives(
    B: Bianchi cohomology space of weight Bianchi weight (0 0) in c...
)
Eigenforms(
    B: Bianchi cohomology space of weight Bianchi weight (0 0) in c...
)
CommonGeneralizedEigenspaces(
    A: [ [0 0 0 0 0 0 0 0 0 0 0 0 0 0 0 0 0 0 0 1 0 0] [0 0 0 0 0 0...
)
CommonEigenspaces(
    Q: [ [0 0 0 0 0 0 0 0 0 0 0 0 0 0 0 0 0 0 0 1 0 0] [0 0 0 0 0 0...
)
In file "/usr/sms/share/magma/n/package/Algebra/AlgMat/General/diagonal.m", line
61, column 15:
>>         Append(~eigvals_, ev cat [e[1]]);
                 ^
Runtime error in 'Append': Cannot coerce element into the universe

Bianchi cohomology space of weight Bianchi weight (0 0) in characteristic 3 and 
level 722.3 of dimension 21
Bianchi cohomology space of weight Bianchi weight (0 0) in characteristic 19 and
level 722.3 of dimension 19

Bianchi cohomology space of weight Bianchi weight (0 0) in characteristic 2 and 
level 722.2 of dimension 25
Bianchi cohomology space of weight Bianchi weight (0 0) in characteristic 3 and 
level 722.2 of dimension 10
Bianchi cohomology space of weight Bianchi weight (0 0) in characteristic 47 and
level 722.2 of dimension 8

Bianchi cohomology space of weight Bianchi weight (0 0) in characteristic 2 and 
level 723.2 of dimension 5
Bianchi cohomology space of weight Bianchi weight (0 0) in characteristic 3 and 
level 723.2 of dimension 2

Wrote class to file!

Bianchi cohomology space of weight Bianchi weight (0 0) in characteristic 5 and 
level 723.2 of dimension 1
Bianchi cohomology space of weight Bianchi weight (0 0) in characteristic 11 and
level 723.2 of dimension 1
Bianchi cohomology space of weight Bianchi weight (0 0) in characteristic 373 
and level 723.2 of dimension 1

Wrote class to file!

Bianchi cohomology space of weight Bianchi weight (0 0) in characteristic 1861 
and level 723.2 of dimension 2

Bianchi cohomology space of weight Bianchi weight (0 0) in characteristic 2 and 
level 723.1 of dimension 9
Bianchi cohomology space of weight Bianchi weight (0 0) in characteristic 3 and 
level 723.1 of dimension 6

Wrote class to file!


Wrote class to file!

Bianchi cohomology space of weight Bianchi weight (0 0) in characteristic 5 and 
level 723.1 of dimension 6

Wrote class to file!

Bianchi cohomology space of weight Bianchi weight (0 0) in characteristic 1861 
and level 723.1 of dimension 5

Bianchi cohomology space of weight Bianchi weight (0 0) in characteristic 2 and 
level 726.5 of dimension 39
Bianchi cohomology space of weight Bianchi weight (0 0) in characteristic 3 and 
level 726.5 of dimension 9
Bianchi cohomology space of weight Bianchi weight (0 0) in characteristic 5 and 
level 726.5 of dimension 6
Bianchi cohomology space of weight Bianchi weight (0 0) in characteristic 13 and
level 726.5 of dimension 5

Wrote class to file!


Bianchi cohomology space of weight Bianchi weight (0 0) in characteristic 2 and 
level 726.6 of dimension 37
Bianchi cohomology space of weight Bianchi weight (0 0) in characteristic 5 and 
level 726.6 of dimension 27

Wrote class to file!


Wrote class to file!

Bianchi cohomology space of weight Bianchi weight (0 0) in characteristic 11 and
level 726.6 of dimension 27

Bianchi cohomology space of weight Bianchi weight (0 0) in characteristic 2 and 
level 726.4 of dimension 39
Bianchi cohomology space of weight Bianchi weight (0 0) in characteristic 3 and 
level 726.4 of dimension 27
Bianchi cohomology space of weight Bianchi weight (0 0) in characteristic 5 and 
level 726.4 of dimension 26
Bianchi cohomology space of weight Bianchi weight (0 0) in characteristic 7 and 
level 726.4 of dimension 26

Wrote class to file!


Wrote class to file!

Bianchi cohomology space of weight Bianchi weight (0 0) in characteristic 11 and
level 726.4 of dimension 26

Bianchi cohomology space of weight Bianchi weight (0 0) in characteristic 2 and 
level 729.2 of dimension 26
Bianchi cohomology space of weight Bianchi weight (0 0) in characteristic 3 and 
level 729.2 of dimension 17
Bianchi cohomology space of weight Bianchi weight (0 0) in characteristic 5 and 
level 729.2 of dimension 18
Bianchi cohomology space of weight Bianchi weight (0 0) in characteristic 7 and 
level 729.2 of dimension 17

Wrote class to file!

Bianchi cohomology space of weight Bianchi weight (0 0) in characteristic 17 and
level 729.2 of dimension 17

Wrote class to file!


Bianchi cohomology space of weight Bianchi weight (0 0) in characteristic 2 and 
level 729.3 of dimension 33
Bianchi cohomology space of weight Bianchi weight (0 0) in characteristic 3 and 
level 729.3 of dimension 26
Bianchi cohomology space of weight Bianchi weight (0 0) in characteristic 5 and 
level 729.3 of dimension 25

Wrote class to file!


Wrote class to file!


Wrote class to file!


Bianchi cohomology space of weight Bianchi weight (0 0) in characteristic 2 and 
level 729.4 of dimension 37
Bianchi cohomology space of weight Bianchi weight (0 0) in characteristic 3 and 
level 729.4 of dimension 25

Bianchi cohomology space of weight Bianchi weight (0 0) in characteristic 2 and 
level 729.1 of dimension 21
Bianchi cohomology space of weight Bianchi weight (0 0) in characteristic 3 and 
level 729.1 of dimension 18
Bianchi cohomology space of weight Bianchi weight (0 0) in characteristic 17 and
level 729.1 of dimension 18

Wrote class to file!


Bianchi cohomology space of weight Bianchi weight (0 0) in characteristic 2 and 
level 731.3 of dimension 5
Bianchi cohomology space of weight Bianchi weight (0 0) in characteristic 3 and 
level 731.3 of dimension 2

Wrote class to file!

Bianchi cohomology space of weight Bianchi weight (0 0) in characteristic 7 and 
level 731.3 of dimension 1
Bianchi cohomology space of weight Bianchi weight (0 0) in characteristic 19 and
level 731.3 of dimension 1

Wrote class to file!

Bianchi cohomology space of weight Bianchi weight (0 0) in characteristic 31 and
level 731.3 of dimension 1

Wrote class to file!

Bianchi cohomology space of weight Bianchi weight (0 0) in characteristic 67 and
level 731.3 of dimension 1

Wrote class to file!

Bianchi cohomology space of weight Bianchi weight (0 0) in characteristic 761 
and level 731.3 of dimension 1

Wrote class to file!


Bianchi cohomology space of weight Bianchi weight (0 0) in characteristic 2 and 
level 731.1 of dimension 9
Bianchi cohomology space of weight Bianchi weight (0 0) in characteristic 3 and 
level 731.1 of dimension 1
Bianchi cohomology space of weight Bianchi weight (0 0) in characteristic 5 and 
level 731.1 of dimension 1

Wrote class to file!

Bianchi cohomology space of weight Bianchi weight (0 0) in characteristic 7 and 
level 731.1 of dimension 1
Bianchi cohomology space of weight Bianchi weight (0 0) in characteristic 31 and
level 731.1 of dimension 1

Wrote class to file!

Bianchi cohomology space of weight Bianchi weight (0 0) in characteristic 89 and
level 731.1 of dimension 1

Wrote class to file!

Bianchi cohomology space of weight Bianchi weight (0 0) in characteristic 179 
and level 731.1 of dimension 1

Wrote class to file!


Bianchi cohomology space of weight Bianchi weight (0 0) in characteristic 2 and 
level 737.1 of dimension 11
Bianchi cohomology space of weight Bianchi weight (0 0) in characteristic 3 and 
level 737.1 of dimension 5

Wrote class to file!

Bianchi cohomology space of weight Bianchi weight (0 0) in characteristic 5 and 
level 737.1 of dimension 3
Bianchi cohomology space of weight Bianchi weight (0 0) in characteristic 7 and 
level 737.1 of dimension 3
Bianchi cohomology space of weight Bianchi weight (0 0) in characteristic 11 and
level 737.1 of dimension 4

Wrote class to file!

Bianchi cohomology space of weight Bianchi weight (0 0) in characteristic 787 
and level 737.1 of dimension 3

Wrote class to file!


Bianchi cohomology space of weight Bianchi weight (0 0) in characteristic 2 and 
level 737.2 of dimension 9
Bianchi cohomology space of weight Bianchi weight (0 0) in characteristic 3 and 
level 737.2 of dimension 5
Bianchi cohomology space of weight Bianchi weight (0 0) in characteristic 5 and 
level 737.2 of dimension 2
Bianchi cohomology space of weight Bianchi weight (0 0) in characteristic 11 and
level 737.2 of dimension 2
Bianchi cohomology space of weight Bianchi weight (0 0) in characteristic 617 
and level 737.2 of dimension 2

Wrote class to file!


Bianchi cohomology space of weight Bianchi weight (0 0) in characteristic 2 and 
level 738.6 of dimension 27
Bianchi cohomology space of weight Bianchi weight (0 0) in characteristic 3 and 
level 738.6 of dimension 14
Bianchi cohomology space of weight Bianchi weight (0 0) in characteristic 5 and 
level 738.6 of dimension 7
Bianchi cohomology space of weight Bianchi weight (0 0) in characteristic 11 and
level 738.6 of dimension 8

Bianchi cohomology space of weight Bianchi weight (0 0) in characteristic 2 and 
level 738.4 of dimension 49
Bianchi cohomology space of weight Bianchi weight (0 0) in characteristic 3 and 
level 738.4 of dimension 6
Bianchi cohomology space of weight Bianchi weight (0 0) in characteristic 5 and 
level 738.4 of dimension 3
Bianchi cohomology space of weight Bianchi weight (0 0) in characteristic 11 and
level 738.4 of dimension 4
Bianchi cohomology space of weight Bianchi weight (0 0) in characteristic 19 and
level 738.4 of dimension 4
Command terminated by signal 15
431062.82user 11392.54system 122:54:21elapsed 99%CPU (0avgtext+0avgdata 3459496maxresident)k
0inputs+1568outputs (0major+8235563141minor)pagefaults 0swaps
