nohup: ignoring input
Magma V2.29-3     Fri Jul  3 2026 09:57:57 on escona   [Seed = 3013557373]
Type ? for help.  Type <Ctrl>-D to quit.

Loading file "scratch.m"
Loading "write_forms.m"
Loading "homology_torsion.m"
Computing H_1 to find nonliftable forms
Finished computing H_1
Bianchi cohomology space of weight Bianchi weight (0 0) in characteristic 2 and 
level 301.1 of dimension 5
Bianchi cohomology space of weight Bianchi weight (0 0) in characteristic 3 and 
level 301.1 of dimension 3

Wrote class to file!

Bianchi cohomology space of weight Bianchi weight (0 0) in characteristic 5 and 
level 301.1 of dimension 2
Bianchi cohomology space of weight Bianchi weight (0 0) in characteristic 7 and 
level 301.1 of dimension 1
Bianchi cohomology space of weight Bianchi weight (0 0) in characteristic 13 and
level 301.1 of dimension 2

Wrote class to file!


Wrote class to file!


Bianchi cohomology space of weight Bianchi weight (0 0) in characteristic 2 and 
level 302.4 of dimension 6
Bianchi cohomology space of weight Bianchi weight (0 0) in characteristic 3 and 
level 302.4 of dimension 2
Bianchi cohomology space of weight Bianchi weight (0 0) in characteristic 5 and 
level 302.4 of dimension 4
Bianchi cohomology space of weight Bianchi weight (0 0) in characteristic 11 and
level 302.4 of dimension 2

Bianchi cohomology space of weight Bianchi weight (0 0) in characteristic 2 and 
level 302.2 of dimension 4
Bianchi cohomology space of weight Bianchi weight (0 0) in characteristic 3 and 
level 302.2 of dimension 2
Bianchi cohomology space of weight Bianchi weight (0 0) in characteristic 5 and 
level 302.2 of dimension 3
Bianchi cohomology space of weight Bianchi weight (0 0) in characteristic 11 and
level 302.2 of dimension 2

Bianchi cohomology space of weight Bianchi weight (0 0) in characteristic 2 and 
level 308.3 of dimension 22
Bianchi cohomology space of weight Bianchi weight (0 0) in characteristic 3 and 
level 308.3 of dimension 6
Bianchi cohomology space of weight Bianchi weight (0 0) in characteristic 5 and 
level 308.3 of dimension 5

Bianchi cohomology space of weight Bianchi weight (0 0) in characteristic 2 and 
level 308.1 of dimension 15
Bianchi cohomology space of weight Bianchi weight (0 0) in characteristic 3 and 
level 308.1 of dimension 3
Bianchi cohomology space of weight Bianchi weight (0 0) in characteristic 5 and 
level 308.1 of dimension 2

Wrote class to file!


Bianchi cohomology space of weight Bianchi weight (0 0) in characteristic 2 and 
level 308.2 of dimension 15
Bianchi cohomology space of weight Bianchi weight (0 0) in characteristic 3 and 
level 308.2 of dimension 3
Bianchi cohomology space of weight Bianchi weight (0 0) in characteristic 5 and 
level 308.2 of dimension 1

Bianchi cohomology space of weight Bianchi weight (0 0) in characteristic 2 and 
level 316.4 of dimension 12
Bianchi cohomology space of weight Bianchi weight (0 0) in characteristic 3 and 
level 316.4 of dimension 8
Bianchi cohomology space of weight Bianchi weight (0 0) in characteristic 13 and
level 316.4 of dimension 3

Bianchi cohomology space of weight Bianchi weight (0 0) in characteristic 2 and 
level 316.2 of dimension 10
Bianchi cohomology space of weight Bianchi weight (0 0) in characteristic 3 and 
level 316.2 of dimension 3
Bianchi cohomology space of weight Bianchi weight (0 0) in characteristic 11 and
level 316.2 of dimension 2

Wrote class to file!

Bianchi cohomology space of weight Bianchi weight (0 0) in characteristic 13 and
level 316.2 of dimension 2

Bianchi cohomology space of weight Bianchi weight (0 0) in characteristic 2 and 
level 316.1 of dimension 10
Bianchi cohomology space of weight Bianchi weight (0 0) in characteristic 3 and 
level 316.1 of dimension 5
Bianchi cohomology space of weight Bianchi weight (0 0) in characteristic 13 and
level 316.1 of dimension 4

Bianchi cohomology space of weight Bianchi weight (0 0) in characteristic 2 and 
level 317.2 of dimension 7
Bianchi cohomology space of weight Bianchi weight (0 0) in characteristic 61 and
level 317.2 of dimension 1

Wrote class to file!

Bianchi cohomology space of weight Bianchi weight (0 0) in characteristic 79 and
level 317.2 of dimension 1

Bianchi cohomology space of weight Bianchi weight (0 0) in characteristic 2 and 
level 319.4 of dimension 9
Bianchi cohomology space of weight Bianchi weight (0 0) in characteristic 5 and 
level 319.4 of dimension 1
Bianchi cohomology space of weight Bianchi weight (0 0) in characteristic 7 and 
level 319.4 of dimension 1

Bianchi cohomology space of weight Bianchi weight (0 0) in characteristic 2 and 
level 319.2 of dimension 7
Bianchi cohomology space of weight Bianchi weight (0 0) in characteristic 5 and 
level 319.2 of dimension 1
Bianchi cohomology space of weight Bianchi weight (0 0) in characteristic 7 and 
level 319.2 of dimension 2

Wrote class to file!

Bianchi cohomology space of weight Bianchi weight (0 0) in characteristic 11 and
level 319.2 of dimension 1

Wrote class to file!


Bianchi cohomology space of weight Bianchi weight (0 0) in characteristic 2 and 
level 322.3 of dimension 12
Bianchi cohomology space of weight Bianchi weight (0 0) in characteristic 3 and 
level 322.3 of dimension 8

Wrote class to file!

Bianchi cohomology space of weight Bianchi weight (0 0) in characteristic 5 and 
level 322.3 of dimension 5

Wrote class to file!

Bianchi cohomology space of weight Bianchi weight (0 0) in characteristic 11 and
level 322.3 of dimension 5

Bianchi cohomology space of weight Bianchi weight (0 0) in characteristic 2 and 
level 322.1 of dimension 14
Bianchi cohomology space of weight Bianchi weight (0 0) in characteristic 5 and 
level 322.1 of dimension 5

Wrote class to file!

Bianchi cohomology space of weight Bianchi weight (0 0) in characteristic 11 and
level 322.1 of dimension 5

Bianchi cohomology space of weight Bianchi weight (0 0) in characteristic 2 and 
level 324.1 of dimension 18
Bianchi cohomology space of weight Bianchi weight (0 0) in characteristic 3 and 
level 324.1 of dimension 13

Bianchi cohomology space of weight Bianchi weight (0 0) in characteristic 2 and 
level 324.2 of dimension 28

Bianchi cohomology space of weight Bianchi weight (0 0) in characteristic 2 and 
level 326.1 of dimension 11
Bianchi cohomology space of weight Bianchi weight (0 0) in characteristic 3 and 
level 326.1 of dimension 2

Bianchi cohomology space of weight Bianchi weight (0 0) in characteristic 2 and 
level 326.3 of dimension 10
Bianchi cohomology space of weight Bianchi weight (0 0) in characteristic 3 and 
level 326.3 of dimension 1

Bianchi cohomology space of weight Bianchi weight (0 0) in characteristic 2 and 
level 331.2 of dimension 2
Bianchi cohomology space of weight Bianchi weight (0 0) in characteristic 3 and 
level 331.2 of dimension 1
Bianchi cohomology space of weight Bianchi weight (0 0) in characteristic 5 and 
level 331.2 of dimension 2

Wrote class to file!

Bianchi cohomology space of weight Bianchi weight (0 0) in characteristic 11 and
level 331.2 of dimension 1
Bianchi cohomology space of weight Bianchi weight (0 0) in characteristic 2063 
and level 331.2 of dimension 1

Wrote class to file!


Bianchi cohomology space of weight Bianchi weight (0 0) in characteristic 2 and 
level 333.2 of dimension 8
Bianchi cohomology space of weight Bianchi weight (0 0) in characteristic 3 and 
level 333.2 of dimension 1

Bianchi cohomology space of weight Bianchi weight (0 0) in characteristic 2 and 
level 337.1 of dimension 5
Bianchi cohomology space of weight Bianchi weight (0 0) in characteristic 3 and 
level 337.1 of dimension 1
Bianchi cohomology space of weight Bianchi weight (0 0) in characteristic 7 and 
level 337.1 of dimension 1
Bianchi cohomology space of weight Bianchi weight (0 0) in characteristic 53 and
level 337.1 of dimension 1

Wrote class to file!


Bianchi cohomology space of weight Bianchi weight (0 0) in characteristic 2 and 
level 338.2 of dimension 15
Bianchi cohomology space of weight Bianchi weight (0 0) in characteristic 3 and 
level 338.2 of dimension 3

Wrote class to file!

Bianchi cohomology space of weight Bianchi weight (0 0) in characteristic 7 and 
level 338.2 of dimension 3

Bianchi cohomology space of weight Bianchi weight (0 0) in characteristic 2 and 
level 343.1 of dimension 8
Bianchi cohomology space of weight Bianchi weight (0 0) in characteristic 3 and 
level 343.1 of dimension 7
Bianchi cohomology space of weight Bianchi weight (0 0) in characteristic 7 and 
level 343.1 of dimension 8

Bianchi cohomology space of weight Bianchi weight (0 0) in characteristic 2 and 
level 344.3 of dimension 17
Bianchi cohomology space of weight Bianchi weight (0 0) in characteristic 5 and 
level 344.3 of dimension 10
Bianchi cohomology space of weight Bianchi weight (0 0) in characteristic 7 and 
level 344.3 of dimension 9
Bianchi cohomology space of weight Bianchi weight (0 0) in characteristic 23 and
level 344.3 of dimension 10

Bianchi cohomology space of weight Bianchi weight (0 0) in characteristic 2 and 
level 344.7 of dimension 9
Bianchi cohomology space of weight Bianchi weight (0 0) in characteristic 3 and 
level 344.7 of dimension 4
Bianchi cohomology space of weight Bianchi weight (0 0) in characteristic 5 and 
level 344.7 of dimension 7
Bianchi cohomology space of weight Bianchi weight (0 0) in characteristic 7 and 
level 344.7 of dimension 4
Bianchi cohomology space of weight Bianchi weight (0 0) in characteristic 11 and
level 344.7 of dimension 4

Wrote class to file!


Bianchi cohomology space of weight Bianchi weight (0 0) in characteristic 2 and 
level 344.8 of dimension 13
Bianchi cohomology space of weight Bianchi weight (0 0) in characteristic 5 and 
level 344.8 of dimension 4
Bianchi cohomology space of weight Bianchi weight (0 0) in characteristic 7 and 
level 344.8 of dimension 4
Bianchi cohomology space of weight Bianchi weight (0 0) in characteristic 23 and
level 344.8 of dimension 5

Bianchi cohomology space of weight Bianchi weight (0 0) in characteristic 2 and 
level 344.4 of dimension 16
Bianchi cohomology space of weight Bianchi weight (0 0) in characteristic 5 and 
level 344.4 of dimension 10
Bianchi cohomology space of weight Bianchi weight (0 0) in characteristic 7 and 
level 344.4 of dimension 8

Bianchi cohomology space of weight Bianchi weight (0 0) in characteristic 2 and 
level 347.1 of dimension 2
Bianchi cohomology space of weight Bianchi weight (0 0) in characteristic 5 and 
level 347.1 of dimension 1

Wrote class to file!

Bianchi cohomology space of weight Bianchi weight (0 0) in characteristic 173 
and level 347.1 of dimension 1
Bianchi cohomology space of weight Bianchi weight (0 0) in characteristic 199 
and level 347.1 of dimension 1

Wrote class to file!


Bianchi cohomology space of weight Bianchi weight (0 0) in characteristic 2 and 
level 350.2 of dimension 15
Bianchi cohomology space of weight Bianchi weight (0 0) in characteristic 3 and 
level 350.2 of dimension 9
Bianchi cohomology space of weight Bianchi weight (0 0) in characteristic 5 and 
level 350.2 of dimension 10

Bianchi cohomology space of weight Bianchi weight (0 0) in characteristic 2 and 
level 352.11 of dimension 17
Bianchi cohomology space of weight Bianchi weight (0 0) in characteristic 3 and 
level 352.11 of dimension 11
Bianchi cohomology space of weight Bianchi weight (0 0) in characteristic 5 and 
level 352.11 of dimension 8

Bianchi cohomology space of weight Bianchi weight (0 0) in characteristic 2 and 
level 352.9 of dimension 30
Bianchi cohomology space of weight Bianchi weight (0 0) in characteristic 5 and 
level 352.9 of dimension 17

Bianchi cohomology space of weight Bianchi weight (0 0) in characteristic 2 and 
level 352.10 of dimension 26
Bianchi cohomology space of weight Bianchi weight (0 0) in characteristic 3 and 
level 352.10 of dimension 13

Wrote class to file!

Bianchi cohomology space of weight Bianchi weight (0 0) in characteristic 5 and 
level 352.10 of dimension 13

Bianchi cohomology space of weight Bianchi weight (0 0) in characteristic 2 and 
level 352.12 of dimension 17
Bianchi cohomology space of weight Bianchi weight (0 0) in characteristic 5 and 
level 352.12 of dimension 8

Bianchi cohomology space of weight Bianchi weight (0 0) in characteristic 2 and 
level 352.8 of dimension 31
Bianchi cohomology space of weight Bianchi weight (0 0) in characteristic 5 and 
level 352.8 of dimension 13

Bianchi cohomology space of weight Bianchi weight (0 0) in characteristic 2 and 
level 352.7 of dimension 31
Bianchi cohomology space of weight Bianchi weight (0 0) in characteristic 5 and 
level 352.7 of dimension 15

Wrote class to file!


Bianchi cohomology space of weight Bianchi weight (0 0) in characteristic 2 and 
level 358.1 of dimension 4
Bianchi cohomology space of weight Bianchi weight (0 0) in characteristic 3 and 
level 358.1 of dimension 1
Bianchi cohomology space of weight Bianchi weight (0 0) in characteristic 7 and 
level 358.1 of dimension 1

Wrote class to file!

Bianchi cohomology space of weight Bianchi weight (0 0) in characteristic 89 and
level 358.1 of dimension 1

Bianchi cohomology space of weight Bianchi weight (0 0) in characteristic 2 and 
level 358.3 of dimension 4
Bianchi cohomology space of weight Bianchi weight (0 0) in characteristic 3 and 
level 358.3 of dimension 1
Bianchi cohomology space of weight Bianchi weight (0 0) in characteristic 89 and
level 358.3 of dimension 1
Bianchi cohomology space of weight Bianchi weight (0 0) in characteristic 199 
and level 358.3 of dimension 1

Wrote class to file!


Bianchi cohomology space of weight Bianchi weight (0 0) in characteristic 2 and 
level 359.2 of dimension 4
Bianchi cohomology space of weight Bianchi weight (0 0) in characteristic 19 and
level 359.2 of dimension 1

Wrote class to file!

Bianchi cohomology space of weight Bianchi weight (0 0) in characteristic 179 
and level 359.2 of dimension 1
Bianchi cohomology space of weight Bianchi weight (0 0) in characteristic 181 
and level 359.2 of dimension 1

Wrote class to file!


Bianchi cohomology space of weight Bianchi weight (0 0) in characteristic 2 and 
level 361.1 of dimension 8
Bianchi cohomology space of weight Bianchi weight (0 0) in characteristic 3 and 
level 361.1 of dimension 2
Bianchi cohomology space of weight Bianchi weight (0 0) in characteristic 5 and 
level 361.1 of dimension 3

Bianchi cohomology space of weight Bianchi weight (0 0) in characteristic 2 and 
level 368.10 of dimension 12
Bianchi cohomology space of weight Bianchi weight (0 0) in characteristic 5 and 
level 368.10 of dimension 3

Wrote class to file!

Bianchi cohomology space of weight Bianchi weight (0 0) in characteristic 11 and
level 368.10 of dimension 3

Bianchi cohomology space of weight Bianchi weight (0 0) in characteristic 2 and 
level 368.4 of dimension 20
Bianchi cohomology space of weight Bianchi weight (0 0) in characteristic 3 and 
level 368.4 of dimension 10

Wrote class to file!

Bianchi cohomology space of weight Bianchi weight (0 0) in characteristic 7 and 
level 368.4 of dimension 11
Bianchi cohomology space of weight Bianchi weight (0 0) in characteristic 11 and
level 368.4 of dimension 10

Bianchi cohomology space of weight Bianchi weight (0 0) in characteristic 2 and 
level 368.6 of dimension 22
Bianchi cohomology space of weight Bianchi weight (0 0) in characteristic 3 and 
level 368.6 of dimension 9
Bianchi cohomology space of weight Bianchi weight (0 0) in characteristic 11 and
level 368.6 of dimension 9

Bianchi cohomology space of weight Bianchi weight (0 0) in characteristic 2 and 
level 368.2 of dimension 12
Bianchi cohomology space of weight Bianchi weight (0 0) in characteristic 7 and 
level 368.2 of dimension 9

Wrote class to file!

Bianchi cohomology space of weight Bianchi weight (0 0) in characteristic 11 and
level 368.2 of dimension 7

Bianchi cohomology space of weight Bianchi weight (0 0) in characteristic 2 and 
level 368.3 of dimension 21
Bianchi cohomology space of weight Bianchi weight (0 0) in characteristic 3 and 
level 368.3 of dimension 6
Bianchi cohomology space of weight Bianchi weight (0 0) in characteristic 11 and
level 368.3 of dimension 5

Bianchi cohomology space of weight Bianchi weight (0 0) in characteristic 2 and 
level 371.1 of dimension 11
Bianchi cohomology space of weight Bianchi weight (0 0) in characteristic 3 and 
level 371.1 of dimension 2

Wrote class to file!

Bianchi cohomology space of weight Bianchi weight (0 0) in characteristic 13 and
level 371.1 of dimension 1

Bianchi cohomology space of weight Bianchi weight (0 0) in characteristic 2 and 
level 373.1 of dimension 3
Bianchi cohomology space of weight Bianchi weight (0 0) in characteristic 3 and 
level 373.1 of dimension 1
Bianchi cohomology space of weight Bianchi weight (0 0) in characteristic 7 and 
level 373.1 of dimension 1

Wrote class to file!

Bianchi cohomology space of weight Bianchi weight (0 0) in characteristic 31 and
level 373.1 of dimension 2

Wrote class to file!

Bianchi cohomology space of weight Bianchi weight (0 0) in characteristic 67 and
level 373.1 of dimension 1

Wrote class to file!


Bianchi cohomology space of weight Bianchi weight (0 0) in characteristic 2 and 
level 379.2 of dimension 2
Bianchi cohomology space of weight Bianchi weight (0 0) in characteristic 3 and 
level 379.2 of dimension 1
Bianchi cohomology space of weight Bianchi weight (0 0) in characteristic 7 and 
level 379.2 of dimension 2

Wrote class to file!

Bianchi cohomology space of weight Bianchi weight (0 0) in characteristic 71 and
level 379.2 of dimension 1

Wrote class to file!

Bianchi cohomology space of weight Bianchi weight (0 0) in characteristic 379 
and level 379.2 of dimension 1

Wrote class to file!


Bianchi cohomology space of weight Bianchi weight (0 0) in characteristic 2 and 
level 382.2 of dimension 4
Bianchi cohomology space of weight Bianchi weight (0 0) in characteristic 3 and 
level 382.2 of dimension 1

Wrote class to file!

Bianchi cohomology space of weight Bianchi weight (0 0) in characteristic 5 and 
level 382.2 of dimension 1
Bianchi cohomology space of weight Bianchi weight (0 0) in characteristic 11 and
level 382.2 of dimension 2
Bianchi cohomology space of weight Bianchi weight (0 0) in characteristic 19 and
level 382.2 of dimension 1
Bianchi cohomology space of weight Bianchi weight (0 0) in characteristic 67 and
level 382.2 of dimension 1

Wrote class to file!


Bianchi cohomology space of weight Bianchi weight (0 0) in characteristic 2 and 
level 382.1 of dimension 6
Bianchi cohomology space of weight Bianchi weight (0 0) in characteristic 5 and 
level 382.1 of dimension 2

Wrote class to file!

Bianchi cohomology space of weight Bianchi weight (0 0) in characteristic 11 and
level 382.1 of dimension 2
Bianchi cohomology space of weight Bianchi weight (0 0) in characteristic 19 and
level 382.1 of dimension 1
Bianchi cohomology space of weight Bianchi weight (0 0) in characteristic 43 and
level 382.1 of dimension 1

Wrote class to file!


Bianchi cohomology space of weight Bianchi weight (0 0) in characteristic 2 and 
level 386.3 of dimension 9
Bianchi cohomology space of weight Bianchi weight (0 0) in characteristic 3 and 
level 386.3 of dimension 1
Bianchi cohomology space of weight Bianchi weight (0 0) in characteristic 41 and
level 386.3 of dimension 1

Wrote class to file!


Bianchi cohomology space of weight Bianchi weight (0 0) in characteristic 2 and 
level 386.1 of dimension 11
Bianchi cohomology space of weight Bianchi weight (0 0) in characteristic 3 and 
level 386.1 of dimension 1
Bianchi cohomology space of weight Bianchi weight (0 0) in characteristic 19 and
level 386.1 of dimension 1

Wrote class to file!


Bianchi cohomology space of weight Bianchi weight (0 0) in characteristic 2 and 
level 387.1 of dimension 5
Bianchi cohomology space of weight Bianchi weight (0 0) in characteristic 3 and 
level 387.1 of dimension 1
Bianchi cohomology space of weight Bianchi weight (0 0) in characteristic 5 and 
level 387.1 of dimension 3

Wrote class to file!

Bianchi cohomology space of weight Bianchi weight (0 0) in characteristic 7 and 
level 387.1 of dimension 2

Wrote class to file!

Bianchi cohomology space of weight Bianchi weight (0 0) in characteristic 13 and
level 387.1 of dimension 1

Wrote class to file!


Bianchi cohomology space of weight Bianchi weight (0 0) in characteristic 2 and 
level 389.2 of dimension 3
Bianchi cohomology space of weight Bianchi weight (0 0) in characteristic 19 and
level 389.2 of dimension 1

Wrote class to file!

Bianchi cohomology space of weight Bianchi weight (0 0) in characteristic 73 and
level 389.2 of dimension 1

Wrote class to file!

Bianchi cohomology space of weight Bianchi weight (0 0) in characteristic 97 and
level 389.2 of dimension 1

Bianchi cohomology space of weight Bianchi weight (0 0) in characteristic 2 and 
level 392.2 of dimension 34

Bianchi cohomology space of weight Bianchi weight (0 0) in characteristic 2 and 
level 392.1 of dimension 22
Bianchi cohomology space of weight Bianchi weight (0 0) in characteristic 3 and 
level 392.1 of dimension 13

Bianchi cohomology space of weight Bianchi weight (0 0) in characteristic 2 and 
level 394.1 of dimension 5
Bianchi cohomology space of weight Bianchi weight (0 0) in characteristic 5 and 
level 394.1 of dimension 1

Wrote class to file!

Bianchi cohomology space of weight Bianchi weight (0 0) in characteristic 7 and 
level 394.1 of dimension 2
Bianchi cohomology space of weight Bianchi weight (0 0) in characteristic 13 and
level 394.1 of dimension 2
Bianchi cohomology space of weight Bianchi weight (0 0) in characteristic 41 and
level 394.1 of dimension 1

Wrote class to file!


Bianchi cohomology space of weight Bianchi weight (0 0) in characteristic 2 and 
level 394.2 of dimension 7
Bianchi cohomology space of weight Bianchi weight (0 0) in characteristic 7 and 
level 394.2 of dimension 2
Bianchi cohomology space of weight Bianchi weight (0 0) in characteristic 13 and
level 394.2 of dimension 2
Bianchi cohomology space of weight Bianchi weight (0 0) in characteristic 31 and
level 394.2 of dimension 1

Wrote class to file!


Bianchi cohomology space of weight Bianchi weight (0 0) in characteristic 2 and 
level 396.4 of dimension 26
Bianchi cohomology space of weight Bianchi weight (0 0) in characteristic 5 and 
level 396.4 of dimension 7

Bianchi cohomology space of weight Bianchi weight (0 0) in characteristic 2 and 
level 396.2 of dimension 17
Bianchi cohomology space of weight Bianchi weight (0 0) in characteristic 3 and 
level 396.2 of dimension 3
Bianchi cohomology space of weight Bianchi weight (0 0) in characteristic 5 and 
level 396.2 of dimension 3

Bianchi cohomology space of weight Bianchi weight (0 0) in characteristic 2 and 
level 396.6 of dimension 15
Bianchi cohomology space of weight Bianchi weight (0 0) in characteristic 5 and 
level 396.6 of dimension 3

Bianchi cohomology space of weight Bianchi weight (0 0) in characteristic 2 and 
level 400.5 of dimension 20
Bianchi cohomology space of weight Bianchi weight (0 0) in characteristic 3 and 
level 400.5 of dimension 6

Bianchi cohomology space of weight Bianchi weight (0 0) in characteristic 2 and 
level 400.2 of dimension 31
Bianchi cohomology space of weight Bianchi weight (0 0) in characteristic 3 and 
level 400.2 of dimension 6

Bianchi cohomology space of weight Bianchi weight (0 0) in characteristic 2 and 
level 400.3 of dimension 37
Bianchi cohomology space of weight Bianchi weight (0 0) in characteristic 3 and 
level 400.3 of dimension 5

Bianchi cohomology space of weight Bianchi weight (0 0) in characteristic 2 and 
level 401.2 of dimension 5
Bianchi cohomology space of weight Bianchi weight (0 0) in characteristic 5 and 
level 401.2 of dimension 1
Bianchi cohomology space of weight Bianchi weight (0 0) in characteristic 11 and
level 401.2 of dimension 1

Wrote class to file!

Bianchi cohomology space of weight Bianchi weight (0 0) in characteristic 347 
and level 401.2 of dimension 1

Wrote class to file!


Bianchi cohomology space of weight Bianchi weight (0 0) in characteristic 2 and 
level 406.3 of dimension 10
Bianchi cohomology space of weight Bianchi weight (0 0) in characteristic 3 and 
level 406.3 of dimension 5

Wrote class to file!

Bianchi cohomology space of weight Bianchi weight (0 0) in characteristic 7 and 
level 406.3 of dimension 2

Wrote class to file!


Bianchi cohomology space of weight Bianchi weight (0 0) in characteristic 2 and 
level 406.4 of dimension 12
Bianchi cohomology space of weight Bianchi weight (0 0) in characteristic 3 and 
level 406.4 of dimension 4
Bianchi cohomology space of weight Bianchi weight (0 0) in characteristic 7 and 
level 406.4 of dimension 1
Bianchi cohomology space of weight Bianchi weight (0 0) in characteristic 11 and
level 406.4 of dimension 1

Wrote class to file!


Bianchi cohomology space of weight Bianchi weight (0 0) in characteristic 2 and 
level 407.4 of dimension 5
Bianchi cohomology space of weight Bianchi weight (0 0) in characteristic 3 and 
level 407.4 of dimension 1
Bianchi cohomology space of weight Bianchi weight (0 0) in characteristic 5 and 
level 407.4 of dimension 1
Bianchi cohomology space of weight Bianchi weight (0 0) in characteristic 7 and 
level 407.4 of dimension 2

Wrote class to file!


Bianchi cohomology space of weight Bianchi weight (0 0) in characteristic 2 and 
level 407.3 of dimension 5
Bianchi cohomology space of weight Bianchi weight (0 0) in characteristic 3 and 
level 407.3 of dimension 1
Bianchi cohomology space of weight Bianchi weight (0 0) in characteristic 5 and 
level 407.3 of dimension 1
Bianchi cohomology space of weight Bianchi weight (0 0) in characteristic 23 and
level 407.3 of dimension 1

Wrote class to file!


Bianchi cohomology space of weight Bianchi weight (0 0) in characteristic 2 and 
level 414.4 of dimension 18
Bianchi cohomology space of weight Bianchi weight (0 0) in characteristic 5 and 
level 414.4 of dimension 2
Bianchi cohomology space of weight Bianchi weight (0 0) in characteristic 11 and
level 414.4 of dimension 1

Bianchi cohomology space of weight Bianchi weight (0 0) in characteristic 2 and 
level 414.3 of dimension 14
Bianchi cohomology space of weight Bianchi weight (0 0) in characteristic 5 and 
level 414.3 of dimension 4
Bianchi cohomology space of weight Bianchi weight (0 0) in characteristic 11 and
level 414.3 of dimension 4

Bianchi cohomology space of weight Bianchi weight (0 0) in characteristic 2 and 
level 421.2 of dimension 3
Bianchi cohomology space of weight Bianchi weight (0 0) in characteristic 3 and 
level 421.2 of dimension 1
Bianchi cohomology space of weight Bianchi weight (0 0) in characteristic 5 and 
level 421.2 of dimension 1
Bianchi cohomology space of weight Bianchi weight (0 0) in characteristic 7 and 
level 421.2 of dimension 2
Bianchi cohomology space of weight Bianchi weight (0 0) in characteristic 17 and
level 421.2 of dimension 1

Wrote class to file!


Bianchi cohomology space of weight Bianchi weight (0 0) in characteristic 2 and 
level 422.2 of dimension 6
Bianchi cohomology space of weight Bianchi weight (0 0) in characteristic 3 and 
level 422.2 of dimension 3
Bianchi cohomology space of weight Bianchi weight (0 0) in characteristic 5 and 
level 422.2 of dimension 1
Bianchi cohomology space of weight Bianchi weight (0 0) in characteristic 7 and 
level 422.2 of dimension 1
Bianchi cohomology space of weight Bianchi weight (0 0) in characteristic 29 and
level 422.2 of dimension 1

Wrote class to file!

Bianchi cohomology space of weight Bianchi weight (0 0) in characteristic 443 
and level 422.2 of dimension 2

Bianchi cohomology space of weight Bianchi weight (0 0) in characteristic 2 and 
level 422.1 of dimension 6
Bianchi cohomology space of weight Bianchi weight (0 0) in characteristic 3 and 
level 422.1 of dimension 3
Bianchi cohomology space of weight Bianchi weight (0 0) in characteristic 5 and 
level 422.1 of dimension 3
Bianchi cohomology space of weight Bianchi weight (0 0) in characteristic 7 and 
level 422.1 of dimension 4

Wrote class to file!

Bianchi cohomology space of weight Bianchi weight (0 0) in characteristic 443 
and level 422.1 of dimension 4

Bianchi cohomology space of weight Bianchi weight (0 0) in characteristic 2 and 
level 424.1 of dimension 19
Bianchi cohomology space of weight Bianchi weight (0 0) in characteristic 5 and 
level 424.1 of dimension 2

Wrote class to file!

Bianchi cohomology space of weight Bianchi weight (0 0) in characteristic 13 and
level 424.1 of dimension 2

Bianchi cohomology space of weight Bianchi weight (0 0) in characteristic 2 and 
level 424.4 of dimension 28
Bianchi cohomology space of weight Bianchi weight (0 0) in characteristic 3 and 
level 424.4 of dimension 1
Bianchi cohomology space of weight Bianchi weight (0 0) in characteristic 13 and
level 424.4 of dimension 1

Bianchi cohomology space of weight Bianchi weight (0 0) in characteristic 2 and 
level 424.6 of dimension 29
Bianchi cohomology space of weight Bianchi weight (0 0) in characteristic 3 and 
level 424.6 of dimension 1
Bianchi cohomology space of weight Bianchi weight (0 0) in characteristic 13 and
level 424.6 of dimension 1

Bianchi cohomology space of weight Bianchi weight (0 0) in characteristic 2 and 
level 424.7 of dimension 21
Bianchi cohomology space of weight Bianchi weight (0 0) in characteristic 13 and
level 424.7 of dimension 3

Bianchi cohomology space of weight Bianchi weight (0 0) in characteristic 2 and 
level 428.2 of dimension 8
Bianchi cohomology space of weight Bianchi weight (0 0) in characteristic 5 and 
level 428.2 of dimension 1

Wrote class to file!

Bianchi cohomology space of weight Bianchi weight (0 0) in characteristic 13 and
level 428.2 of dimension 1

Wrote class to file!

Bianchi cohomology space of weight Bianchi weight (0 0) in characteristic 17 and
level 428.2 of dimension 3
Bianchi cohomology space of weight Bianchi weight (0 0) in characteristic 53 and
level 428.2 of dimension 1

Bianchi cohomology space of weight Bianchi weight (0 0) in characteristic 2 and 
level 428.4 of dimension 14
Bianchi cohomology space of weight Bianchi weight (0 0) in characteristic 17 and
level 428.4 of dimension 5
Bianchi cohomology space of weight Bianchi weight (0 0) in characteristic 53 and
level 428.4 of dimension 2

Bianchi cohomology space of weight Bianchi weight (0 0) in characteristic 2 and 
level 428.6 of dimension 10
Bianchi cohomology space of weight Bianchi weight (0 0) in characteristic 17 and
level 428.6 of dimension 3
Bianchi cohomology space of weight Bianchi weight (0 0) in characteristic 53 and
level 428.6 of dimension 1

Bianchi cohomology space of weight Bianchi weight (0 0) in characteristic 2 and 
level 431.2 of dimension 4
Bianchi cohomology space of weight Bianchi weight (0 0) in characteristic 5 and 
level 431.2 of dimension 3
Bianchi cohomology space of weight Bianchi weight (0 0) in characteristic 43 and
level 431.2 of dimension 3
Bianchi cohomology space of weight Bianchi weight (0 0) in characteristic 3347 
and level 431.2 of dimension 3

Wrote class to file!


Bianchi cohomology space of weight Bianchi weight (0 0) in characteristic 2 and 
level 436.3 of dimension 17
Bianchi cohomology space of weight Bianchi weight (0 0) in characteristic 3 and 
level 436.3 of dimension 6

Bianchi cohomology space of weight Bianchi weight (0 0) in characteristic 2 and 
level 436.6 of dimension 8
Bianchi cohomology space of weight Bianchi weight (0 0) in characteristic 3 and 
level 436.6 of dimension 4
Bianchi cohomology space of weight Bianchi weight (0 0) in characteristic 23 and
level 436.6 of dimension 1

Wrote class to file!


Bianchi cohomology space of weight Bianchi weight (0 0) in characteristic 2 and 
level 436.2 of dimension 11
Bianchi cohomology space of weight Bianchi weight (0 0) in characteristic 3 and 
level 436.2 of dimension 5
Bianchi cohomology space of weight Bianchi weight (0 0) in characteristic 17 and
level 436.2 of dimension 3

Wrote class to file!


Bianchi cohomology space of weight Bianchi weight (0 0) in characteristic 2 and 
level 441.1 of dimension 18
Bianchi cohomology space of weight Bianchi weight (0 0) in characteristic 3 and 
level 441.1 of dimension 12

Bianchi cohomology space of weight Bianchi weight (0 0) in characteristic 2 and 
level 443.2 of dimension 6
Bianchi cohomology space of weight Bianchi weight (0 0) in characteristic 13 and
level 443.2 of dimension 1
Bianchi cohomology space of weight Bianchi weight (0 0) in characteristic 17 and
level 443.2 of dimension 1

Bianchi cohomology space of weight Bianchi weight (0 0) in characteristic 2 and 
level 448.7 of dimension 25
Bianchi cohomology space of weight Bianchi weight (0 0) in characteristic 3 and 
level 448.7 of dimension 12

Bianchi cohomology space of weight Bianchi weight (0 0) in characteristic 2 and 
level 448.2 of dimension 38

Bianchi cohomology space of weight Bianchi weight (0 0) in characteristic 2 and 
level 448.3 of dimension 41

Bianchi cohomology space of weight Bianchi weight (0 0) in characteristic 2 and 
level 448.4 of dimension 43

Bianchi cohomology space of weight Bianchi weight (0 0) in characteristic 2 and 
level 449.1 of dimension 4
Bianchi cohomology space of weight Bianchi weight (0 0) in characteristic 7 and 
level 449.1 of dimension 1
Bianchi cohomology space of weight Bianchi weight (0 0) in characteristic 274283
and level 449.1 of dimension 1

Wrote class to file!


Bianchi cohomology space of weight Bianchi weight (0 0) in characteristic 2 and 
level 450.1 of dimension 26
Bianchi cohomology space of weight Bianchi weight (0 0) in characteristic 3 and 
level 450.1 of dimension 3

Bianchi cohomology space of weight Bianchi weight (0 0) in characteristic 2 and 
level 452.5 of dimension 17
Bianchi cohomology space of weight Bianchi weight (0 0) in characteristic 7 and 
level 452.5 of dimension 5

Bianchi cohomology space of weight Bianchi weight (0 0) in characteristic 2 and 
level 452.3 of dimension 23
Bianchi cohomology space of weight Bianchi weight (0 0) in characteristic 3 and 
level 452.3 of dimension 5
Bianchi cohomology space of weight Bianchi weight (0 0) in characteristic 7 and 
level 452.3 of dimension 5
Bianchi cohomology space of weight Bianchi weight (0 0) in characteristic 19 and
level 452.3 of dimension 5

Bianchi cohomology space of weight Bianchi weight (0 0) in characteristic 2 and 
level 452.1 of dimension 9
Bianchi cohomology space of weight Bianchi weight (0 0) in characteristic 3 and 
level 452.1 of dimension 1
Bianchi cohomology space of weight Bianchi weight (0 0) in characteristic 7 and 
level 452.1 of dimension 1
Bianchi cohomology space of weight Bianchi weight (0 0) in characteristic 19 and
level 452.1 of dimension 2

Bianchi cohomology space of weight Bianchi weight (0 0) in characteristic 2 and 
level 457.1 of dimension 6
Bianchi cohomology space of weight Bianchi weight (0 0) in characteristic 3 and 
level 457.1 of dimension 1
Bianchi cohomology space of weight Bianchi weight (0 0) in characteristic 13 and
level 457.1 of dimension 1

Wrote class to file!

Bianchi cohomology space of weight Bianchi weight (0 0) in characteristic 19 and
level 457.1 of dimension 1

Bianchi cohomology space of weight Bianchi weight (0 0) in characteristic 2 and 
level 463.2 of dimension 2
Bianchi cohomology space of weight Bianchi weight (0 0) in characteristic 3 and 
level 463.2 of dimension 1
Bianchi cohomology space of weight Bianchi weight (0 0) in characteristic 7 and 
level 463.2 of dimension 1
Bianchi cohomology space of weight Bianchi weight (0 0) in characteristic 11 and
level 463.2 of dimension 1
Bianchi cohomology space of weight Bianchi weight (0 0) in characteristic 23 and
level 463.2 of dimension 1

Wrote class to file!

Bianchi cohomology space of weight Bianchi weight (0 0) in characteristic 21701 
and level 463.2 of dimension 1

Wrote class to file!


Bianchi cohomology space of weight Bianchi weight (0 0) in characteristic 2 and 
level 464.8 of dimension 26
Bianchi cohomology space of weight Bianchi weight (0 0) in characteristic 3 and 
level 464.8 of dimension 2
Bianchi cohomology space of weight Bianchi weight (0 0) in characteristic 5 and 
level 464.8 of dimension 1

Wrote class to file!

Bianchi cohomology space of weight Bianchi weight (0 0) in characteristic 7 and 
level 464.8 of dimension 1

Bianchi cohomology space of weight Bianchi weight (0 0) in characteristic 2 and 
level 464.6 of dimension 27
Bianchi cohomology space of weight Bianchi weight (0 0) in characteristic 3 and 
level 464.6 of dimension 3
Bianchi cohomology space of weight Bianchi weight (0 0) in characteristic 7 and 
level 464.6 of dimension 3

Bianchi cohomology space of weight Bianchi weight (0 0) in characteristic 2 and 
level 464.1 of dimension 21
Bianchi cohomology space of weight Bianchi weight (0 0) in characteristic 7 and 
level 464.1 of dimension 3

Bianchi cohomology space of weight Bianchi weight (0 0) in characteristic 2 and 
level 464.2 of dimension 16
Bianchi cohomology space of weight Bianchi weight (0 0) in characteristic 3 and 
level 464.2 of dimension 5

Wrote class to file!

Bianchi cohomology space of weight Bianchi weight (0 0) in characteristic 7 and 
level 464.2 of dimension 5
Bianchi cohomology space of weight Bianchi weight (0 0) in characteristic 11 and
level 464.2 of dimension 6

Bianchi cohomology space of weight Bianchi weight (0 0) in characteristic 2 and 
level 464.7 of dimension 28
Bianchi cohomology space of weight Bianchi weight (0 0) in characteristic 7 and 
level 464.7 of dimension 4
Bianchi cohomology space of weight Bianchi weight (0 0) in characteristic 11 and
level 464.7 of dimension 5

Bianchi cohomology space of weight Bianchi weight (0 0) in characteristic 2 and 
level 466.4 of dimension 13
Bianchi cohomology space of weight Bianchi weight (0 0) in characteristic 3 and 
level 466.4 of dimension 4
Bianchi cohomology space of weight Bianchi weight (0 0) in characteristic 29 and
level 466.4 of dimension 3

Bianchi cohomology space of weight Bianchi weight (0 0) in characteristic 2 and 
level 466.2 of dimension 8
Bianchi cohomology space of weight Bianchi weight (0 0) in characteristic 3 and 
level 466.2 of dimension 3
Bianchi cohomology space of weight Bianchi weight (0 0) in characteristic 29 and
level 466.2 of dimension 1

Bianchi cohomology space of weight Bianchi weight (0 0) in characteristic 2 and 
level 469.1 of dimension 7
Bianchi cohomology space of weight Bianchi weight (0 0) in characteristic 3 and 
level 469.1 of dimension 2
Bianchi cohomology space of weight Bianchi weight (0 0) in characteristic 11 and
level 469.1 of dimension 2
Bianchi cohomology space of weight Bianchi weight (0 0) in characteristic 47 and
level 469.1 of dimension 1

Wrote class to file!


Bianchi cohomology space of weight Bianchi weight (0 0) in characteristic 2 and 
level 473.2 of dimension 5
Bianchi cohomology space of weight Bianchi weight (0 0) in characteristic 3 and 
level 473.2 of dimension 2
Bianchi cohomology space of weight Bianchi weight (0 0) in characteristic 5 and 
level 473.2 of dimension 3
Bianchi cohomology space of weight Bianchi weight (0 0) in characteristic 7 and 
level 473.2 of dimension 3

Wrote class to file!


Bianchi cohomology space of weight Bianchi weight (0 0) in characteristic 2 and 
level 473.4 of dimension 8
Bianchi cohomology space of weight Bianchi weight (0 0) in characteristic 3 and 
level 473.4 of dimension 2
Bianchi cohomology space of weight Bianchi weight (0 0) in characteristic 5 and 
level 473.4 of dimension 3
Bianchi cohomology space of weight Bianchi weight (0 0) in characteristic 7 and 
level 473.4 of dimension 2
Bianchi cohomology space of weight Bianchi weight (0 0) in characteristic 11 and
level 473.4 of dimension 2

Wrote class to file!


Bianchi cohomology space of weight Bianchi weight (0 0) in characteristic 2 and 
level 477.2 of dimension 15
Bianchi cohomology space of weight Bianchi weight (0 0) in characteristic 7 and 
level 477.2 of dimension 1

Wrote class to file!

Bianchi cohomology space of weight Bianchi weight (0 0) in characteristic 13 and
level 477.2 of dimension 1

Bianchi cohomology space of weight Bianchi weight (0 0) in characteristic 2 and 
level 478.1 of dimension 5
Bianchi cohomology space of weight Bianchi weight (0 0) in characteristic 3 and 
level 478.1 of dimension 2
Bianchi cohomology space of weight Bianchi weight (0 0) in characteristic 7 and 
level 478.1 of dimension 2
Bianchi cohomology space of weight Bianchi weight (0 0) in characteristic 17 and
level 478.1 of dimension 2
Bianchi cohomology space of weight Bianchi weight (0 0) in characteristic 19 and
level 478.1 of dimension 3

Bianchi cohomology space of weight Bianchi weight (0 0) in characteristic 2 and 
level 478.3 of dimension 4
Bianchi cohomology space of weight Bianchi weight (0 0) in characteristic 5 and 
level 478.3 of dimension 1
Bianchi cohomology space of weight Bianchi weight (0 0) in characteristic 7 and 
level 478.3 of dimension 1
Bianchi cohomology space of weight Bianchi weight (0 0) in characteristic 17 and
level 478.3 of dimension 1
Bianchi cohomology space of weight Bianchi weight (0 0) in characteristic 19 and
level 478.3 of dimension 2

Bianchi cohomology space of weight Bianchi weight (0 0) in characteristic 2 and 
level 484.5 of dimension 31
Bianchi cohomology space of weight Bianchi weight (0 0) in characteristic 3 and 
level 484.5 of dimension 12
Bianchi cohomology space of weight Bianchi weight (0 0) in characteristic 5 and 
level 484.5 of dimension 10

Bianchi cohomology space of weight Bianchi weight (0 0) in characteristic 2 and 
level 484.3 of dimension 24
Bianchi cohomology space of weight Bianchi weight (0 0) in characteristic 3 and 
level 484.3 of dimension 18
Bianchi cohomology space of weight Bianchi weight (0 0) in characteristic 5 and 
level 484.3 of dimension 18

Bianchi cohomology space of weight Bianchi weight (0 0) in characteristic 2 and 
level 484.1 of dimension 23
Bianchi cohomology space of weight Bianchi weight (0 0) in characteristic 3 and 
level 484.1 of dimension 18
Bianchi cohomology space of weight Bianchi weight (0 0) in characteristic 5 and 
level 484.1 of dimension 18

Bianchi cohomology space of weight Bianchi weight (0 0) in characteristic 2 and 
level 484.4 of dimension 33
Bianchi cohomology space of weight Bianchi weight (0 0) in characteristic 5 and 
level 484.4 of dimension 27

Bianchi cohomology space of weight Bianchi weight (0 0) in characteristic 2 and 
level 484.2 of dimension 23
Bianchi cohomology space of weight Bianchi weight (0 0) in characteristic 3 and 
level 484.2 of dimension 6
Bianchi cohomology space of weight Bianchi weight (0 0) in characteristic 5 and 
level 484.2 of dimension 6

Bianchi cohomology space of weight Bianchi weight (0 0) in characteristic 2 and 
level 487.1 of dimension 2
Bianchi cohomology space of weight Bianchi weight (0 0) in characteristic 3 and 
level 487.1 of dimension 1
Bianchi cohomology space of weight Bianchi weight (0 0) in characteristic 47 and
level 487.1 of dimension 1

Wrote class to file!

Bianchi cohomology space of weight Bianchi weight (0 0) in characteristic 4909 
and level 487.1 of dimension 1

Wrote class to file!


Bianchi cohomology space of weight Bianchi weight (0 0) in characteristic 2 and 
level 491.2 of dimension 3

Wrote class to file!

Bianchi cohomology space of weight Bianchi weight (0 0) in characteristic 5 and 
level 491.2 of dimension 2

Wrote class to file!

Bianchi cohomology space of weight Bianchi weight (0 0) in characteristic 7 and 
level 491.2 of dimension 1
Bianchi cohomology space of weight Bianchi weight (0 0) in characteristic 23 and
level 491.2 of dimension 1

Wrote class to file!


Bianchi cohomology space of weight Bianchi weight (0 0) in characteristic 2 and 
level 497.1 of dimension 5
Bianchi cohomology space of weight Bianchi weight (0 0) in characteristic 3 and 
level 497.1 of dimension 1
Bianchi cohomology space of weight Bianchi weight (0 0) in characteristic 5 and 
level 497.1 of dimension 1
Bianchi cohomology space of weight Bianchi weight (0 0) in characteristic 7 and 
level 497.1 of dimension 2

Wrote class to file!

Bianchi cohomology space of weight Bianchi weight (0 0) in characteristic 107 
and level 497.1 of dimension 1

Wrote class to file!

Bianchi cohomology space of weight Bianchi weight (0 0) in characteristic 379 
and level 497.1 of dimension 1

Wrote class to file!


Bianchi cohomology space of weight Bianchi weight (0 0) in characteristic 2 and 
level 499.2 of dimension 7

Wrote class to file!

Bianchi cohomology space of weight Bianchi weight (0 0) in characteristic 3 and 
level 499.2 of dimension 1
Bianchi cohomology space of weight Bianchi weight (0 0) in characteristic 83 and
level 499.2 of dimension 1
Bianchi cohomology space of weight Bianchi weight (0 0) in characteristic 7757 
and level 499.2 of dimension 1

Wrote class to file!




Total time: 135736.380 seconds, Total memory usage: 1549.50MB
135696.60user 39.85system 37:42:17elapsed 99%CPU (0avgtext+0avgdata 1589856maxresident)k
24inputs+4952outputs (0major+28262254minor)pagefaults 0swaps
