nohup: ignoring input
Magma V2.29-3     Mon Jul  6 2026 08:00:56 on azdona   [Seed = 187414446]
Type ? for help.  Type <Ctrl>-D to quit.

Loading file "scratch.m"
Loading "write_forms.m"
Loading "homology_torsion.m"
Computing H_1 to find nonliftable forms
Finished computing H_1
Bianchi cohomology space of weight Bianchi weight (0 0) in characteristic 2 and 
level 971.2 of dimension 2
Bianchi cohomology space of weight Bianchi weight (0 0) in characteristic 5 and 
level 971.2 of dimension 1
Bianchi cohomology space of weight Bianchi weight (0 0) in characteristic 17 and
level 971.2 of dimension 1

Wrote class to file!

Bianchi cohomology space of weight Bianchi weight (0 0) in characteristic 19 and
level 971.2 of dimension 1

Wrote class to file!

Bianchi cohomology space of weight Bianchi weight (0 0) in characteristic 31 and
level 971.2 of dimension 1

Wrote class to file!

Bianchi cohomology space of weight Bianchi weight (0 0) in characteristic 97 and
level 971.2 of dimension 1
Bianchi cohomology space of weight Bianchi weight (0 0) in characteristic 512429
and level 971.2 of dimension 1

Wrote class to file!


Bianchi cohomology space of weight Bianchi weight (0 0) in characteristic 2 and 
level 972.1 of dimension 42
Bianchi cohomology space of weight Bianchi weight (0 0) in characteristic 3 and 
level 972.1 of dimension 40

Bianchi cohomology space of weight Bianchi weight (0 0) in characteristic 2 and 
level 972.5 of dimension 60
Bianchi cohomology space of weight Bianchi weight (0 0) in characteristic 3 and 
level 972.5 of dimension 49
Bianchi cohomology space of weight Bianchi weight (0 0) in characteristic 5 and 
level 972.5 of dimension 46

Bianchi cohomology space of weight Bianchi weight (0 0) in characteristic 2 and 
level 972.4 of dimension 68
Bianchi cohomology space of weight Bianchi weight (0 0) in characteristic 3 and 
level 972.4 of dimension 56

Bianchi cohomology space of weight Bianchi weight (0 0) in characteristic 2 and 
level 977.2 of dimension 4
Bianchi cohomology space of weight Bianchi weight (0 0) in characteristic 13 and
level 977.2 of dimension 1

Wrote class to file!

Bianchi cohomology space of weight Bianchi weight (0 0) in characteristic 31 and
level 977.2 of dimension 1

Wrote class to file!

Bianchi cohomology space of weight Bianchi weight (0 0) in characteristic 61 and
level 977.2 of dimension 1
Bianchi cohomology space of weight Bianchi weight (0 0) in characteristic 151 
and level 977.2 of dimension 1

Wrote class to file!

Bianchi cohomology space of weight Bianchi weight (0 0) in characteristic 293 
and level 977.2 of dimension 1

Wrote class to file!


Bianchi cohomology space of weight Bianchi weight (0 0) in characteristic 2 and 
level 978.2 of dimension 19
Bianchi cohomology space of weight Bianchi weight (0 0) in characteristic 3 and 
level 978.2 of dimension 9
Bianchi cohomology space of weight Bianchi weight (0 0) in characteristic 5 and 
level 978.2 of dimension 7
Bianchi cohomology space of weight Bianchi weight (0 0) in characteristic 7 and 
level 978.2 of dimension 7
Bianchi cohomology space of weight Bianchi weight (0 0) in characteristic 31 and
level 978.2 of dimension 7
Bianchi cohomology space of weight Bianchi weight (0 0) in characteristic 41 and
level 978.2 of dimension 7
Bianchi cohomology space of weight Bianchi weight (0 0) in characteristic 229 
and level 978.2 of dimension 6

Bianchi cohomology space of weight Bianchi weight (0 0) in characteristic 2 and 
level 978.1 of dimension 17
Bianchi cohomology space of weight Bianchi weight (0 0) in characteristic 3 and 
level 978.1 of dimension 12
Bianchi cohomology space of weight Bianchi weight (0 0) in characteristic 5 and 
level 978.1 of dimension 4
Bianchi cohomology space of weight Bianchi weight (0 0) in characteristic 7 and 
level 978.1 of dimension 6
Bianchi cohomology space of weight Bianchi weight (0 0) in characteristic 13 and
level 978.1 of dimension 4
Bianchi cohomology space of weight Bianchi weight (0 0) in characteristic 43 and
level 978.1 of dimension 4

Wrote class to file!

Bianchi cohomology s
Wrote class to file!


Bianchi cohomology space of weight Bianchi weight (0 0) in characteristic 2 and 
level 979.3 of dimension 6
Bianchi cohomology space of weight Bianchi weight (0 0) in characteristic 3 and 
level 979.3 of dimension 2
Bianchi cohomology space of weight Bianchi weight (0 0) in characteristic 5 and 
level 979.3 of dimension 4

Wrote class to file!

Bianchi cohomology space of weight Bianchi weight (0 0) in characteristic 11 and
level 979.3 of dimension 4
Bianchi cohomology space of weight Bianchi weight (0 0) in characteristic 13 and
level 979.3 of dimension 2

Wrote class to file!

Bianchi cohomology space of weight Bianchi weight (0 0) in characteristic 97 and
level 979.3 of dimension 2

Wrote class to file!

Bianchi cohomology space of weight Bianchi weight (0 0) in characteristic 137 
and level 979.3 of dimension 2

Wrote class to file!




Total time: 284902.739 seconds, Total memory usage: 4004.62MB
264067.61user 20835.25system 79:08:28elapsed 99%CPU (0avgtext+0avgdata 4094984maxresident)k
176inputs+768outputs (0major+12506751423minor)pagefaults 0swaps
