nohup: ignoring input
Magma V2.29-3     Fri Jul  3 2026 10:45:21 on borona   [Seed = 3096830243]
Type ? for help.  Type <Ctrl>-D to quit.

Loading file "scratch.m"
Loading "write_forms.m"
Loading "homology_torsion.m"
Computing H_1 to find nonliftable forms
Finished computing H_1
Bianchi cohomology space of weight Bianchi weight (0 0) in characteristic 2 and 
level 701.1 of dimension 2
Bianchi cohomology space of weight Bianchi weight (0 0) in characteristic 5 and 
level 701.1 of dimension 1
Bianchi cohomology space of weight Bianchi weight (0 0) in characteristic 7 and 
level 701.1 of dimension 2

Wrote class to file!


Bianchi cohomology space of weight Bianchi weight (0 0) in characteristic 2 and 
level 706.2 of dimension 11
Bianchi cohomology space of weight Bianchi weight (0 0) in characteristic 11 and
level 706.2 of dimension 1

Bianchi cohomology space of weight Bianchi weight (0 0) in characteristic 2 and 
level 709.1 of dimension 4
Bianchi cohomology space of weight Bianchi weight (0 0) in characteristic 3 and 
level 709.1 of dimension 3
Bianchi cohomology space of weight Bianchi weight (0 0) in characteristic 59 and
level 709.1 of dimension 3
Bianchi cohomology space of weight Bianchi weight (0 0) in characteristic 197 
and level 709.1 of dimension 3

Wrote class to file!


Bianchi cohomology space of weight Bianchi weight (0 0) in characteristic 2 and 
level 712.1 of dimension 5
Bianchi cohomology space of weight Bianchi weight (0 0) in characteristic 7 and 
level 712.1 of dimension 3
Bianchi cohomology space of weight Bianchi weight (0 0) in characteristic 11 and
level 712.1 of dimension 1

Bianchi cohomology space of weight Bianchi weight (0 0) in characteristic 2 and 
level 720.1 of dimension 18
Bianchi cohomology space of weight Bianchi weight (0 0) in characteristic 3 and 
level 720.1 of dimension 6

Wrote class to file!


Bianchi cohomology space of weight Bianchi weight (0 0) in characteristic 2 and 
level 722.1 of dimension 11
Bianchi cohomology space of weight Bianchi weight (0 0) in characteristic 5 and 
level 722.1 of dimension 6

Bianchi cohomology space of weight Bianchi weight (0 0) in characteristic 2 and 
level 724.1 of dimension 6
Bianchi cohomology space of weight Bianchi weight (0 0) in characteristic 3 and 
level 724.1 of dimension 4
Bianchi cohomology space of weight Bianchi weight (0 0) in characteristic 5 and 
level 724.1 of dimension 3
Bianchi cohomology space of weight Bianchi weight (0 0) in characteristic 13 and
level 724.1 of dimension 3

Wrote class to file!


Bianchi cohomology space of weight Bianchi weight (0 0) in characteristic 2 and 
level 725.5 of dimension 8
Bianchi cohomology space of weight Bianchi weight (0 0) in characteristic 3 and 
level 725.5 of dimension 5
Bianchi cohomology space of weight Bianchi weight (0 0) in characteristic 7 and 
level 725.5 of dimension 5

Bianchi cohomology space of weight Bianchi weight (0 0) in characteristic 2 and 
level 725.1 of dimension 9
Bianchi cohomology space of weight Bianchi weight (0 0) in characteristic 3 and 
level 725.1 of dimension 4

Wrote class to file!

Bianchi cohomology space of weight Bianchi weight (0 0) in characteristic 7 and 
level 725.1 of dimension 4

Bianchi cohomology space of weight Bianchi weight (0 0) in characteristic 2 and 
level 725.3 of dimension 11
Bianchi cohomology space of weight Bianchi weight (0 0) in characteristic 7 and 
level 725.3 of dimension 3

Bianchi cohomology space of weight Bianchi weight (0 0) in characteristic 2 and 
level 729.1 of dimension 10
Bianchi cohomology space of weight Bianchi weight (0 0) in characteristic 3 and 
level 729.1 of dimension 7

Bianchi cohomology space of weight Bianchi weight (0 0) in characteristic 2 and 
level 730.1 of dimension 10
Bianchi cohomology space of weight Bianchi weight (0 0) in characteristic 3 and 
level 730.1 of dimension 2

Bianchi cohomology space of weight Bianchi weight (0 0) in characteristic 2 and 
level 730.3 of dimension 6
Bianchi cohomology space of weight Bianchi weight (0 0) in characteristic 3 and 
level 730.3 of dimension 2
Bianchi cohomology space of weight Bianchi weight (0 0) in characteristic 7 and 
level 730.3 of dimension 1

Wrote class to file!

Bianchi cohomology space of weight Bianchi weight (0 0) in characteristic 17 and
level 730.3 of dimension 1

Wrote class to file!


Bianchi cohomology space of weight Bianchi weight (0 0) in characteristic 2 and 
level 733.2 of dimension 4
Bianchi cohomology space of weight Bianchi weight (0 0) in characteristic 3 and 
level 733.2 of dimension 1
Bianchi cohomology space of weight Bianchi weight (0 0) in characteristic 19 and
level 733.2 of dimension 1

Wrote class to file!

Bianchi cohomology space of weight Bianchi weight (0 0) in characteristic 23 and
level 733.2 of dimension 1

Wrote class to file!

Bianchi cohomology space of weight Bianchi weight (0 0) in characteristic 61 and
level 733.2 of dimension 1

Bianchi cohomology space of weight Bianchi weight (0 0) in characteristic 2 and 
level 738.2 of dimension 11
Bianchi cohomology space of weight Bianchi weight (0 0) in characteristic 3 and 
level 738.2 of dimension 1
Bianchi cohomology space of weight Bianchi weight (0 0) in characteristic 5 and 
level 738.2 of dimension 2

Bianchi cohomology space of weight Bianchi weight (0 0) in characteristic 2 and 
level 740.3 of dimension 11
Bianchi cohomology space of weight Bianchi weight (0 0) in characteristic 3 and 
level 740.3 of dimension 2

Bianchi cohomology space of weight Bianchi weight (0 0) in characteristic 2 and 
level 740.4 of dimension 8
Bianchi cohomology space of weight Bianchi weight (0 0) in characteristic 3 and 
level 740.4 of dimension 4
Bianchi cohomology space of weight Bianchi weight (0 0) in characteristic 5 and 
level 740.4 of dimension 2

Wrote class to file!


Bianchi cohomology space of weight Bianchi weight (0 0) in characteristic 2 and 
level 745.3 of dimension 8
Bianchi cohomology space of weight Bianchi weight (0 0) in characteristic 37 and
level 745.3 of dimension 1

Bianchi cohomology space of weight Bianchi weight (0 0) in characteristic 2 and 
level 745.1 of dimension 4
Bianchi cohomology space of weight Bianchi weight (0 0) in characteristic 19 and
level 745.1 of dimension 1

Wrote class to file!

Bianchi cohomology space of weight Bianchi weight (0 0) in characteristic 37 and
level 745.1 of dimension 1
Bianchi cohomology space of weight Bianchi weight (0 0) in characteristic 107 
and level 745.1 of dimension 1

Wrote class to file!


Bianchi cohomology space of weight Bianchi weight (0 0) in characteristic 2 and 
level 746.1 of dimension 4
Bianchi cohomology space of weight Bianchi weight (0 0) in characteristic 3 and 
level 746.1 of dimension 3

Wrote class to file!

Bianchi cohomology space of weight Bianchi weight (0 0) in characteristic 31 and
level 746.1 of dimension 2
Bianchi cohomology space of weight Bianchi weight (0 0) in characteristic 41 and
level 746.1 of dimension 3



Total time: 73131.570 seconds, Total memory usage: 1459.12MB
73104.74user 26.88system 20:18:52elapsed 99%CPU (0avgtext+0avgdata 1517260maxresident)k
0inputs+816outputs (0major+13948675minor)pagefaults 0swaps
