nohup: ignoring input
Magma V2.29-3     Fri Jul  3 2026 13:29:50 on albona   [Seed = 3163676300]
Type ? for help.  Type <Ctrl>-D to quit.

Loading file "scratch.m"
Loading "write_forms.m"
Loading "homology_torsion.m"
Computing H_1 to find nonliftable forms
Finished computing H_1
Bianchi cohomology space of weight Bianchi weight (0 0) in characteristic 2 and 
level 974.4 of dimension 4
Bianchi cohomology space of weight Bianchi weight (0 0) in characteristic 3 and 
level 974.4 of dimension 2

Wrote class to file!

Bianchi cohomology space of weight Bianchi weight (0 0) in characteristic 5 and 
level 974.4 of dimension 1

Wrote class to file!

Bianchi cohomology space of weight Bianchi weight (0 0) in characteristic 17 and
level 974.4 of dimension 1

Wrote class to file!

Bianchi cohomology space of weight Bianchi weight (0 0) in characteristic 47 and
level 974.4 of dimension 3

Wrote class to file!

Bianchi cohomology space of weight Bianchi weight (0 0) in characteristic 4909 
and level 974.4 of dimension 2

Bianchi cohomology space of weight Bianchi weight (0 0) in characteristic 2 and 
level 974.3 of dimension 7

Wrote class to file!

Bianchi cohomology space of weight Bianchi weight (0 0) in characteristic 3 and 
level 974.3 of dimension 1
Bianchi cohomology space of weight Bianchi weight (0 0) in characteristic 17 and
level 974.3 of dimension 1

Wrote class to file!

Bianchi cohomology space of weight Bianchi weight (0 0) in characteristic 47 and
level 974.3 of dimension 2
Bianchi cohomology space of weight Bianchi weight (0 0) in characteristic 4909 
and level 974.3 of dimension 2

Bianchi cohomology space of weight Bianchi weight (0 0) in characteristic 2 and 
level 977.1 of dimension 20
Bianchi cohomology space of weight Bianchi weight (0 0) in characteristic 61 and
level 977.1 of dimension 2

Wrote class to file!




Total time: 70304.220 seconds, Total memory usage: 3410.03MB
59306.26user 10998.05system 19:31:52elapsed 99%CPU (0avgtext+0avgdata 3404684maxresident)k
0inputs+240outputs (0major+4999671265minor)pagefaults 0swaps
