nohup: ignoring input
Magma V2.29-3     Mon Jul  6 2026 08:11:45 on esbona   [Seed = 1059040956]
Type ? for help.  Type <Ctrl>-D to quit.

Loading file "scratch.m"
Loading "write_forms.m"
Loading "homology_torsion.m"
Computing H_1 to find nonliftable forms
Finished computing H_1
Bianchi cohomology space of weight Bianchi weight (0 0) in characteristic 2 and 
level 944.1 of dimension 10
Bianchi cohomology space of weight Bianchi weight (0 0) in characteristic 3 and 
level 944.1 of dimension 4
Bianchi cohomology space of weight Bianchi weight (0 0) in characteristic 5 and 
level 944.1 of dimension 2
Bianchi cohomology space of weight Bianchi weight (0 0) in characteristic 19 and
level 944.1 of dimension 2
Bianchi cohomology space of weight Bianchi weight (0 0) in characteristic 29 and
level 944.1 of dimension 2

Wrote class to file!

Bianchi cohomology space of weight Bianchi weight (0 0) in characteristic 37 and
level 944.1 of dimension 2
Bianchi cohomology space of weight Bianchi weight (0 0) in characteristic 811 
and level 944.1 of dimension 1

Wrote class to file!

Bianchi cohomology space of weight Bianchi weight (0 0) in characteristic 929 
and level 944.1 of dimension 1

Wrote class to file!


Bianchi cohomology space of weight Bianchi weight (0 0) in characteristic 2 and 
level 947.1 of dimension 2
Bianchi cohomology space of weight Bianchi weight (0 0) in characteristic 3 and 
level 947.1 of dimension 3

Wrote class to file!


Wrote class to file!

Bianchi cohomology space of weight Bianchi weight (0 0) in characteristic 7 and 
level 947.1 of dimension 1

Wrote class to file!

Bianchi cohomology space of weight Bianchi weight (0 0) in characteristic 11 and
level 947.1 of dimension 1
Bianchi cohomology space of weight Bianchi weight (0 0) in characteristic 29 and
level 947.1 of dimension 2

Wrote class to file!

Bianchi cohomology space of weight Bianchi weight (0 0) in characteristic 43 and
level 947.1 of dimension 1
Bianchi cohomology space of weight Bianchi weight (0 0) in characteristic 8161 
and level 947.1 of dimension 1

Wrote class to file!

Bianchi cohomology space of weight Bianchi weight (0 0) in characteristic 43607 
and level 947.1 of dimension 1

Wrote class to file!




Total time: 92240.539 seconds, Total memory usage: 2601.50MB
89047.58user 3193.00system 25:37:20elapsed 100%CPU (0avgtext+0avgdata 2621948maxresident)k
0inputs+280outputs (0major+2084773541minor)pagefaults 0swaps
